Apr  2 06:25:12 raspberrypi rsyslogd: [origin software="rsyslogd" swVersion="5.8.11" x-pid="1869" x-info="http://www.rsyslog.com"] rsyslogd was HUPed
Apr  2 07:14:22 raspberrypi shutdown[3538]: shutting down for system halt
Apr  2 07:14:39 raspberrypi kernel: imklog 5.8.11, log source = /proc/kmsg started.
Apr  2 07:14:39 raspberrypi rsyslogd: [origin software="rsyslogd" swVersion="5.8.11" x-pid="1870" x-info="http://www.rsyslog.com"] start
Apr  2 07:14:39 raspberrypi kernel: [    0.000000] Booting Linux on physical CPU 0x0
Apr  2 07:14:39 raspberrypi kernel: [    0.000000] Initializing cgroup subsys cpu
Apr  2 07:14:39 raspberrypi kernel: [    0.000000] Initializing cgroup subsys cpuacct
Apr  2 07:14:39 raspberrypi kernel: [    0.000000] Linux version 3.10.33+ (dc4@dc4-arm-01) (gcc version 4.7.2 20120731 (prerelease) (crosstool-NG linaro-1.13.1+bzr2458 - Linaro GCC 2012.08) ) #654 PREEMPT Fri Mar 7 16:32:08 GMT 2014
Apr  2 07:14:39 raspberrypi kernel: [    0.000000] CPU: ARMv6-compatible processor [410fb767] revision 7 (ARMv7), cr=00c5387d
Apr  2 07:14:39 raspberrypi kernel: [    0.000000] CPU: PIPT / VIPT nonaliasing data cache, VIPT nonaliasing instruction cache
Apr  2 07:14:39 raspberrypi kernel: [    0.000000] Machine: BCM2708
Apr  2 07:14:39 raspberrypi kernel: [    0.000000] cma: CMA: reserved 16 MiB at 1e000000
Apr  2 07:14:39 raspberrypi kernel: [    0.000000] Memory policy: ECC disabled, Data cache writeback
Apr  2 07:14:39 raspberrypi kernel: [    0.000000] Built 1 zonelists in Zone order, mobility grouping on.  Total pages: 125984
Apr  2 07:14:39 raspberrypi kernel: [    0.000000] Kernel command line: dma.dmachans=0x7f35 bcm2708_fb.fbwidth=656 bcm2708_fb.fbheight=416 bcm2708.boardrev=0xe bcm2708.serial=0x161a10fb smsc95xx.macaddr=B8:27:EB:1A:10:FB sdhci-bcm2708.emmc_clock_freq=250000000 vc_mem.mem_base=0x1fa00000 vc_mem.mem_size=0x20000000  dwc_otg.lpm_enable=0 console=ttyAMA0,115200 kgdboc=ttyAMA0,115200 console=tty1 root=/dev/mmcblk0p2 rootfstype=ext4 elevator=deadline rootwait
Apr  2 07:14:39 raspberrypi kernel: [    0.000000] PID hash table entries: 2048 (order: 1, 8192 bytes)
Apr  2 07:14:39 raspberrypi kernel: [    0.000000] Dentry cache hash table entries: 65536 (order: 6, 262144 bytes)
Apr  2 07:14:39 raspberrypi kernel: [    0.000000] Inode-cache hash table entries: 32768 (order: 5, 131072 bytes)
Apr  2 07:14:39 raspberrypi kernel: [    0.000000] Memory: 496MB = 496MB total
Apr  2 07:14:39 raspberrypi kernel: [    0.000000] Memory: 480416k/480416k available, 27488k reserved, 0K highmem
Apr  2 07:14:39 raspberrypi kernel: [    0.000000] Virtual kernel memory layout:
Apr  2 07:14:39 raspberrypi kernel: [    0.000000]     vector  : 0xffff0000 - 0xffff1000   (   4 kB)
Apr  2 07:14:39 raspberrypi kernel: [    0.000000]     fixmap  : 0xfff00000 - 0xfffe0000   ( 896 kB)
Apr  2 07:14:39 raspberrypi kernel: [    0.000000]     vmalloc : 0xdf800000 - 0xff000000   ( 504 MB)
Apr  2 07:14:39 raspberrypi kernel: [    0.000000]     lowmem  : 0xc0000000 - 0xdf000000   ( 496 MB)
Apr  2 07:14:39 raspberrypi kernel: [    0.000000]     modules : 0xbf000000 - 0xc0000000   (  16 MB)
Apr  2 07:14:39 raspberrypi kernel: [    0.000000]       .text : 0xc0008000 - 0xc05737e4   (5550 kB)
Apr  2 07:14:39 raspberrypi kernel: [    0.000000]       .init : 0xc0574000 - 0xc0598364   ( 145 kB)
Apr  2 07:14:39 raspberrypi kernel: [    0.000000]       .data : 0xc059a000 - 0xc05d29d0   ( 227 kB)
Apr  2 07:14:39 raspberrypi kernel: [    0.000000]        .bss : 0xc05d29d0 - 0xc067dbc0   ( 685 kB)
Apr  2 07:14:39 raspberrypi kernel: [    0.000000] SLUB: HWalign=32, Order=0-3, MinObjects=0, CPUs=1, Nodes=1
Apr  2 07:14:39 raspberrypi kernel: [    0.000000] Preemptible hierarchical RCU implementation.
Apr  2 07:14:39 raspberrypi kernel: [    0.000000] NR_IRQS:330
Apr  2 07:14:39 raspberrypi kernel: [    0.000000] sched_clock: 32 bits at 1000kHz, resolution 1000ns, wraps every 4294967ms
Apr  2 07:14:39 raspberrypi kernel: [    0.000000] Switching to timer-based delay loop
Apr  2 07:14:39 raspberrypi kernel: [    0.000000] Console: colour dummy device 80x30
Apr  2 07:14:39 raspberrypi kernel: [    0.000000] console [tty1] enabled
Apr  2 07:14:39 raspberrypi kernel: [    0.001160] Calibrating delay loop (skipped), value calculated using timer frequency.. 2.00 BogoMIPS (lpj=10000)
Apr  2 07:14:39 raspberrypi kernel: [    0.001222] pid_max: default: 32768 minimum: 301
Apr  2 07:14:39 raspberrypi kernel: [    0.001693] Mount-cache hash table entries: 512
Apr  2 07:14:39 raspberrypi kernel: [    0.002495] Initializing cgroup subsys memory
Apr  2 07:14:39 raspberrypi kernel: [    0.002597] Initializing cgroup subsys devices
Apr  2 07:14:39 raspberrypi kernel: [    0.002636] Initializing cgroup subsys freezer
Apr  2 07:14:39 raspberrypi kernel: [    0.002668] Initializing cgroup subsys blkio
Apr  2 07:14:39 raspberrypi kernel: [    0.002824] CPU: Testing write buffer coherency: ok
Apr  2 07:14:39 raspberrypi kernel: [    0.003290] Setting up static identity map for 0xc04068a8 - 0xc0406904
Apr  2 07:14:39 raspberrypi kernel: [    0.005047] devtmpfs: initialized
Apr  2 07:14:39 raspberrypi kernel: [    0.019390] NET: Registered protocol family 16
Apr  2 07:14:39 raspberrypi kernel: [    0.025326] DMA: preallocated 4096 KiB pool for atomic coherent allocations
Apr  2 07:14:39 raspberrypi kernel: [    0.026434] bcm2708.uart_clock = 0
Apr  2 07:14:39 raspberrypi kernel: [    0.028153] hw-breakpoint: found 6 breakpoint and 1 watchpoint registers.
Apr  2 07:14:39 raspberrypi kernel: [    0.028208] hw-breakpoint: maximum watchpoint size is 4 bytes.
Apr  2 07:14:39 raspberrypi kernel: [    0.028245] mailbox: Broadcom VideoCore Mailbox driver
Apr  2 07:14:39 raspberrypi kernel: [    0.028341] bcm2708_vcio: mailbox at f200b880
Apr  2 07:14:39 raspberrypi kernel: [    0.028444] bcm_power: Broadcom power driver
Apr  2 07:14:39 raspberrypi kernel: [    0.028484] bcm_power_open() -> 0
Apr  2 07:14:39 raspberrypi kernel: [    0.028511] bcm_power_request(0, 8)
Apr  2 07:14:39 raspberrypi kernel: [    0.529225] bcm_mailbox_read -> 00000080, 0
Apr  2 07:14:39 raspberrypi kernel: [    0.529267] bcm_power_request -> 0
Apr  2 07:14:39 raspberrypi kernel: [    0.529489] Serial: AMBA PL011 UART driver
Apr  2 07:14:39 raspberrypi kernel: [    0.529631] dev:f1: ttyAMA0 at MMIO 0x20201000 (irq = 83) is a PL011 rev3
Apr  2 07:14:39 raspberrypi kernel: [    0.871771] console [ttyAMA0] enabled
Apr  2 07:14:39 raspberrypi kernel: [    0.897778] bio: create slab <bio-0> at 0
Apr  2 07:14:39 raspberrypi kernel: [    0.903074] SCSI subsystem initialized
Apr  2 07:14:39 raspberrypi kernel: [    0.907058] usbcore: registered new interface driver usbfs
Apr  2 07:14:39 raspberrypi kernel: [    0.912769] usbcore: registered new interface driver hub
Apr  2 07:14:39 raspberrypi kernel: [    0.918317] usbcore: registered new device driver usb
Apr  2 07:14:39 raspberrypi kernel: [    0.924875] Switching to clocksource stc
Apr  2 07:14:39 raspberrypi kernel: [    0.929205] FS-Cache: Loaded
Apr  2 07:14:39 raspberrypi kernel: [    0.932369] CacheFiles: Loaded
Apr  2 07:14:39 raspberrypi kernel: [    0.947829] NET: Registered protocol family 2
Apr  2 07:14:39 raspberrypi kernel: [    0.953229] TCP established hash table entries: 4096 (order: 3, 32768 bytes)
Apr  2 07:14:39 raspberrypi kernel: [    0.960493] TCP bind hash table entries: 4096 (order: 2, 16384 bytes)
Apr  2 07:14:39 raspberrypi kernel: [    0.967017] TCP: Hash tables configured (established 4096 bind 4096)
Apr  2 07:14:39 raspberrypi kernel: [    0.973498] TCP: reno registered
Apr  2 07:14:39 raspberrypi kernel: [    0.976757] UDP hash table entries: 256 (order: 0, 4096 bytes)
Apr  2 07:14:39 raspberrypi kernel: [    0.982670] UDP-Lite hash table entries: 256 (order: 0, 4096 bytes)
Apr  2 07:14:39 raspberrypi kernel: [    0.989404] NET: Registered protocol family 1
Apr  2 07:14:39 raspberrypi kernel: [    0.994323] RPC: Registered named UNIX socket transport module.
Apr  2 07:14:39 raspberrypi kernel: [    1.000384] RPC: Registered udp transport module.
Apr  2 07:14:39 raspberrypi kernel: [    1.005112] RPC: Registered tcp transport module.
Apr  2 07:14:39 raspberrypi kernel: [    1.009862] RPC: Registered tcp NFSv4.1 backchannel transport module.
Apr  2 07:14:39 raspberrypi kernel: [    1.017220] bcm2708_dma: DMA manager at f2007000
Apr  2 07:14:39 raspberrypi kernel: [    1.022041] bcm2708_gpio: bcm2708_gpio_probe c05a7e50
Apr  2 07:14:39 raspberrypi kernel: [    1.027508] vc-mem: phys_addr:0x00000000 mem_base=0x1fa00000 mem_size:0x20000000(512 MiB)
Apr  2 07:14:39 raspberrypi kernel: [    1.036874] audit: initializing netlink socket (disabled)
Apr  2 07:14:39 raspberrypi kernel: [    1.042543] type=2000 audit(0.890:1): initialized
Apr  2 07:14:39 raspberrypi kernel: [    1.204183] VFS: Disk quotas dquot_6.5.2
Apr  2 07:14:39 raspberrypi kernel: [    1.208432] Dquot-cache hash table entries: 1024 (order 0, 4096 bytes)
Apr  2 07:14:39 raspberrypi kernel: [    1.217366] FS-Cache: Netfs 'nfs' registered for caching
Apr  2 07:14:39 raspberrypi kernel: [    1.224086] NFS: Registering the id_resolver key type
Apr  2 07:14:39 raspberrypi kernel: [    1.229377] Key type id_resolver registered
Apr  2 07:14:39 raspberrypi kernel: [    1.233589] Key type id_legacy registered
Apr  2 07:14:39 raspberrypi kernel: [    1.238304] msgmni has been set to 970
Apr  2 07:14:39 raspberrypi kernel: [    1.244201] Block layer SCSI generic (bsg) driver version 0.4 loaded (major 252)
Apr  2 07:14:39 raspberrypi kernel: [    1.252048] io scheduler noop registered
Apr  2 07:14:39 raspberrypi kernel: [    1.256010] io scheduler deadline registered (default)
Apr  2 07:14:39 raspberrypi kernel: [    1.261590] io scheduler cfq registered
Apr  2 07:14:39 raspberrypi kernel: [    1.266878] BCM2708FB: allocated DMA memory 5e400000
Apr  2 07:14:39 raspberrypi kernel: [    1.272054] BCM2708FB: allocated DMA channel 0 @ f2007000
Apr  2 07:14:39 raspberrypi kernel: [    1.284969] Console: switching to colour frame buffer device 82x26
Apr  2 07:14:39 raspberrypi kernel: [    1.295073] uart-pl011 dev:f1: no DMA platform data
Apr  2 07:14:39 raspberrypi kernel: [    1.301528] kgdb: Registered I/O driver kgdboc.
Apr  2 07:14:39 raspberrypi kernel: [    1.308053] vc-cma: Videocore CMA driver
Apr  2 07:14:39 raspberrypi kernel: [    1.313423] vc-cma: vc_cma_base      = 0x00000000
Apr  2 07:14:39 raspberrypi kernel: [    1.319497] vc-cma: vc_cma_size      = 0x00000000 (0 MiB)
Apr  2 07:14:39 raspberrypi kernel: [    1.326146] vc-cma: vc_cma_initial   = 0x00000000 (0 MiB)
Apr  2 07:14:39 raspberrypi kernel: [    1.341880] brd: module loaded
Apr  2 07:14:39 raspberrypi kernel: [    1.351439] loop: module loaded
Apr  2 07:14:39 raspberrypi kernel: [    1.356068] vchiq: vchiq_init_state: slot_zero = 0xde000000, is_master = 0
Apr  2 07:14:39 raspberrypi kernel: [    1.365163] Loading iSCSI transport class v2.0-870.
Apr  2 07:14:39 raspberrypi kernel: [    1.372451] usbcore: registered new interface driver smsc95xx
Apr  2 07:14:39 raspberrypi kernel: [    1.379697] dwc_otg: version 3.00a 10-AUG-2012 (platform bus)
Apr  2 07:14:39 raspberrypi kernel: [    1.586831] Core Release: 2.80a
Apr  2 07:14:39 raspberrypi kernel: [    1.591345] Setting default values for core params
Apr  2 07:14:39 raspberrypi kernel: [    1.597361] Finished setting default values for core params
Apr  2 07:14:39 raspberrypi kernel: [    1.804212] Using Buffer DMA mode
Apr  2 07:14:39 raspberrypi kernel: [    1.808760] Periodic Transfer Interrupt Enhancement - disabled
Apr  2 07:14:39 raspberrypi kernel: [    1.815860] Multiprocessor Interrupt Enhancement - disabled
Apr  2 07:14:39 raspberrypi kernel: [    1.822713] OTG VER PARAM: 0, OTG VER FLAG: 0
Apr  2 07:14:39 raspberrypi kernel: [    1.828333] Dedicated Tx FIFOs mode
Apr  2 07:14:39 raspberrypi kernel: [    1.833857] dwc_otg bcm2708_usb: DWC OTG Controller
Apr  2 07:14:39 raspberrypi kernel: [    1.840124] dwc_otg bcm2708_usb: new USB bus registered, assigned bus number 1
Apr  2 07:14:39 raspberrypi kernel: [    1.848682] dwc_otg bcm2708_usb: irq 32, io mem 0x00000000
Apr  2 07:14:39 raspberrypi kernel: [    1.855496] Init: Port Power? op_state=1
Apr  2 07:14:39 raspberrypi kernel: [    1.860731] Init: Power Port (0)
Apr  2 07:14:39 raspberrypi kernel: [    1.865311] usb usb1: New USB device found, idVendor=1d6b, idProduct=0002
Apr  2 07:14:39 raspberrypi kernel: [    1.873562] usb usb1: New USB device strings: Mfr=3, Product=2, SerialNumber=1
Apr  2 07:14:39 raspberrypi kernel: [    1.882200] usb usb1: Product: DWC OTG Controller
Apr  2 07:14:39 raspberrypi kernel: [    1.888263] usb usb1: Manufacturer: Linux 3.10.33+ dwc_otg_hcd
Apr  2 07:14:39 raspberrypi kernel: [    1.895477] usb usb1: SerialNumber: bcm2708_usb
Apr  2 07:14:39 raspberrypi kernel: [    1.902156] hub 1-0:1.0: USB hub found
Apr  2 07:14:39 raspberrypi kernel: [    1.907274] hub 1-0:1.0: 1 port detected
Apr  2 07:14:39 raspberrypi kernel: [    1.913366] usbcore: registered new interface driver usb-storage
Apr  2 07:14:39 raspberrypi kernel: [    1.921179] mousedev: PS/2 mouse device common for all mice
Apr  2 07:14:39 raspberrypi kernel: [    1.928690] bcm2835-cpufreq: min=700000 max=700000 cur=700000
Apr  2 07:14:39 raspberrypi kernel: [    1.935972] bcm2835-cpufreq: switching to governor powersave
Apr  2 07:14:39 raspberrypi kernel: [    1.943023] bcm2835-cpufreq: switching to governor powersave
Apr  2 07:14:39 raspberrypi kernel: [    1.949985] cpuidle: using governor ladder
Apr  2 07:14:39 raspberrypi kernel: [    1.955286] cpuidle: using governor menu
Apr  2 07:14:39 raspberrypi kernel: [    1.960475] sdhci: Secure Digital Host Controller Interface driver
Apr  2 07:14:39 raspberrypi kernel: [    1.967901] sdhci: Copyright(c) Pierre Ossman
Apr  2 07:14:39 raspberrypi kernel: [    1.973560] sdhci: Enable low-latency mode
Apr  2 07:14:39 raspberrypi kernel: [    2.018910] mmc0: SDHCI controller on BCM2708_Arasan [platform] using platform's DMA
Apr  2 07:14:39 raspberrypi kernel: [    2.029390] mmc0: BCM2708 SDHC host at 0x20300000 DMA 2 IRQ 77
Apr  2 07:14:39 raspberrypi kernel: [    2.036623] sdhci-pltfm: SDHCI platform and OF driver helper
Apr  2 07:14:39 raspberrypi kernel: [    2.043772] ledtrig-cpu: registered to indicate activity on CPUs
Apr  2 07:14:39 raspberrypi kernel: [    2.053367] hidraw: raw HID events driver (C) Jiri Kosina
Apr  2 07:14:39 raspberrypi kernel: [    2.067660] usbcore: registered new interface driver usbhid
Apr  2 07:14:39 raspberrypi kernel: [    2.074739] usbhid: USB HID core driver
Apr  2 07:14:39 raspberrypi kernel: [    2.084587] TCP: cubic registered
Apr  2 07:14:39 raspberrypi kernel: [    2.091340] Initializing XFRM netlink socket
Apr  2 07:14:39 raspberrypi kernel: [    2.099061] NET: Registered protocol family 17
Apr  2 07:14:39 raspberrypi kernel: [    2.105026] Key type dns_resolver registered
Apr  2 07:14:39 raspberrypi kernel: [    2.114001] Indeed it is in host mode hprt0 = 00021501
Apr  2 07:14:39 raspberrypi kernel: [    2.120998] VFP support v0.3: implementor 41 architecture 1 part 20 variant b rev 5
Apr  2 07:14:39 raspberrypi kernel: [    2.149627] registered taskstats version 1
Apr  2 07:14:39 raspberrypi kernel: [    2.159837] Waiting for root device /dev/mmcblk0p2...
Apr  2 07:14:39 raspberrypi kernel: [    2.191284] mmc0: read SD Status register (SSR) after 2 attempts
Apr  2 07:14:39 raspberrypi kernel: [    2.218925] mmc0: new high speed SDHC card at address e624
Apr  2 07:14:39 raspberrypi kernel: [    2.230530] mmcblk0: mmc0:e624 SU04G 3.69 GiB 
Apr  2 07:14:39 raspberrypi kernel: [    2.238117]  mmcblk0: p1 p2
Apr  2 07:14:39 raspberrypi kernel: [    2.285810] EXT4-fs (mmcblk0p2): mounted filesystem with ordered data mode. Opts: (null)
Apr  2 07:14:39 raspberrypi kernel: [    2.296980] VFS: Mounted root (ext4 filesystem) on device 179:2.
Apr  2 07:14:39 raspberrypi kernel: [    2.305721] devtmpfs: mounted
Apr  2 07:14:39 raspberrypi kernel: [    2.310682] Freeing unused kernel memory: 144K (c0574000 - c0598000)
Apr  2 07:14:39 raspberrypi kernel: [    2.348981] usb 1-1: new high-speed USB device number 2 using dwc_otg
Apr  2 07:14:39 raspberrypi kernel: [    2.357145] Indeed it is in host mode hprt0 = 00001101
Apr  2 07:14:39 raspberrypi kernel: [    2.569853] usb 1-1: New USB device found, idVendor=0424, idProduct=9512
Apr  2 07:14:39 raspberrypi kernel: [    2.578239] usb 1-1: New USB device strings: Mfr=0, Product=0, SerialNumber=0
Apr  2 07:14:39 raspberrypi kernel: [    2.591506] hub 1-1:1.0: USB hub found
Apr  2 07:14:39 raspberrypi kernel: [    2.598990] hub 1-1:1.0: 3 ports detected
Apr  2 07:14:39 raspberrypi kernel: [    2.879263] usb 1-1.1: new high-speed USB device number 3 using dwc_otg
Apr  2 07:14:39 raspberrypi kernel: [    2.999648] usb 1-1.1: New USB device found, idVendor=0424, idProduct=ec00
Apr  2 07:14:39 raspberrypi kernel: [    3.008163] usb 1-1.1: New USB device strings: Mfr=0, Product=0, SerialNumber=0
Apr  2 07:14:39 raspberrypi kernel: [    3.035650] smsc95xx v1.0.4
Apr  2 07:14:39 raspberrypi kernel: [    3.106112] smsc95xx 1-1.1:1.0 eth0: register 'smsc95xx' at usb-bcm2708_usb-1.1, smsc95xx USB 2.0 Ethernet, b8:27:eb:1a:10:fb
Apr  2 07:14:39 raspberrypi kernel: [    3.229353] usb 1-1.3: new high-speed USB device number 4 using dwc_otg
Apr  2 07:14:39 raspberrypi kernel: [    3.370715] usb 1-1.3: New USB device found, idVendor=0cf3, idProduct=9271
Apr  2 07:14:39 raspberrypi kernel: [    3.387408] usb 1-1.3: New USB device strings: Mfr=16, Product=32, SerialNumber=48
Apr  2 07:14:39 raspberrypi kernel: [    3.409036] usb 1-1.3: Product: USB2.0 WLAN
Apr  2 07:14:39 raspberrypi kernel: [    3.414889] usb 1-1.3: Manufacturer: ATHEROS
Apr  2 07:14:39 raspberrypi kernel: [    3.436358] usb 1-1.3: SerialNumber: 12345
Apr  2 07:14:39 raspberrypi kernel: [    4.688619] bcm2708_i2c_init_pinmode(0,0)
Apr  2 07:14:39 raspberrypi kernel: [    4.797691] bcm2708_i2c_init_pinmode(0,1)
Apr  2 07:14:39 raspberrypi kernel: [    4.869292] bcm2708_i2c bcm2708_i2c.0: BSC0 Controller at 0x20205000 (irq 79) (baudrate 100000)
Apr  2 07:14:39 raspberrypi kernel: [    5.095226] bcm2708_spi bcm2708_spi.0: master is unqueued, this is deprecated
Apr  2 07:14:39 raspberrypi kernel: [    5.143790] cfg80211: Calling CRDA to update world regulatory domain
Apr  2 07:14:39 raspberrypi kernel: [    5.179034] bcm2708_spi bcm2708_spi.0: SPI Controller at 0x20204000 (irq 80)
Apr  2 07:14:39 raspberrypi kernel: [    5.257325] bcm2708_i2c_init_pinmode(1,2)
Apr  2 07:14:39 raspberrypi kernel: [    5.295972] bcm2708_i2c_init_pinmode(1,3)
Apr  2 07:14:39 raspberrypi kernel: [    5.344497] bcm2708_i2c bcm2708_i2c.1: BSC1 Controller at 0x20804000 (irq 79) (baudrate 100000)
Apr  2 07:14:39 raspberrypi kernel: [    5.594620] bcm2708-i2s bcm2708-i2s.0: Failed to create debugfs directory
Apr  2 07:14:39 raspberrypi kernel: [    5.782233] usb 1-1.3: ath9k_htc: Firmware htc_9271.fw requested
Apr  2 07:14:39 raspberrypi kernel: [    5.791015] usbcore: registered new interface driver ath9k_htc
Apr  2 07:14:39 raspberrypi kernel: [    6.083997] usb 1-1.3: ath9k_htc: Transferred FW: htc_9271.fw, size: 51272
Apr  2 07:14:39 raspberrypi kernel: [    6.320327] ath9k_htc 1-1.3:1.0: ath9k_htc: HTC initialized with 33 credits
Apr  2 07:14:39 raspberrypi kernel: [    6.573485] ath9k_htc 1-1.3:1.0: ath9k_htc: FW Version: 1.3
Apr  2 07:14:39 raspberrypi kernel: [    6.653943] ieee80211 phy0: Atheros AR9271 Rev:1
Apr  2 07:14:39 raspberrypi kernel: [    6.934180] cfg80211: World regulatory domain updated:
Apr  2 07:14:39 raspberrypi kernel: [    6.949350] cfg80211:   (start_freq - end_freq @ bandwidth), (max_antenna_gain, max_eirp)
Apr  2 07:14:39 raspberrypi kernel: [    6.973052] cfg80211:   (2402000 KHz - 2472000 KHz @ 40000 KHz), (300 mBi, 2000 mBm)
Apr  2 07:14:39 raspberrypi kernel: [    6.989899] cfg80211:   (2457000 KHz - 2482000 KHz @ 20000 KHz), (300 mBi, 2000 mBm)
Apr  2 07:14:39 raspberrypi kernel: [    7.001100] cfg80211:   (2474000 KHz - 2494000 KHz @ 20000 KHz), (300 mBi, 2000 mBm)
Apr  2 07:14:39 raspberrypi kernel: [    7.012235] cfg80211:   (5170000 KHz - 5250000 KHz @ 40000 KHz), (300 mBi, 2000 mBm)
Apr  2 07:14:39 raspberrypi kernel: [    7.023484] cfg80211:   (5735000 KHz - 5835000 KHz @ 40000 KHz), (300 mBi, 2000 mBm)
Apr  2 07:14:39 raspberrypi kernel: [    7.034899] cfg80211: Calling CRDA for country: CN
Apr  2 07:14:39 raspberrypi kernel: [    7.094361] cfg80211: Regulatory domain changed to country: CN
Apr  2 07:14:39 raspberrypi kernel: [    7.102184] cfg80211:   (start_freq - end_freq @ bandwidth), (max_antenna_gain, max_eirp)
Apr  2 07:14:39 raspberrypi kernel: [    7.113944] cfg80211:   (2402000 KHz - 2482000 KHz @ 40000 KHz), (N/A, 2000 mBm)
Apr  2 07:14:39 raspberrypi kernel: [    7.124992] cfg80211:   (5735000 KHz - 5835000 KHz @ 40000 KHz), (N/A, 3000 mBm)
Apr  2 07:14:39 raspberrypi kernel: [    9.425879] EXT4-fs (mmcblk0p2): re-mounted. Opts: (null)
Apr  2 07:14:39 raspberrypi kernel: [    9.939880] EXT4-fs (mmcblk0p2): re-mounted. Opts: commit=120,errors=remount-ro
Apr  2 07:14:39 raspberrypi kernel: [   15.503777] FAT-fs (mmcblk0p1): Volume was not properly unmounted. Some data may be corrupt. Please run fsck.
Apr  2 07:14:39 raspberrypi kernel: [   18.279088] NET: Registered protocol family 10
Apr  2 07:14:39 raspberrypi kernel: [   19.132725] Installing knfsd (copyright (C) 1996 okir@monad.swb.de).
Apr  2 07:14:39 raspberrypi kernel: [   22.019197] IPv6: ADDRCONF(NETDEV_UP): wlan0: link is not ready
Apr  2 07:14:39 raspberrypi kernel: [   22.130616] 8021q: 802.1Q VLAN Support v1.8
Apr  2 07:14:39 raspberrypi kernel: [   22.253841] IPv6: ADDRCONF(NETDEV_CHANGE): wlan0: link becomes ready
Apr  2 07:14:42 raspberrypi dhcpd: Internet Systems Consortium DHCP Server 4.2.2
Apr  2 07:14:42 raspberrypi dhcpd: Copyright 2004-2011 Internet Systems Consortium.
Apr  2 07:14:42 raspberrypi dhcpd: All rights reserved.
Apr  2 07:14:42 raspberrypi dhcpd: For info, please visit https://www.isc.org/software/dhcp/
Apr  2 07:14:42 raspberrypi dhcpd: Internet Systems Consortium DHCP Server 4.2.2
Apr  2 07:14:42 raspberrypi dhcpd: Copyright 2004-2011 Internet Systems Consortium.
Apr  2 07:14:42 raspberrypi dhcpd: All rights reserved.
Apr  2 07:14:42 raspberrypi dhcpd: For info, please visit https://www.isc.org/software/dhcp/
Apr  2 07:14:42 raspberrypi dhcpd: Wrote 0 leases to leases file.
Apr  2 07:14:42 raspberrypi dhcpd: 
Apr  2 07:14:55 raspberrypi kernel: [   39.479510] ip_tables: (C) 2000-2006 Netfilter Core Team
Apr  2 07:14:55 raspberrypi kernel: [   39.592976] nf_conntrack version 0.5.0 (7764 buckets, 31056 max)
Apr  2 07:18:26 raspberrypi kernel: [  251.269422] SysRq : HELP : loglevel(0-9) reboot(b) crash(c) terminate-all-tasks(e) memory-full-oom-kill(f) debug(g) kill-all-tasks(i) thaw-filesystems(j) sak(k) show-memory-usage(m) nice-all-RT-tasks(n) poweroff(o) show-registers(p) show-all-timers(q) unraw(r) sync(s) show-task-states(t) unmount(u) show-blocked-tasks(w) 
Apr  2 07:23:31 raspberrypi kernel: [  555.483648] device wlan0 entered promiscuous mode
Apr  2 07:32:11 raspberrypi kernel: [ 1075.680047] device eth1 entered promiscuous mode
Apr  2 07:32:17 raspberrypi kernel: [ 1082.174601] device eth1 left promiscuous mode
Apr  2 07:32:23 raspberrypi kernel: [ 1087.625463] device eth1 entered promiscuous mode
Apr  2 07:33:57 raspberrypi kernel: [ 1182.223552] device wlan0 left promiscuous mode
Apr  2 07:17:17 raspberrypi kernel: imklog 5.8.11, log source = /proc/kmsg started.
Apr  2 07:17:17 raspberrypi rsyslogd: [origin software="rsyslogd" swVersion="5.8.11" x-pid="1872" x-info="http://www.rsyslog.com"] start
Apr  2 07:17:17 raspberrypi kernel: [    0.000000] Booting Linux on physical CPU 0x0
Apr  2 07:17:17 raspberrypi kernel: [    0.000000] Initializing cgroup subsys cpu
Apr  2 07:17:17 raspberrypi kernel: [    0.000000] Initializing cgroup subsys cpuacct
Apr  2 07:17:17 raspberrypi kernel: [    0.000000] Linux version 3.10.33+ (dc4@dc4-arm-01) (gcc version 4.7.2 20120731 (prerelease) (crosstool-NG linaro-1.13.1+bzr2458 - Linaro GCC 2012.08) ) #654 PREEMPT Fri Mar 7 16:32:08 GMT 2014
Apr  2 07:17:17 raspberrypi kernel: [    0.000000] CPU: ARMv6-compatible processor [410fb767] revision 7 (ARMv7), cr=00c5387d
Apr  2 07:17:17 raspberrypi kernel: [    0.000000] CPU: PIPT / VIPT nonaliasing data cache, VIPT nonaliasing instruction cache
Apr  2 07:17:17 raspberrypi kernel: [    0.000000] Machine: BCM2708
Apr  2 07:17:17 raspberrypi kernel: [    0.000000] cma: CMA: reserved 16 MiB at 1e000000
Apr  2 07:17:17 raspberrypi kernel: [    0.000000] Memory policy: ECC disabled, Data cache writeback
Apr  2 07:17:17 raspberrypi kernel: [    0.000000] Built 1 zonelists in Zone order, mobility grouping on.  Total pages: 125984
Apr  2 07:17:17 raspberrypi kernel: [    0.000000] Kernel command line: dma.dmachans=0x7f35 bcm2708_fb.fbwidth=656 bcm2708_fb.fbheight=416 bcm2708.boardrev=0xe bcm2708.serial=0x161a10fb smsc95xx.macaddr=B8:27:EB:1A:10:FB sdhci-bcm2708.emmc_clock_freq=250000000 vc_mem.mem_base=0x1fa00000 vc_mem.mem_size=0x20000000  dwc_otg.lpm_enable=0 console=ttyAMA0,115200 kgdboc=ttyAMA0,115200 console=tty1 root=/dev/mmcblk0p2 rootfstype=ext4 elevator=deadline rootwait
Apr  2 07:17:17 raspberrypi kernel: [    0.000000] PID hash table entries: 2048 (order: 1, 8192 bytes)
Apr  2 07:17:17 raspberrypi kernel: [    0.000000] Dentry cache hash table entries: 65536 (order: 6, 262144 bytes)
Apr  2 07:17:17 raspberrypi kernel: [    0.000000] Inode-cache hash table entries: 32768 (order: 5, 131072 bytes)
Apr  2 07:17:17 raspberrypi kernel: [    0.000000] Memory: 496MB = 496MB total
Apr  2 07:17:17 raspberrypi kernel: [    0.000000] Memory: 480416k/480416k available, 27488k reserved, 0K highmem
Apr  2 07:17:17 raspberrypi kernel: [    0.000000] Virtual kernel memory layout:
Apr  2 07:17:17 raspberrypi kernel: [    0.000000]     vector  : 0xffff0000 - 0xffff1000   (   4 kB)
Apr  2 07:17:17 raspberrypi kernel: [    0.000000]     fixmap  : 0xfff00000 - 0xfffe0000   ( 896 kB)
Apr  2 07:17:17 raspberrypi kernel: [    0.000000]     vmalloc : 0xdf800000 - 0xff000000   ( 504 MB)
Apr  2 07:17:17 raspberrypi kernel: [    0.000000]     lowmem  : 0xc0000000 - 0xdf000000   ( 496 MB)
Apr  2 07:17:17 raspberrypi kernel: [    0.000000]     modules : 0xbf000000 - 0xc0000000   (  16 MB)
Apr  2 07:17:17 raspberrypi kernel: [    0.000000]       .text : 0xc0008000 - 0xc05737e4   (5550 kB)
Apr  2 07:17:17 raspberrypi kernel: [    0.000000]       .init : 0xc0574000 - 0xc0598364   ( 145 kB)
Apr  2 07:17:17 raspberrypi kernel: [    0.000000]       .data : 0xc059a000 - 0xc05d29d0   ( 227 kB)
Apr  2 07:17:17 raspberrypi kernel: [    0.000000]        .bss : 0xc05d29d0 - 0xc067dbc0   ( 685 kB)
Apr  2 07:17:17 raspberrypi kernel: [    0.000000] SLUB: HWalign=32, Order=0-3, MinObjects=0, CPUs=1, Nodes=1
Apr  2 07:17:17 raspberrypi kernel: [    0.000000] Preemptible hierarchical RCU implementation.
Apr  2 07:17:17 raspberrypi kernel: [    0.000000] NR_IRQS:330
Apr  2 07:17:17 raspberrypi kernel: [    0.000000] sched_clock: 32 bits at 1000kHz, resolution 1000ns, wraps every 4294967ms
Apr  2 07:17:17 raspberrypi kernel: [    0.000000] Switching to timer-based delay loop
Apr  2 07:17:17 raspberrypi kernel: [    0.000000] Console: colour dummy device 80x30
Apr  2 07:17:17 raspberrypi kernel: [    0.000000] console [tty1] enabled
Apr  2 07:17:17 raspberrypi kernel: [    0.001162] Calibrating delay loop (skipped), value calculated using timer frequency.. 2.00 BogoMIPS (lpj=10000)
Apr  2 07:17:17 raspberrypi kernel: [    0.001225] pid_max: default: 32768 minimum: 301
Apr  2 07:17:17 raspberrypi kernel: [    0.001697] Mount-cache hash table entries: 512
Apr  2 07:17:17 raspberrypi kernel: [    0.002497] Initializing cgroup subsys memory
Apr  2 07:17:17 raspberrypi kernel: [    0.002600] Initializing cgroup subsys devices
Apr  2 07:17:17 raspberrypi kernel: [    0.002638] Initializing cgroup subsys freezer
Apr  2 07:17:17 raspberrypi kernel: [    0.002671] Initializing cgroup subsys blkio
Apr  2 07:17:17 raspberrypi kernel: [    0.002827] CPU: Testing write buffer coherency: ok
Apr  2 07:17:17 raspberrypi kernel: [    0.003294] Setting up static identity map for 0xc04068a8 - 0xc0406904
Apr  2 07:17:17 raspberrypi kernel: [    0.005046] devtmpfs: initialized
Apr  2 07:17:17 raspberrypi kernel: [    0.019396] NET: Registered protocol family 16
Apr  2 07:17:17 raspberrypi kernel: [    0.025336] DMA: preallocated 4096 KiB pool for atomic coherent allocations
Apr  2 07:17:17 raspberrypi kernel: [    0.026438] bcm2708.uart_clock = 0
Apr  2 07:17:17 raspberrypi kernel: [    0.028154] hw-breakpoint: found 6 breakpoint and 1 watchpoint registers.
Apr  2 07:17:17 raspberrypi kernel: [    0.028210] hw-breakpoint: maximum watchpoint size is 4 bytes.
Apr  2 07:17:17 raspberrypi kernel: [    0.028248] mailbox: Broadcom VideoCore Mailbox driver
Apr  2 07:17:17 raspberrypi kernel: [    0.028344] bcm2708_vcio: mailbox at f200b880
Apr  2 07:17:17 raspberrypi kernel: [    0.028446] bcm_power: Broadcom power driver
Apr  2 07:17:17 raspberrypi kernel: [    0.028486] bcm_power_open() -> 0
Apr  2 07:17:17 raspberrypi kernel: [    0.028512] bcm_power_request(0, 8)
Apr  2 07:17:17 raspberrypi kernel: [    0.529228] bcm_mailbox_read -> 00000080, 0
Apr  2 07:17:17 raspberrypi kernel: [    0.529270] bcm_power_request -> 0
Apr  2 07:17:17 raspberrypi kernel: [    0.529492] Serial: AMBA PL011 UART driver
Apr  2 07:17:17 raspberrypi kernel: [    0.529635] dev:f1: ttyAMA0 at MMIO 0x20201000 (irq = 83) is a PL011 rev3
Apr  2 07:17:17 raspberrypi kernel: [    0.871773] console [ttyAMA0] enabled
Apr  2 07:17:17 raspberrypi kernel: [    0.897802] bio: create slab <bio-0> at 0
Apr  2 07:17:17 raspberrypi kernel: [    0.903097] SCSI subsystem initialized
Apr  2 07:17:17 raspberrypi kernel: [    0.907083] usbcore: registered new interface driver usbfs
Apr  2 07:17:17 raspberrypi kernel: [    0.912794] usbcore: registered new interface driver hub
Apr  2 07:17:17 raspberrypi kernel: [    0.918339] usbcore: registered new device driver usb
Apr  2 07:17:17 raspberrypi kernel: [    0.924894] Switching to clocksource stc
Apr  2 07:17:17 raspberrypi kernel: [    0.929227] FS-Cache: Loaded
Apr  2 07:17:17 raspberrypi kernel: [    0.932392] CacheFiles: Loaded
Apr  2 07:17:17 raspberrypi kernel: [    0.947839] NET: Registered protocol family 2
Apr  2 07:17:17 raspberrypi kernel: [    0.953239] TCP established hash table entries: 4096 (order: 3, 32768 bytes)
Apr  2 07:17:17 raspberrypi kernel: [    0.960502] TCP bind hash table entries: 4096 (order: 2, 16384 bytes)
Apr  2 07:17:17 raspberrypi kernel: [    0.967027] TCP: Hash tables configured (established 4096 bind 4096)
Apr  2 07:17:17 raspberrypi kernel: [    0.973509] TCP: reno registered
Apr  2 07:17:17 raspberrypi kernel: [    0.976768] UDP hash table entries: 256 (order: 0, 4096 bytes)
Apr  2 07:17:17 raspberrypi kernel: [    0.982680] UDP-Lite hash table entries: 256 (order: 0, 4096 bytes)
Apr  2 07:17:17 raspberrypi kernel: [    0.989412] NET: Registered protocol family 1
Apr  2 07:17:17 raspberrypi kernel: [    0.994337] RPC: Registered named UNIX socket transport module.
Apr  2 07:17:17 raspberrypi kernel: [    1.000398] RPC: Registered udp transport module.
Apr  2 07:17:17 raspberrypi kernel: [    1.005126] RPC: Registered tcp transport module.
Apr  2 07:17:17 raspberrypi kernel: [    1.009874] RPC: Registered tcp NFSv4.1 backchannel transport module.
Apr  2 07:17:17 raspberrypi kernel: [    1.017236] bcm2708_dma: DMA manager at f2007000
Apr  2 07:17:17 raspberrypi kernel: [    1.022055] bcm2708_gpio: bcm2708_gpio_probe c05a7e50
Apr  2 07:17:17 raspberrypi kernel: [    1.027528] vc-mem: phys_addr:0x00000000 mem_base=0x1fa00000 mem_size:0x20000000(512 MiB)
Apr  2 07:17:17 raspberrypi kernel: [    1.036893] audit: initializing netlink socket (disabled)
Apr  2 07:17:17 raspberrypi kernel: [    1.042562] type=2000 audit(0.890:1): initialized
Apr  2 07:17:17 raspberrypi kernel: [    1.204089] VFS: Disk quotas dquot_6.5.2
Apr  2 07:17:17 raspberrypi kernel: [    1.208334] Dquot-cache hash table entries: 1024 (order 0, 4096 bytes)
Apr  2 07:17:17 raspberrypi kernel: [    1.217253] FS-Cache: Netfs 'nfs' registered for caching
Apr  2 07:17:17 raspberrypi kernel: [    1.223966] NFS: Registering the id_resolver key type
Apr  2 07:17:17 raspberrypi kernel: [    1.229257] Key type id_resolver registered
Apr  2 07:17:17 raspberrypi kernel: [    1.233466] Key type id_legacy registered
Apr  2 07:17:17 raspberrypi kernel: [    1.238188] msgmni has been set to 970
Apr  2 07:17:17 raspberrypi kernel: [    1.244081] Block layer SCSI generic (bsg) driver version 0.4 loaded (major 252)
Apr  2 07:17:17 raspberrypi kernel: [    1.251929] io scheduler noop registered
Apr  2 07:17:17 raspberrypi kernel: [    1.255892] io scheduler deadline registered (default)
Apr  2 07:17:17 raspberrypi kernel: [    1.261473] io scheduler cfq registered
Apr  2 07:17:17 raspberrypi kernel: [    1.266755] BCM2708FB: allocated DMA memory 5e400000
Apr  2 07:17:17 raspberrypi kernel: [    1.271932] BCM2708FB: allocated DMA channel 0 @ f2007000
Apr  2 07:17:17 raspberrypi kernel: [    1.284940] Console: switching to colour frame buffer device 82x26
Apr  2 07:17:17 raspberrypi kernel: [    1.295047] uart-pl011 dev:f1: no DMA platform data
Apr  2 07:17:17 raspberrypi kernel: [    1.301507] kgdb: Registered I/O driver kgdboc.
Apr  2 07:17:17 raspberrypi kernel: [    1.308030] vc-cma: Videocore CMA driver
Apr  2 07:17:17 raspberrypi kernel: [    1.313404] vc-cma: vc_cma_base      = 0x00000000
Apr  2 07:17:17 raspberrypi kernel: [    1.319476] vc-cma: vc_cma_size      = 0x00000000 (0 MiB)
Apr  2 07:17:17 raspberrypi kernel: [    1.326130] vc-cma: vc_cma_initial   = 0x00000000 (0 MiB)
Apr  2 07:17:17 raspberrypi kernel: [    1.341859] brd: module loaded
Apr  2 07:17:17 raspberrypi kernel: [    1.351403] loop: module loaded
Apr  2 07:17:17 raspberrypi kernel: [    1.356034] vchiq: vchiq_init_state: slot_zero = 0xde000000, is_master = 0
Apr  2 07:17:17 raspberrypi kernel: [    1.365128] Loading iSCSI transport class v2.0-870.
Apr  2 07:17:17 raspberrypi kernel: [    1.372400] usbcore: registered new interface driver smsc95xx
Apr  2 07:17:17 raspberrypi kernel: [    1.379645] dwc_otg: version 3.00a 10-AUG-2012 (platform bus)
Apr  2 07:17:17 raspberrypi kernel: [    1.586779] Core Release: 2.80a
Apr  2 07:17:17 raspberrypi kernel: [    1.591295] Setting default values for core params
Apr  2 07:17:17 raspberrypi kernel: [    1.597306] Finished setting default values for core params
Apr  2 07:17:17 raspberrypi kernel: [    1.804162] Using Buffer DMA mode
Apr  2 07:17:17 raspberrypi kernel: [    1.808710] Periodic Transfer Interrupt Enhancement - disabled
Apr  2 07:17:17 raspberrypi kernel: [    1.815813] Multiprocessor Interrupt Enhancement - disabled
Apr  2 07:17:17 raspberrypi kernel: [    1.822668] OTG VER PARAM: 0, OTG VER FLAG: 0
Apr  2 07:17:17 raspberrypi kernel: [    1.828292] Dedicated Tx FIFOs mode
Apr  2 07:17:17 raspberrypi kernel: [    1.833819] dwc_otg bcm2708_usb: DWC OTG Controller
Apr  2 07:17:17 raspberrypi kernel: [    1.840088] dwc_otg bcm2708_usb: new USB bus registered, assigned bus number 1
Apr  2 07:17:17 raspberrypi kernel: [    1.848648] dwc_otg bcm2708_usb: irq 32, io mem 0x00000000
Apr  2 07:17:17 raspberrypi kernel: [    1.855463] Init: Port Power? op_state=1
Apr  2 07:17:17 raspberrypi kernel: [    1.860692] Init: Power Port (0)
Apr  2 07:17:17 raspberrypi kernel: [    1.865274] usb usb1: New USB device found, idVendor=1d6b, idProduct=0002
Apr  2 07:17:17 raspberrypi kernel: [    1.873533] usb usb1: New USB device strings: Mfr=3, Product=2, SerialNumber=1
Apr  2 07:17:17 raspberrypi kernel: [    1.882175] usb usb1: Product: DWC OTG Controller
Apr  2 07:17:17 raspberrypi kernel: [    1.888241] usb usb1: Manufacturer: Linux 3.10.33+ dwc_otg_hcd
Apr  2 07:17:17 raspberrypi kernel: [    1.895458] usb usb1: SerialNumber: bcm2708_usb
Apr  2 07:17:17 raspberrypi kernel: [    1.902143] hub 1-0:1.0: USB hub found
Apr  2 07:17:17 raspberrypi kernel: [    1.907260] hub 1-0:1.0: 1 port detected
Apr  2 07:17:17 raspberrypi kernel: [    1.913360] usbcore: registered new interface driver usb-storage
Apr  2 07:17:17 raspberrypi kernel: [    1.921168] mousedev: PS/2 mouse device common for all mice
Apr  2 07:17:17 raspberrypi kernel: [    1.928673] bcm2835-cpufreq: min=700000 max=700000 cur=700000
Apr  2 07:17:17 raspberrypi kernel: [    1.935958] bcm2835-cpufreq: switching to governor powersave
Apr  2 07:17:17 raspberrypi kernel: [    1.943013] bcm2835-cpufreq: switching to governor powersave
Apr  2 07:17:17 raspberrypi kernel: [    1.949972] cpuidle: using governor ladder
Apr  2 07:17:17 raspberrypi kernel: [    1.955271] cpuidle: using governor menu
Apr  2 07:17:17 raspberrypi kernel: [    1.960458] sdhci: Secure Digital Host Controller Interface driver
Apr  2 07:17:17 raspberrypi kernel: [    1.967878] sdhci: Copyright(c) Pierre Ossman
Apr  2 07:17:17 raspberrypi kernel: [    1.973539] sdhci: Enable low-latency mode
Apr  2 07:17:17 raspberrypi kernel: [    2.018927] mmc0: SDHCI controller on BCM2708_Arasan [platform] using platform's DMA
Apr  2 07:17:17 raspberrypi kernel: [    2.029409] mmc0: BCM2708 SDHC host at 0x20300000 DMA 2 IRQ 77
Apr  2 07:17:17 raspberrypi kernel: [    2.036644] sdhci-pltfm: SDHCI platform and OF driver helper
Apr  2 07:17:17 raspberrypi kernel: [    2.043790] ledtrig-cpu: registered to indicate activity on CPUs
Apr  2 07:17:17 raspberrypi kernel: [    2.053386] hidraw: raw HID events driver (C) Jiri Kosina
Apr  2 07:17:17 raspberrypi kernel: [    2.067683] usbcore: registered new interface driver usbhid
Apr  2 07:17:17 raspberrypi kernel: [    2.074763] usbhid: USB HID core driver
Apr  2 07:17:17 raspberrypi kernel: [    2.084611] TCP: cubic registered
Apr  2 07:17:17 raspberrypi kernel: [    2.091362] Initializing XFRM netlink socket
Apr  2 07:17:17 raspberrypi kernel: [    2.099080] NET: Registered protocol family 17
Apr  2 07:17:17 raspberrypi kernel: [    2.105046] Key type dns_resolver registered
Apr  2 07:17:17 raspberrypi kernel: [    2.114013] Indeed it is in host mode hprt0 = 00021501
Apr  2 07:17:17 raspberrypi kernel: [    2.121005] VFP support v0.3: implementor 41 architecture 1 part 20 variant b rev 5
Apr  2 07:17:17 raspberrypi kernel: [    2.149646] registered taskstats version 1
Apr  2 07:17:17 raspberrypi kernel: [    2.159862] Waiting for root device /dev/mmcblk0p2...
Apr  2 07:17:17 raspberrypi kernel: [    2.211280] mmc0: read SD Status register (SSR) after 3 attempts
Apr  2 07:17:17 raspberrypi kernel: [    2.233276] mmc0: new high speed SDHC card at address e624
Apr  2 07:17:17 raspberrypi kernel: [    2.240877] mmcblk0: mmc0:e624 SU04G 3.69 GiB 
Apr  2 07:17:17 raspberrypi kernel: [    2.248443]  mmcblk0: p1 p2
Apr  2 07:17:17 raspberrypi kernel: [    2.349053] usb 1-1: new high-speed USB device number 2 using dwc_otg
Apr  2 07:17:17 raspberrypi kernel: [    2.357141] Indeed it is in host mode hprt0 = 00001101
Apr  2 07:17:17 raspberrypi kernel: [    2.559685] usb 1-1: New USB device found, idVendor=0424, idProduct=9512
Apr  2 07:17:17 raspberrypi kernel: [    2.567938] usb 1-1: New USB device strings: Mfr=0, Product=0, SerialNumber=0
Apr  2 07:17:17 raspberrypi kernel: [    2.580620] hub 1-1:1.0: USB hub found
Apr  2 07:17:17 raspberrypi kernel: [    2.586284] hub 1-1:1.0: 3 ports detected
Apr  2 07:17:17 raspberrypi kernel: [    2.623316] EXT4-fs (mmcblk0p2): 6 orphan inodes deleted
Apr  2 07:17:17 raspberrypi kernel: [    2.630268] EXT4-fs (mmcblk0p2): recovery complete
Apr  2 07:17:17 raspberrypi kernel: [    2.656394] EXT4-fs (mmcblk0p2): mounted filesystem with ordered data mode. Opts: (null)
Apr  2 07:17:17 raspberrypi kernel: [    2.667520] VFS: Mounted root (ext4 filesystem) on device 179:2.
Apr  2 07:17:17 raspberrypi kernel: [    2.676645] devtmpfs: mounted
Apr  2 07:17:17 raspberrypi kernel: [    2.681706] Freeing unused kernel memory: 144K (c0574000 - c0598000)
Apr  2 07:17:17 raspberrypi kernel: [    2.869234] usb 1-1.1: new high-speed USB device number 3 using dwc_otg
Apr  2 07:17:17 raspberrypi kernel: [    2.989762] usb 1-1.1: New USB device found, idVendor=0424, idProduct=ec00
Apr  2 07:17:17 raspberrypi kernel: [    2.999257] usb 1-1.1: New USB device strings: Mfr=0, Product=0, SerialNumber=0
Apr  2 07:17:17 raspberrypi kernel: [    3.011195] smsc95xx v1.0.4
Apr  2 07:17:17 raspberrypi kernel: [    3.074077] smsc95xx 1-1.1:1.0 eth0: register 'smsc95xx' at usb-bcm2708_usb-1.1, smsc95xx USB 2.0 Ethernet, b8:27:eb:1a:10:fb
Apr  2 07:17:17 raspberrypi kernel: [    3.169269] usb 1-1.3: new high-speed USB device number 4 using dwc_otg
Apr  2 07:17:17 raspberrypi kernel: [    3.310796] usb 1-1.3: New USB device found, idVendor=0cf3, idProduct=9271
Apr  2 07:17:17 raspberrypi kernel: [    3.320178] usb 1-1.3: New USB device strings: Mfr=16, Product=32, SerialNumber=48
Apr  2 07:17:17 raspberrypi kernel: [    3.330984] usb 1-1.3: Product: USB2.0 WLAN
Apr  2 07:17:17 raspberrypi kernel: [    3.338692] usb 1-1.3: Manufacturer: ATHEROS
Apr  2 07:17:17 raspberrypi kernel: [    3.344765] usb 1-1.3: SerialNumber: 12345
Apr  2 07:17:17 raspberrypi kernel: [    5.031821] bcm2708_spi bcm2708_spi.0: master is unqueued, this is deprecated
Apr  2 07:17:17 raspberrypi kernel: [    5.179640] bcm2708_spi bcm2708_spi.0: SPI Controller at 0x20204000 (irq 80)
Apr  2 07:17:17 raspberrypi kernel: [    5.319256] bcm2708_i2c_init_pinmode(0,0)
Apr  2 07:17:17 raspberrypi kernel: [    5.324954] bcm2708_i2c_init_pinmode(0,1)
Apr  2 07:17:17 raspberrypi kernel: [    5.461738] cfg80211: Calling CRDA to update world regulatory domain
Apr  2 07:17:17 raspberrypi kernel: [    5.470282] bcm2708_i2c bcm2708_i2c.0: BSC0 Controller at 0x20205000 (irq 79) (baudrate 100000)
Apr  2 07:17:17 raspberrypi kernel: [    5.568476] bcm2708_i2c_init_pinmode(1,2)
Apr  2 07:17:17 raspberrypi kernel: [    5.630951] bcm2708_i2c_init_pinmode(1,3)
Apr  2 07:17:17 raspberrypi kernel: [    5.636875] bcm2708_i2c bcm2708_i2c.1: BSC1 Controller at 0x20804000 (irq 79) (baudrate 100000)
Apr  2 07:17:17 raspberrypi kernel: [    5.985089] bcm2708-i2s bcm2708-i2s.0: Failed to create debugfs directory
Apr  2 07:17:17 raspberrypi kernel: [    6.025007] usb 1-1.3: ath9k_htc: Firmware htc_9271.fw requested
Apr  2 07:17:17 raspberrypi kernel: [    6.099431] usbcore: registered new interface driver ath9k_htc
Apr  2 07:17:17 raspberrypi kernel: [    6.326634] usb 1-1.3: ath9k_htc: Transferred FW: htc_9271.fw, size: 51272
Apr  2 07:17:17 raspberrypi kernel: [    6.562812] ath9k_htc 1-1.3:1.0: ath9k_htc: HTC initialized with 33 credits
Apr  2 07:17:17 raspberrypi kernel: [    6.815120] ath9k_htc 1-1.3:1.0: ath9k_htc: FW Version: 1.3
Apr  2 07:17:17 raspberrypi kernel: [    6.895242] ieee80211 phy0: Atheros AR9271 Rev:1
Apr  2 07:17:17 raspberrypi kernel: [    7.244246] cfg80211: World regulatory domain updated:
Apr  2 07:17:17 raspberrypi kernel: [    7.254053] cfg80211:   (start_freq - end_freq @ bandwidth), (max_antenna_gain, max_eirp)
Apr  2 07:17:17 raspberrypi kernel: [    7.275177] cfg80211:   (2402000 KHz - 2472000 KHz @ 40000 KHz), (300 mBi, 2000 mBm)
Apr  2 07:17:17 raspberrypi kernel: [    7.294388] cfg80211:   (2457000 KHz - 2482000 KHz @ 20000 KHz), (300 mBi, 2000 mBm)
Apr  2 07:17:17 raspberrypi kernel: [    7.305603] cfg80211:   (2474000 KHz - 2494000 KHz @ 20000 KHz), (300 mBi, 2000 mBm)
Apr  2 07:17:17 raspberrypi kernel: [    7.316787] cfg80211:   (5170000 KHz - 5250000 KHz @ 40000 KHz), (300 mBi, 2000 mBm)
Apr  2 07:17:17 raspberrypi kernel: [    7.328069] cfg80211:   (5735000 KHz - 5835000 KHz @ 40000 KHz), (300 mBi, 2000 mBm)
Apr  2 07:17:17 raspberrypi kernel: [    7.339488] cfg80211: Calling CRDA for country: CN
Apr  2 07:17:17 raspberrypi kernel: [    7.399213] cfg80211: Regulatory domain changed to country: CN
Apr  2 07:17:17 raspberrypi kernel: [    7.406978] cfg80211:   (start_freq - end_freq @ bandwidth), (max_antenna_gain, max_eirp)
Apr  2 07:17:17 raspberrypi kernel: [    7.418798] cfg80211:   (2402000 KHz - 2482000 KHz @ 40000 KHz), (N/A, 2000 mBm)
Apr  2 07:17:17 raspberrypi kernel: [    7.429865] cfg80211:   (5735000 KHz - 5835000 KHz @ 40000 KHz), (N/A, 3000 mBm)
Apr  2 07:17:17 raspberrypi kernel: [    9.749329] EXT4-fs (mmcblk0p2): re-mounted. Opts: (null)
Apr  2 07:17:17 raspberrypi kernel: [   10.266091] EXT4-fs (mmcblk0p2): re-mounted. Opts: commit=120,errors=remount-ro
Apr  2 07:17:17 raspberrypi kernel: [   15.835084] FAT-fs (mmcblk0p1): Volume was not properly unmounted. Some data may be corrupt. Please run fsck.
Apr  2 07:17:17 raspberrypi kernel: [   18.596568] NET: Registered protocol family 10
Apr  2 07:17:17 raspberrypi kernel: [   19.435715] Installing knfsd (copyright (C) 1996 okir@monad.swb.de).
Apr  2 07:17:17 raspberrypi kernel: [   22.310092] IPv6: ADDRCONF(NETDEV_UP): wlan0: link is not ready
Apr  2 07:17:17 raspberrypi kernel: [   22.427484] 8021q: 802.1Q VLAN Support v1.8
Apr  2 07:17:17 raspberrypi kernel: [   22.559358] IPv6: ADDRCONF(NETDEV_CHANGE): wlan0: link becomes ready
Apr  2 07:17:32 raspberrypi dhcpd: Internet Systems Consortium DHCP Server 4.2.2
Apr  2 07:17:32 raspberrypi dhcpd: Copyright 2004-2011 Internet Systems Consortium.
Apr  2 07:17:32 raspberrypi dhcpd: All rights reserved.
Apr  2 07:17:32 raspberrypi dhcpd: For info, please visit https://www.isc.org/software/dhcp/
Apr  2 07:17:32 raspberrypi dhcpd: Internet Systems Consortium DHCP Server 4.2.2
Apr  2 07:17:32 raspberrypi dhcpd: Copyright 2004-2011 Internet Systems Consortium.
Apr  2 07:17:32 raspberrypi dhcpd: All rights reserved.
Apr  2 07:17:32 raspberrypi dhcpd: For info, please visit https://www.isc.org/software/dhcp/
Apr  2 07:17:32 raspberrypi dhcpd: Wrote 0 leases to leases file.
Apr  2 07:17:32 raspberrypi dhcpd: 
Apr  2 07:17:36 raspberrypi kernel: [   42.961944] ip_tables: (C) 2000-2006 Netfilter Core Team
Apr  2 07:17:36 raspberrypi kernel: [   43.017576] nf_conntrack version 0.5.0 (7764 buckets, 31056 max)
Apr  2 09:22:50 raspberrypi kernel: [ 7557.444771] SysRq : HELP : loglevel(0-9) reboot(b) crash(c) terminate-all-tasks(e) memory-full-oom-kill(f) debug(g) kill-all-tasks(i) thaw-filesystems(j) sak(k) show-memory-usage(m) nice-all-RT-tasks(n) poweroff(o) show-registers(p) show-all-timers(q) unraw(r) sync(s) show-task-states(t) unmount(u) show-blocked-tasks(w) 
Apr  2 12:03:03 raspberrypi shutdown[3729]: shutting down for system halt
Apr  2 12:03:21 raspberrypi kernel: imklog 5.8.11, log source = /proc/kmsg started.
Apr  2 12:03:21 raspberrypi rsyslogd: [origin software="rsyslogd" swVersion="5.8.11" x-pid="1873" x-info="http://www.rsyslog.com"] start
Apr  2 12:03:21 raspberrypi kernel: [    0.000000] Booting Linux on physical CPU 0x0
Apr  2 12:03:21 raspberrypi kernel: [    0.000000] Initializing cgroup subsys cpu
Apr  2 12:03:21 raspberrypi kernel: [    0.000000] Initializing cgroup subsys cpuacct
Apr  2 12:03:21 raspberrypi kernel: [    0.000000] Linux version 3.10.33+ (dc4@dc4-arm-01) (gcc version 4.7.2 20120731 (prerelease) (crosstool-NG linaro-1.13.1+bzr2458 - Linaro GCC 2012.08) ) #654 PREEMPT Fri Mar 7 16:32:08 GMT 2014
Apr  2 12:03:21 raspberrypi kernel: [    0.000000] CPU: ARMv6-compatible processor [410fb767] revision 7 (ARMv7), cr=00c5387d
Apr  2 12:03:21 raspberrypi kernel: [    0.000000] CPU: PIPT / VIPT nonaliasing data cache, VIPT nonaliasing instruction cache
Apr  2 12:03:21 raspberrypi kernel: [    0.000000] Machine: BCM2708
Apr  2 12:03:21 raspberrypi kernel: [    0.000000] cma: CMA: reserved 16 MiB at 1e000000
Apr  2 12:03:21 raspberrypi kernel: [    0.000000] Memory policy: ECC disabled, Data cache writeback
Apr  2 12:03:21 raspberrypi kernel: [    0.000000] Built 1 zonelists in Zone order, mobility grouping on.  Total pages: 125984
Apr  2 12:03:21 raspberrypi kernel: [    0.000000] Kernel command line: dma.dmachans=0x7f35 bcm2708_fb.fbwidth=656 bcm2708_fb.fbheight=416 bcm2708.boardrev=0xe bcm2708.serial=0x161a10fb smsc95xx.macaddr=B8:27:EB:1A:10:FB sdhci-bcm2708.emmc_clock_freq=250000000 vc_mem.mem_base=0x1fa00000 vc_mem.mem_size=0x20000000  dwc_otg.lpm_enable=0 console=ttyAMA0,115200 kgdboc=ttyAMA0,115200 console=tty1 root=/dev/mmcblk0p2 rootfstype=ext4 elevator=deadline rootwait
Apr  2 12:03:21 raspberrypi kernel: [    0.000000] PID hash table entries: 2048 (order: 1, 8192 bytes)
Apr  2 12:03:21 raspberrypi kernel: [    0.000000] Dentry cache hash table entries: 65536 (order: 6, 262144 bytes)
Apr  2 12:03:21 raspberrypi kernel: [    0.000000] Inode-cache hash table entries: 32768 (order: 5, 131072 bytes)
Apr  2 12:03:21 raspberrypi kernel: [    0.000000] Memory: 496MB = 496MB total
Apr  2 12:03:21 raspberrypi kernel: [    0.000000] Memory: 480416k/480416k available, 27488k reserved, 0K highmem
Apr  2 12:03:21 raspberrypi kernel: [    0.000000] Virtual kernel memory layout:
Apr  2 12:03:21 raspberrypi kernel: [    0.000000]     vector  : 0xffff0000 - 0xffff1000   (   4 kB)
Apr  2 12:03:21 raspberrypi kernel: [    0.000000]     fixmap  : 0xfff00000 - 0xfffe0000   ( 896 kB)
Apr  2 12:03:21 raspberrypi kernel: [    0.000000]     vmalloc : 0xdf800000 - 0xff000000   ( 504 MB)
Apr  2 12:03:21 raspberrypi kernel: [    0.000000]     lowmem  : 0xc0000000 - 0xdf000000   ( 496 MB)
Apr  2 12:03:21 raspberrypi kernel: [    0.000000]     modules : 0xbf000000 - 0xc0000000   (  16 MB)
Apr  2 12:03:21 raspberrypi kernel: [    0.000000]       .text : 0xc0008000 - 0xc05737e4   (5550 kB)
Apr  2 12:03:21 raspberrypi kernel: [    0.000000]       .init : 0xc0574000 - 0xc0598364   ( 145 kB)
Apr  2 12:03:21 raspberrypi kernel: [    0.000000]       .data : 0xc059a000 - 0xc05d29d0   ( 227 kB)
Apr  2 12:03:21 raspberrypi kernel: [    0.000000]        .bss : 0xc05d29d0 - 0xc067dbc0   ( 685 kB)
Apr  2 12:03:21 raspberrypi kernel: [    0.000000] SLUB: HWalign=32, Order=0-3, MinObjects=0, CPUs=1, Nodes=1
Apr  2 12:03:21 raspberrypi kernel: [    0.000000] Preemptible hierarchical RCU implementation.
Apr  2 12:03:21 raspberrypi kernel: [    0.000000] NR_IRQS:330
Apr  2 12:03:21 raspberrypi kernel: [    0.000000] sched_clock: 32 bits at 1000kHz, resolution 1000ns, wraps every 4294967ms
Apr  2 12:03:21 raspberrypi kernel: [    0.000000] Switching to timer-based delay loop
Apr  2 12:03:21 raspberrypi kernel: [    0.000000] Console: colour dummy device 80x30
Apr  2 12:03:21 raspberrypi kernel: [    0.000000] console [tty1] enabled
Apr  2 12:03:21 raspberrypi kernel: [    0.001161] Calibrating delay loop (skipped), value calculated using timer frequency.. 2.00 BogoMIPS (lpj=10000)
Apr  2 12:03:21 raspberrypi kernel: [    0.001224] pid_max: default: 32768 minimum: 301
Apr  2 12:03:21 raspberrypi kernel: [    0.001697] Mount-cache hash table entries: 512
Apr  2 12:03:21 raspberrypi kernel: [    0.002495] Initializing cgroup subsys memory
Apr  2 12:03:21 raspberrypi kernel: [    0.002597] Initializing cgroup subsys devices
Apr  2 12:03:21 raspberrypi kernel: [    0.002636] Initializing cgroup subsys freezer
Apr  2 12:03:21 raspberrypi kernel: [    0.002668] Initializing cgroup subsys blkio
Apr  2 12:03:21 raspberrypi kernel: [    0.002823] CPU: Testing write buffer coherency: ok
Apr  2 12:03:21 raspberrypi kernel: [    0.003289] Setting up static identity map for 0xc04068a8 - 0xc0406904
Apr  2 12:03:21 raspberrypi kernel: [    0.005040] devtmpfs: initialized
Apr  2 12:03:21 raspberrypi kernel: [    0.019424] NET: Registered protocol family 16
Apr  2 12:03:21 raspberrypi kernel: [    0.025350] DMA: preallocated 4096 KiB pool for atomic coherent allocations
Apr  2 12:03:21 raspberrypi kernel: [    0.026451] bcm2708.uart_clock = 0
Apr  2 12:03:21 raspberrypi kernel: [    0.028170] hw-breakpoint: found 6 breakpoint and 1 watchpoint registers.
Apr  2 12:03:21 raspberrypi kernel: [    0.028224] hw-breakpoint: maximum watchpoint size is 4 bytes.
Apr  2 12:03:21 raspberrypi kernel: [    0.028261] mailbox: Broadcom VideoCore Mailbox driver
Apr  2 12:03:21 raspberrypi kernel: [    0.028356] bcm2708_vcio: mailbox at f200b880
Apr  2 12:03:21 raspberrypi kernel: [    0.028459] bcm_power: Broadcom power driver
Apr  2 12:03:21 raspberrypi kernel: [    0.028499] bcm_power_open() -> 0
Apr  2 12:03:21 raspberrypi kernel: [    0.028526] bcm_power_request(0, 8)
Apr  2 12:03:21 raspberrypi kernel: [    0.529241] bcm_mailbox_read -> 00000080, 0
Apr  2 12:03:21 raspberrypi kernel: [    0.529284] bcm_power_request -> 0
Apr  2 12:03:21 raspberrypi kernel: [    0.529504] Serial: AMBA PL011 UART driver
Apr  2 12:03:21 raspberrypi kernel: [    0.529646] dev:f1: ttyAMA0 at MMIO 0x20201000 (irq = 83) is a PL011 rev3
Apr  2 12:03:21 raspberrypi kernel: [    0.871777] console [ttyAMA0] enabled
Apr  2 12:03:21 raspberrypi kernel: [    0.897790] bio: create slab <bio-0> at 0
Apr  2 12:03:21 raspberrypi kernel: [    0.903077] SCSI subsystem initialized
Apr  2 12:03:21 raspberrypi kernel: [    0.907061] usbcore: registered new interface driver usbfs
Apr  2 12:03:21 raspberrypi kernel: [    0.912770] usbcore: registered new interface driver hub
Apr  2 12:03:21 raspberrypi kernel: [    0.918317] usbcore: registered new device driver usb
Apr  2 12:03:21 raspberrypi kernel: [    0.924875] Switching to clocksource stc
Apr  2 12:03:21 raspberrypi kernel: [    0.929211] FS-Cache: Loaded
Apr  2 12:03:21 raspberrypi kernel: [    0.932376] CacheFiles: Loaded
Apr  2 12:03:21 raspberrypi kernel: [    0.947824] NET: Registered protocol family 2
Apr  2 12:03:21 raspberrypi kernel: [    0.953224] TCP established hash table entries: 4096 (order: 3, 32768 bytes)
Apr  2 12:03:21 raspberrypi kernel: [    0.960488] TCP bind hash table entries: 4096 (order: 2, 16384 bytes)
Apr  2 12:03:21 raspberrypi kernel: [    0.967012] TCP: Hash tables configured (established 4096 bind 4096)
Apr  2 12:03:21 raspberrypi kernel: [    0.973492] TCP: reno registered
Apr  2 12:03:21 raspberrypi kernel: [    0.976752] UDP hash table entries: 256 (order: 0, 4096 bytes)
Apr  2 12:03:21 raspberrypi kernel: [    0.982664] UDP-Lite hash table entries: 256 (order: 0, 4096 bytes)
Apr  2 12:03:21 raspberrypi kernel: [    0.989395] NET: Registered protocol family 1
Apr  2 12:03:21 raspberrypi kernel: [    0.994312] RPC: Registered named UNIX socket transport module.
Apr  2 12:03:21 raspberrypi kernel: [    1.000371] RPC: Registered udp transport module.
Apr  2 12:03:21 raspberrypi kernel: [    1.005099] RPC: Registered tcp transport module.
Apr  2 12:03:21 raspberrypi kernel: [    1.009850] RPC: Registered tcp NFSv4.1 backchannel transport module.
Apr  2 12:03:21 raspberrypi kernel: [    1.017210] bcm2708_dma: DMA manager at f2007000
Apr  2 12:03:21 raspberrypi kernel: [    1.022031] bcm2708_gpio: bcm2708_gpio_probe c05a7e50
Apr  2 12:03:21 raspberrypi kernel: [    1.027501] vc-mem: phys_addr:0x00000000 mem_base=0x1fa00000 mem_size:0x20000000(512 MiB)
Apr  2 12:03:21 raspberrypi kernel: [    1.036868] audit: initializing netlink socket (disabled)
Apr  2 12:03:21 raspberrypi kernel: [    1.042538] type=2000 audit(0.890:1): initialized
Apr  2 12:03:21 raspberrypi kernel: [    1.204196] VFS: Disk quotas dquot_6.5.2
Apr  2 12:03:21 raspberrypi kernel: [    1.208444] Dquot-cache hash table entries: 1024 (order 0, 4096 bytes)
Apr  2 12:03:21 raspberrypi kernel: [    1.217365] FS-Cache: Netfs 'nfs' registered for caching
Apr  2 12:03:21 raspberrypi kernel: [    1.224081] NFS: Registering the id_resolver key type
Apr  2 12:03:21 raspberrypi kernel: [    1.229384] Key type id_resolver registered
Apr  2 12:03:21 raspberrypi kernel: [    1.233596] Key type id_legacy registered
Apr  2 12:03:21 raspberrypi kernel: [    1.238315] msgmni has been set to 970
Apr  2 12:03:21 raspberrypi kernel: [    1.244218] Block layer SCSI generic (bsg) driver version 0.4 loaded (major 252)
Apr  2 12:03:21 raspberrypi kernel: [    1.252069] io scheduler noop registered
Apr  2 12:03:21 raspberrypi kernel: [    1.256032] io scheduler deadline registered (default)
Apr  2 12:03:21 raspberrypi kernel: [    1.261613] io scheduler cfq registered
Apr  2 12:03:21 raspberrypi kernel: [    1.266902] BCM2708FB: allocated DMA memory 5e400000
Apr  2 12:03:21 raspberrypi kernel: [    1.272078] BCM2708FB: allocated DMA channel 0 @ f2007000
Apr  2 12:03:21 raspberrypi kernel: [    1.284975] Console: switching to colour frame buffer device 82x26
Apr  2 12:03:21 raspberrypi kernel: [    1.295084] uart-pl011 dev:f1: no DMA platform data
Apr  2 12:03:21 raspberrypi kernel: [    1.301542] kgdb: Registered I/O driver kgdboc.
Apr  2 12:03:21 raspberrypi kernel: [    1.308067] vc-cma: Videocore CMA driver
Apr  2 12:03:21 raspberrypi kernel: [    1.313440] vc-cma: vc_cma_base      = 0x00000000
Apr  2 12:03:21 raspberrypi kernel: [    1.319518] vc-cma: vc_cma_size      = 0x00000000 (0 MiB)
Apr  2 12:03:21 raspberrypi kernel: [    1.326176] vc-cma: vc_cma_initial   = 0x00000000 (0 MiB)
Apr  2 12:03:21 raspberrypi kernel: [    1.341912] brd: module loaded
Apr  2 12:03:21 raspberrypi kernel: [    1.351455] loop: module loaded
Apr  2 12:03:21 raspberrypi kernel: [    1.356092] vchiq: vchiq_init_state: slot_zero = 0xde000000, is_master = 0
Apr  2 12:03:21 raspberrypi kernel: [    1.365188] Loading iSCSI transport class v2.0-870.
Apr  2 12:03:21 raspberrypi kernel: [    1.372471] usbcore: registered new interface driver smsc95xx
Apr  2 12:03:21 raspberrypi kernel: [    1.379720] dwc_otg: version 3.00a 10-AUG-2012 (platform bus)
Apr  2 12:03:21 raspberrypi kernel: [    1.586856] Core Release: 2.80a
Apr  2 12:03:21 raspberrypi kernel: [    1.591368] Setting default values for core params
Apr  2 12:03:21 raspberrypi kernel: [    1.597385] Finished setting default values for core params
Apr  2 12:03:21 raspberrypi kernel: [    1.804237] Using Buffer DMA mode
Apr  2 12:03:21 raspberrypi kernel: [    1.808785] Periodic Transfer Interrupt Enhancement - disabled
Apr  2 12:03:21 raspberrypi kernel: [    1.815888] Multiprocessor Interrupt Enhancement - disabled
Apr  2 12:03:21 raspberrypi kernel: [    1.822745] OTG VER PARAM: 0, OTG VER FLAG: 0
Apr  2 12:03:21 raspberrypi kernel: [    1.828364] Dedicated Tx FIFOs mode
Apr  2 12:03:21 raspberrypi kernel: [    1.833889] dwc_otg bcm2708_usb: DWC OTG Controller
Apr  2 12:03:21 raspberrypi kernel: [    1.840161] dwc_otg bcm2708_usb: new USB bus registered, assigned bus number 1
Apr  2 12:03:21 raspberrypi kernel: [    1.848725] dwc_otg bcm2708_usb: irq 32, io mem 0x00000000
Apr  2 12:03:21 raspberrypi kernel: [    1.855545] Init: Port Power? op_state=1
Apr  2 12:03:21 raspberrypi kernel: [    1.860768] Init: Power Port (0)
Apr  2 12:03:21 raspberrypi kernel: [    1.865354] usb usb1: New USB device found, idVendor=1d6b, idProduct=0002
Apr  2 12:03:21 raspberrypi kernel: [    1.873609] usb usb1: New USB device strings: Mfr=3, Product=2, SerialNumber=1
Apr  2 12:03:21 raspberrypi kernel: [    1.882249] usb usb1: Product: DWC OTG Controller
Apr  2 12:03:21 raspberrypi kernel: [    1.888313] usb usb1: Manufacturer: Linux 3.10.33+ dwc_otg_hcd
Apr  2 12:03:21 raspberrypi kernel: [    1.895532] usb usb1: SerialNumber: bcm2708_usb
Apr  2 12:03:21 raspberrypi kernel: [    1.902212] hub 1-0:1.0: USB hub found
Apr  2 12:03:21 raspberrypi kernel: [    1.907325] hub 1-0:1.0: 1 port detected
Apr  2 12:03:21 raspberrypi kernel: [    1.913415] usbcore: registered new interface driver usb-storage
Apr  2 12:03:21 raspberrypi kernel: [    1.921227] mousedev: PS/2 mouse device common for all mice
Apr  2 12:03:21 raspberrypi kernel: [    1.928736] bcm2835-cpufreq: min=700000 max=700000 cur=700000
Apr  2 12:03:21 raspberrypi kernel: [    1.936023] bcm2835-cpufreq: switching to governor powersave
Apr  2 12:03:21 raspberrypi kernel: [    1.943076] bcm2835-cpufreq: switching to governor powersave
Apr  2 12:03:21 raspberrypi kernel: [    1.950037] cpuidle: using governor ladder
Apr  2 12:03:21 raspberrypi kernel: [    1.955339] cpuidle: using governor menu
Apr  2 12:03:21 raspberrypi kernel: [    1.960527] sdhci: Secure Digital Host Controller Interface driver
Apr  2 12:03:21 raspberrypi kernel: [    1.967948] sdhci: Copyright(c) Pierre Ossman
Apr  2 12:03:21 raspberrypi kernel: [    1.973614] sdhci: Enable low-latency mode
Apr  2 12:03:21 raspberrypi kernel: [    2.018909] mmc0: SDHCI controller on BCM2708_Arasan [platform] using platform's DMA
Apr  2 12:03:21 raspberrypi kernel: [    2.029392] mmc0: BCM2708 SDHC host at 0x20300000 DMA 2 IRQ 77
Apr  2 12:03:21 raspberrypi kernel: [    2.036627] sdhci-pltfm: SDHCI platform and OF driver helper
Apr  2 12:03:21 raspberrypi kernel: [    2.043776] ledtrig-cpu: registered to indicate activity on CPUs
Apr  2 12:03:21 raspberrypi kernel: [    2.053371] hidraw: raw HID events driver (C) Jiri Kosina
Apr  2 12:03:21 raspberrypi kernel: [    2.067670] usbcore: registered new interface driver usbhid
Apr  2 12:03:21 raspberrypi kernel: [    2.074757] usbhid: USB HID core driver
Apr  2 12:03:21 raspberrypi kernel: [    2.084604] TCP: cubic registered
Apr  2 12:03:21 raspberrypi kernel: [    2.091353] Initializing XFRM netlink socket
Apr  2 12:03:21 raspberrypi kernel: [    2.099069] NET: Registered protocol family 17
Apr  2 12:03:21 raspberrypi kernel: [    2.105048] Key type dns_resolver registered
Apr  2 12:03:21 raspberrypi kernel: [    2.114012] Indeed it is in host mode hprt0 = 00021501
Apr  2 12:03:21 raspberrypi kernel: [    2.121004] VFP support v0.3: implementor 41 architecture 1 part 20 variant b rev 5
Apr  2 12:03:21 raspberrypi kernel: [    2.149630] registered taskstats version 1
Apr  2 12:03:21 raspberrypi kernel: [    2.159840] Waiting for root device /dev/mmcblk0p2...
Apr  2 12:03:21 raspberrypi kernel: [    2.191280] mmc0: read SD Status register (SSR) after 2 attempts
Apr  2 12:03:21 raspberrypi kernel: [    2.218924] mmc0: new high speed SDHC card at address e624
Apr  2 12:03:21 raspberrypi kernel: [    2.230528] mmcblk0: mmc0:e624 SU04G 3.69 GiB 
Apr  2 12:03:21 raspberrypi kernel: [    2.238107]  mmcblk0: p1 p2
Apr  2 12:03:21 raspberrypi kernel: [    2.285589] EXT4-fs (mmcblk0p2): mounted filesystem with ordered data mode. Opts: (null)
Apr  2 12:03:21 raspberrypi kernel: [    2.296750] VFS: Mounted root (ext4 filesystem) on device 179:2.
Apr  2 12:03:21 raspberrypi kernel: [    2.305489] devtmpfs: mounted
Apr  2 12:03:21 raspberrypi kernel: [    2.310442] Freeing unused kernel memory: 144K (c0574000 - c0598000)
Apr  2 12:03:21 raspberrypi kernel: [    2.348971] usb 1-1: new high-speed USB device number 2 using dwc_otg
Apr  2 12:03:21 raspberrypi kernel: [    2.357845] Indeed it is in host mode hprt0 = 00001101
Apr  2 12:03:21 raspberrypi kernel: [    2.569560] usb 1-1: New USB device found, idVendor=0424, idProduct=9512
Apr  2 12:03:21 raspberrypi kernel: [    2.577937] usb 1-1: New USB device strings: Mfr=0, Product=0, SerialNumber=0
Apr  2 12:03:21 raspberrypi kernel: [    2.590245] hub 1-1:1.0: USB hub found
Apr  2 12:03:21 raspberrypi kernel: [    2.597729] hub 1-1:1.0: 3 ports detected
Apr  2 12:03:21 raspberrypi kernel: [    2.879234] usb 1-1.1: new high-speed USB device number 3 using dwc_otg
Apr  2 12:03:21 raspberrypi kernel: [    3.009610] usb 1-1.1: New USB device found, idVendor=0424, idProduct=ec00
Apr  2 12:03:21 raspberrypi kernel: [    3.018143] usb 1-1.1: New USB device strings: Mfr=0, Product=0, SerialNumber=0
Apr  2 12:03:21 raspberrypi kernel: [    3.034080] smsc95xx v1.0.4
Apr  2 12:03:21 raspberrypi kernel: [    3.106871] smsc95xx 1-1.1:1.0 eth0: register 'smsc95xx' at usb-bcm2708_usb-1.1, smsc95xx USB 2.0 Ethernet, b8:27:eb:1a:10:fb
Apr  2 12:03:21 raspberrypi kernel: [    3.219330] usb 1-1.3: new high-speed USB device number 4 using dwc_otg
Apr  2 12:03:21 raspberrypi kernel: [    3.350803] usb 1-1.3: New USB device found, idVendor=0cf3, idProduct=9271
Apr  2 12:03:21 raspberrypi kernel: [    3.369030] usb 1-1.3: New USB device strings: Mfr=16, Product=32, SerialNumber=48
Apr  2 12:03:21 raspberrypi kernel: [    3.388380] usb 1-1.3: Product: USB2.0 WLAN
Apr  2 12:03:21 raspberrypi kernel: [    3.409042] usb 1-1.3: Manufacturer: ATHEROS
Apr  2 12:03:21 raspberrypi kernel: [    3.414942] usb 1-1.3: SerialNumber: 12345
Apr  2 12:03:21 raspberrypi kernel: [    4.667716] bcm2708_i2c_init_pinmode(0,0)
Apr  2 12:03:21 raspberrypi kernel: [    4.782194] bcm2708_i2c_init_pinmode(0,1)
Apr  2 12:03:21 raspberrypi kernel: [    4.860658] bcm2708_i2c bcm2708_i2c.0: BSC0 Controller at 0x20205000 (irq 79) (baudrate 100000)
Apr  2 12:03:21 raspberrypi kernel: [    4.977649] cfg80211: Calling CRDA to update world regulatory domain
Apr  2 12:03:21 raspberrypi kernel: [    5.059243] bcm2708_spi bcm2708_spi.0: master is unqueued, this is deprecated
Apr  2 12:03:21 raspberrypi kernel: [    5.171247] bcm2708_spi bcm2708_spi.0: SPI Controller at 0x20204000 (irq 80)
Apr  2 12:03:21 raspberrypi kernel: [    5.255608] bcm2708_i2c_init_pinmode(1,2)
Apr  2 12:03:21 raspberrypi kernel: [    5.296458] bcm2708_i2c_init_pinmode(1,3)
Apr  2 12:03:21 raspberrypi kernel: [    5.366780] bcm2708_i2c bcm2708_i2c.1: BSC1 Controller at 0x20804000 (irq 79) (baudrate 100000)
Apr  2 12:03:21 raspberrypi kernel: [    5.590792] bcm2708-i2s bcm2708-i2s.0: Failed to create debugfs directory
Apr  2 12:03:21 raspberrypi kernel: [    5.640132] usb 1-1.3: ath9k_htc: Firmware htc_9271.fw requested
Apr  2 12:03:21 raspberrypi kernel: [    5.693749] usbcore: registered new interface driver ath9k_htc
Apr  2 12:03:21 raspberrypi kernel: [    5.941568] usb 1-1.3: ath9k_htc: Transferred FW: htc_9271.fw, size: 51272
Apr  2 12:03:21 raspberrypi kernel: [    6.177761] ath9k_htc 1-1.3:1.0: ath9k_htc: HTC initialized with 33 credits
Apr  2 12:03:21 raspberrypi kernel: [    6.429944] ath9k_htc 1-1.3:1.0: ath9k_htc: FW Version: 1.3
Apr  2 12:03:21 raspberrypi kernel: [    6.521477] ieee80211 phy0: Atheros AR9271 Rev:1
Apr  2 12:03:21 raspberrypi kernel: [    6.904109] cfg80211: World regulatory domain updated:
Apr  2 12:03:21 raspberrypi kernel: [    6.919078] cfg80211:   (start_freq - end_freq @ bandwidth), (max_antenna_gain, max_eirp)
Apr  2 12:03:21 raspberrypi kernel: [    6.938978] cfg80211:   (2402000 KHz - 2472000 KHz @ 40000 KHz), (300 mBi, 2000 mBm)
Apr  2 12:03:21 raspberrypi kernel: [    6.966494] cfg80211:   (2457000 KHz - 2482000 KHz @ 20000 KHz), (300 mBi, 2000 mBm)
Apr  2 12:03:21 raspberrypi kernel: [    6.981756] cfg80211:   (2474000 KHz - 2494000 KHz @ 20000 KHz), (300 mBi, 2000 mBm)
Apr  2 12:03:21 raspberrypi kernel: [    7.006715] cfg80211:   (5170000 KHz - 5250000 KHz @ 40000 KHz), (300 mBi, 2000 mBm)
Apr  2 12:03:21 raspberrypi kernel: [    7.018239] cfg80211:   (5735000 KHz - 5835000 KHz @ 40000 KHz), (300 mBi, 2000 mBm)
Apr  2 12:03:21 raspberrypi kernel: [    7.029772] cfg80211: Calling CRDA for country: CN
Apr  2 12:03:21 raspberrypi kernel: [    7.089655] cfg80211: Regulatory domain changed to country: CN
Apr  2 12:03:21 raspberrypi kernel: [    7.097355] cfg80211:   (start_freq - end_freq @ bandwidth), (max_antenna_gain, max_eirp)
Apr  2 12:03:21 raspberrypi kernel: [    7.109137] cfg80211:   (2402000 KHz - 2482000 KHz @ 40000 KHz), (N/A, 2000 mBm)
Apr  2 12:03:21 raspberrypi kernel: [    7.120189] cfg80211:   (5735000 KHz - 5835000 KHz @ 40000 KHz), (N/A, 3000 mBm)
Apr  2 12:03:21 raspberrypi kernel: [    9.411398] EXT4-fs (mmcblk0p2): re-mounted. Opts: (null)
Apr  2 12:03:21 raspberrypi kernel: [    9.924318] EXT4-fs (mmcblk0p2): re-mounted. Opts: commit=120,errors=remount-ro
Apr  2 12:03:21 raspberrypi kernel: [   15.476140] FAT-fs (mmcblk0p1): Volume was not properly unmounted. Some data may be corrupt. Please run fsck.
Apr  2 12:03:21 raspberrypi kernel: [   18.230035] NET: Registered protocol family 10
Apr  2 12:03:21 raspberrypi kernel: [   19.072060] Installing knfsd (copyright (C) 1996 okir@monad.swb.de).
Apr  2 12:03:21 raspberrypi kernel: [   21.939414] IPv6: ADDRCONF(NETDEV_UP): wlan0: link is not ready
Apr  2 12:03:21 raspberrypi kernel: [   22.071977] 8021q: 802.1Q VLAN Support v1.8
Apr  2 12:03:21 raspberrypi kernel: [   22.210454] IPv6: ADDRCONF(NETDEV_CHANGE): wlan0: link becomes ready
Apr  2 12:03:24 raspberrypi dhcpd: Internet Systems Consortium DHCP Server 4.2.2
Apr  2 12:03:24 raspberrypi dhcpd: Copyright 2004-2011 Internet Systems Consortium.
Apr  2 12:03:24 raspberrypi dhcpd: All rights reserved.
Apr  2 12:03:24 raspberrypi dhcpd: For info, please visit https://www.isc.org/software/dhcp/
Apr  2 12:03:24 raspberrypi dhcpd: Internet Systems Consortium DHCP Server 4.2.2
Apr  2 12:03:24 raspberrypi dhcpd: Copyright 2004-2011 Internet Systems Consortium.
Apr  2 12:03:24 raspberrypi dhcpd: All rights reserved.
Apr  2 12:03:24 raspberrypi dhcpd: For info, please visit https://www.isc.org/software/dhcp/
Apr  2 12:03:24 raspberrypi dhcpd: Wrote 0 leases to leases file.
Apr  2 12:03:24 raspberrypi dhcpd: 
Apr  2 12:03:38 raspberrypi kernel: [   40.952761] ip_tables: (C) 2000-2006 Netfilter Core Team
Apr  2 12:03:38 raspberrypi kernel: [   41.052205] nf_conntrack version 0.5.0 (7764 buckets, 31056 max)
Apr  2 12:12:18 raspberrypi kernel: [  560.963684] device wlan0 entered promiscuous mode
Apr  2 12:17:50 raspberrypi kernel: [  892.940103] device wlan0 left promiscuous mode
Apr  2 12:29:19 raspberrypi kernel: [ 1581.556189] IPv6: ADDRCONF(NETDEV_UP): wlan0: link is not ready
Apr  2 12:29:19 raspberrypi kernel: [ 1581.720486] IPv6: ADDRCONF(NETDEV_CHANGE): wlan0: link becomes ready
Apr  2 12:29:37 raspberrypi kernel: [ 1599.826557] IPv6: ADDRCONF(NETDEV_UP): wlan0: link is not ready
Apr  2 12:29:37 raspberrypi kernel: [ 1600.009042] IPv6: ADDRCONF(NETDEV_CHANGE): wlan0: link becomes ready
Apr  2 12:30:01 raspberrypi kernel: [ 1623.617292] IPv6: ADDRCONF(NETDEV_UP): wlan0: link is not ready
Apr  2 12:30:01 raspberrypi kernel: [ 1623.798129] IPv6: ADDRCONF(NETDEV_CHANGE): wlan0: link becomes ready
Apr  2 12:33:30 raspberrypi kernel: [ 1832.648911] device wlan0 entered promiscuous mode
Apr  2 12:33:36 raspberrypi kernel: [ 1839.283878] device wlan0 left promiscuous mode
Apr  2 12:33:37 raspberrypi kernel: [ 1839.716787] IPv6: ADDRCONF(NETDEV_UP): wlan0: link is not ready
Apr  2 12:33:37 raspberrypi kernel: [ 1839.894123] IPv6: ADDRCONF(NETDEV_CHANGE): wlan0: link becomes ready
Apr  2 12:37:10 raspberrypi kernel: [ 2053.069537] IPv6: ADDRCONF(NETDEV_UP): wlan0: link is not ready
Apr  2 12:37:10 raspberrypi kernel: [ 2053.255201] IPv6: ADDRCONF(NETDEV_CHANGE): wlan0: link becomes ready
Apr  2 12:57:02 raspberrypi kernel: [ 3244.862207] IPv6: ADDRCONF(NETDEV_UP): wlan0: link is not ready
Apr  2 12:57:02 raspberrypi kernel: [ 3245.005718] IPv6: ADDRCONF(NETDEV_CHANGE): wlan0: link becomes ready
Apr  2 13:17:17 raspberrypi kernel: imklog 5.8.11, log source = /proc/kmsg started.
Apr  2 13:17:17 raspberrypi rsyslogd: [origin software="rsyslogd" swVersion="5.8.11" x-pid="1875" x-info="http://www.rsyslog.com"] start
Apr  2 13:17:17 raspberrypi kernel: [    0.000000] Booting Linux on physical CPU 0x0
Apr  2 13:17:17 raspberrypi kernel: [    0.000000] Initializing cgroup subsys cpu
Apr  2 13:17:17 raspberrypi kernel: [    0.000000] Initializing cgroup subsys cpuacct
Apr  2 13:17:17 raspberrypi kernel: [    0.000000] Linux version 3.10.33+ (dc4@dc4-arm-01) (gcc version 4.7.2 20120731 (prerelease) (crosstool-NG linaro-1.13.1+bzr2458 - Linaro GCC 2012.08) ) #654 PREEMPT Fri Mar 7 16:32:08 GMT 2014
Apr  2 13:17:17 raspberrypi kernel: [    0.000000] CPU: ARMv6-compatible processor [410fb767] revision 7 (ARMv7), cr=00c5387d
Apr  2 13:17:17 raspberrypi kernel: [    0.000000] CPU: PIPT / VIPT nonaliasing data cache, VIPT nonaliasing instruction cache
Apr  2 13:17:17 raspberrypi kernel: [    0.000000] Machine: BCM2708
Apr  2 13:17:17 raspberrypi kernel: [    0.000000] cma: CMA: reserved 16 MiB at 1e000000
Apr  2 13:17:17 raspberrypi kernel: [    0.000000] Memory policy: ECC disabled, Data cache writeback
Apr  2 13:17:17 raspberrypi kernel: [    0.000000] Built 1 zonelists in Zone order, mobility grouping on.  Total pages: 125984
Apr  2 13:17:17 raspberrypi kernel: [    0.000000] Kernel command line: dma.dmachans=0x7f35 bcm2708_fb.fbwidth=656 bcm2708_fb.fbheight=416 bcm2708.boardrev=0xe bcm2708.serial=0x161a10fb smsc95xx.macaddr=B8:27:EB:1A:10:FB sdhci-bcm2708.emmc_clock_freq=250000000 vc_mem.mem_base=0x1fa00000 vc_mem.mem_size=0x20000000  dwc_otg.lpm_enable=0 console=ttyAMA0,115200 kgdboc=ttyAMA0,115200 console=tty1 root=/dev/mmcblk0p2 rootfstype=ext4 elevator=deadline rootwait
Apr  2 13:17:17 raspberrypi kernel: [    0.000000] PID hash table entries: 2048 (order: 1, 8192 bytes)
Apr  2 13:17:17 raspberrypi kernel: [    0.000000] Dentry cache hash table entries: 65536 (order: 6, 262144 bytes)
Apr  2 13:17:17 raspberrypi kernel: [    0.000000] Inode-cache hash table entries: 32768 (order: 5, 131072 bytes)
Apr  2 13:17:17 raspberrypi kernel: [    0.000000] Memory: 496MB = 496MB total
Apr  2 13:17:17 raspberrypi kernel: [    0.000000] Memory: 480416k/480416k available, 27488k reserved, 0K highmem
Apr  2 13:17:17 raspberrypi kernel: [    0.000000] Virtual kernel memory layout:
Apr  2 13:17:17 raspberrypi kernel: [    0.000000]     vector  : 0xffff0000 - 0xffff1000   (   4 kB)
Apr  2 13:17:17 raspberrypi kernel: [    0.000000]     fixmap  : 0xfff00000 - 0xfffe0000   ( 896 kB)
Apr  2 13:17:17 raspberrypi kernel: [    0.000000]     vmalloc : 0xdf800000 - 0xff000000   ( 504 MB)
Apr  2 13:17:17 raspberrypi kernel: [    0.000000]     lowmem  : 0xc0000000 - 0xdf000000   ( 496 MB)
Apr  2 13:17:17 raspberrypi kernel: [    0.000000]     modules : 0xbf000000 - 0xc0000000   (  16 MB)
Apr  2 13:17:17 raspberrypi kernel: [    0.000000]       .text : 0xc0008000 - 0xc05737e4   (5550 kB)
Apr  2 13:17:17 raspberrypi kernel: [    0.000000]       .init : 0xc0574000 - 0xc0598364   ( 145 kB)
Apr  2 13:17:17 raspberrypi kernel: [    0.000000]       .data : 0xc059a000 - 0xc05d29d0   ( 227 kB)
Apr  2 13:17:17 raspberrypi kernel: [    0.000000]        .bss : 0xc05d29d0 - 0xc067dbc0   ( 685 kB)
Apr  2 13:17:17 raspberrypi kernel: [    0.000000] SLUB: HWalign=32, Order=0-3, MinObjects=0, CPUs=1, Nodes=1
Apr  2 13:17:17 raspberrypi kernel: [    0.000000] Preemptible hierarchical RCU implementation.
Apr  2 13:17:17 raspberrypi kernel: [    0.000000] NR_IRQS:330
Apr  2 13:17:17 raspberrypi kernel: [    0.000000] sched_clock: 32 bits at 1000kHz, resolution 1000ns, wraps every 4294967ms
Apr  2 13:17:17 raspberrypi kernel: [    0.000000] Switching to timer-based delay loop
Apr  2 13:17:17 raspberrypi kernel: [    0.000000] Console: colour dummy device 80x30
Apr  2 13:17:17 raspberrypi kernel: [    0.000000] console [tty1] enabled
Apr  2 13:17:17 raspberrypi kernel: [    0.001160] Calibrating delay loop (skipped), value calculated using timer frequency.. 2.00 BogoMIPS (lpj=10000)
Apr  2 13:17:17 raspberrypi kernel: [    0.001222] pid_max: default: 32768 minimum: 301
Apr  2 13:17:17 raspberrypi kernel: [    0.001697] Mount-cache hash table entries: 512
Apr  2 13:17:17 raspberrypi kernel: [    0.002505] Initializing cgroup subsys memory
Apr  2 13:17:17 raspberrypi kernel: [    0.002606] Initializing cgroup subsys devices
Apr  2 13:17:17 raspberrypi kernel: [    0.002646] Initializing cgroup subsys freezer
Apr  2 13:17:17 raspberrypi kernel: [    0.002678] Initializing cgroup subsys blkio
Apr  2 13:17:17 raspberrypi kernel: [    0.002834] CPU: Testing write buffer coherency: ok
Apr  2 13:17:17 raspberrypi kernel: [    0.003299] Setting up static identity map for 0xc04068a8 - 0xc0406904
Apr  2 13:17:17 raspberrypi kernel: [    0.005054] devtmpfs: initialized
Apr  2 13:17:17 raspberrypi kernel: [    0.019469] NET: Registered protocol family 16
Apr  2 13:17:17 raspberrypi kernel: [    0.025438] DMA: preallocated 4096 KiB pool for atomic coherent allocations
Apr  2 13:17:17 raspberrypi kernel: [    0.026547] bcm2708.uart_clock = 0
Apr  2 13:17:17 raspberrypi kernel: [    0.028268] hw-breakpoint: found 6 breakpoint and 1 watchpoint registers.
Apr  2 13:17:17 raspberrypi kernel: [    0.028324] hw-breakpoint: maximum watchpoint size is 4 bytes.
Apr  2 13:17:17 raspberrypi kernel: [    0.028362] mailbox: Broadcom VideoCore Mailbox driver
Apr  2 13:17:17 raspberrypi kernel: [    0.028459] bcm2708_vcio: mailbox at f200b880
Apr  2 13:17:17 raspberrypi kernel: [    0.028563] bcm_power: Broadcom power driver
Apr  2 13:17:17 raspberrypi kernel: [    0.028603] bcm_power_open() -> 0
Apr  2 13:17:17 raspberrypi kernel: [    0.028629] bcm_power_request(0, 8)
Apr  2 13:17:17 raspberrypi kernel: [    0.529352] bcm_mailbox_read -> 00000080, 0
Apr  2 13:17:17 raspberrypi kernel: [    0.529394] bcm_power_request -> 0
Apr  2 13:17:17 raspberrypi kernel: [    0.529615] Serial: AMBA PL011 UART driver
Apr  2 13:17:17 raspberrypi kernel: [    0.529757] dev:f1: ttyAMA0 at MMIO 0x20201000 (irq = 83) is a PL011 rev3
Apr  2 13:17:17 raspberrypi kernel: [    0.871892] console [ttyAMA0] enabled
Apr  2 13:17:17 raspberrypi kernel: [    0.897924] bio: create slab <bio-0> at 0
Apr  2 13:17:17 raspberrypi kernel: [    0.903218] SCSI subsystem initialized
Apr  2 13:17:17 raspberrypi kernel: [    0.907201] usbcore: registered new interface driver usbfs
Apr  2 13:17:17 raspberrypi kernel: [    0.912916] usbcore: registered new interface driver hub
Apr  2 13:17:17 raspberrypi kernel: [    0.918467] usbcore: registered new device driver usb
Apr  2 13:17:17 raspberrypi kernel: [    0.925025] Switching to clocksource stc
Apr  2 13:17:17 raspberrypi kernel: [    0.929364] FS-Cache: Loaded
Apr  2 13:17:17 raspberrypi kernel: [    0.932530] CacheFiles: Loaded
Apr  2 13:17:17 raspberrypi kernel: [    0.947996] NET: Registered protocol family 2
Apr  2 13:17:17 raspberrypi kernel: [    0.953399] TCP established hash table entries: 4096 (order: 3, 32768 bytes)
Apr  2 13:17:17 raspberrypi kernel: [    0.960662] TCP bind hash table entries: 4096 (order: 2, 16384 bytes)
Apr  2 13:17:17 raspberrypi kernel: [    0.967187] TCP: Hash tables configured (established 4096 bind 4096)
Apr  2 13:17:17 raspberrypi kernel: [    0.973670] TCP: reno registered
Apr  2 13:17:17 raspberrypi kernel: [    0.976929] UDP hash table entries: 256 (order: 0, 4096 bytes)
Apr  2 13:17:17 raspberrypi kernel: [    0.982842] UDP-Lite hash table entries: 256 (order: 0, 4096 bytes)
Apr  2 13:17:17 raspberrypi kernel: [    0.989583] NET: Registered protocol family 1
Apr  2 13:17:17 raspberrypi kernel: [    0.994504] RPC: Registered named UNIX socket transport module.
Apr  2 13:17:17 raspberrypi kernel: [    1.000564] RPC: Registered udp transport module.
Apr  2 13:17:17 raspberrypi kernel: [    1.005291] RPC: Registered tcp transport module.
Apr  2 13:17:17 raspberrypi kernel: [    1.010041] RPC: Registered tcp NFSv4.1 backchannel transport module.
Apr  2 13:17:17 raspberrypi kernel: [    1.017407] bcm2708_dma: DMA manager at f2007000
Apr  2 13:17:17 raspberrypi kernel: [    1.022229] bcm2708_gpio: bcm2708_gpio_probe c05a7e50
Apr  2 13:17:17 raspberrypi kernel: [    1.027701] vc-mem: phys_addr:0x00000000 mem_base=0x1fa00000 mem_size:0x20000000(512 MiB)
Apr  2 13:17:17 raspberrypi kernel: [    1.037065] audit: initializing netlink socket (disabled)
Apr  2 13:17:17 raspberrypi kernel: [    1.042735] type=2000 audit(0.890:1): initialized
Apr  2 13:17:17 raspberrypi kernel: [    1.204750] VFS: Disk quotas dquot_6.5.2
Apr  2 13:17:17 raspberrypi kernel: [    1.209120] Dquot-cache hash table entries: 1024 (order 0, 4096 bytes)
Apr  2 13:17:17 raspberrypi kernel: [    1.217937] FS-Cache: Netfs 'nfs' registered for caching
Apr  2 13:17:17 raspberrypi kernel: [    1.224657] NFS: Registering the id_resolver key type
Apr  2 13:17:17 raspberrypi kernel: [    1.229952] Key type id_resolver registered
Apr  2 13:17:17 raspberrypi kernel: [    1.234164] Key type id_legacy registered
Apr  2 13:17:17 raspberrypi kernel: [    1.238883] msgmni has been set to 970
Apr  2 13:17:17 raspberrypi kernel: [    1.244787] Block layer SCSI generic (bsg) driver version 0.4 loaded (major 252)
Apr  2 13:17:17 raspberrypi kernel: [    1.252636] io scheduler noop registered
Apr  2 13:17:17 raspberrypi kernel: [    1.256597] io scheduler deadline registered (default)
Apr  2 13:17:17 raspberrypi kernel: [    1.262175] io scheduler cfq registered
Apr  2 13:17:17 raspberrypi kernel: [    1.267466] BCM2708FB: allocated DMA memory 5e400000
Apr  2 13:17:17 raspberrypi kernel: [    1.272644] BCM2708FB: allocated DMA channel 0 @ f2007000
Apr  2 13:17:17 raspberrypi kernel: [    1.299649] Console: switching to colour frame buffer device 82x26
Apr  2 13:17:17 raspberrypi kernel: [    1.309789] uart-pl011 dev:f1: no DMA platform data
Apr  2 13:17:17 raspberrypi kernel: [    1.316111] kgdb: Registered I/O driver kgdboc.
Apr  2 13:17:17 raspberrypi kernel: [    1.322685] vc-cma: Videocore CMA driver
Apr  2 13:17:17 raspberrypi kernel: [    1.327947] vc-cma: vc_cma_base      = 0x00000000
Apr  2 13:17:17 raspberrypi kernel: [    1.333971] vc-cma: vc_cma_size      = 0x00000000 (0 MiB)
Apr  2 13:17:17 raspberrypi kernel: [    1.340719] vc-cma: vc_cma_initial   = 0x00000000 (0 MiB)
Apr  2 13:17:17 raspberrypi kernel: [    1.356464] brd: module loaded
Apr  2 13:17:17 raspberrypi kernel: [    1.366023] loop: module loaded
Apr  2 13:17:17 raspberrypi kernel: [    1.370754] vchiq: vchiq_init_state: slot_zero = 0xde000000, is_master = 0
Apr  2 13:17:17 raspberrypi kernel: [    1.379855] Loading iSCSI transport class v2.0-870.
Apr  2 13:17:17 raspberrypi kernel: [    1.387069] usbcore: registered new interface driver smsc95xx
Apr  2 13:17:17 raspberrypi kernel: [    1.394346] dwc_otg: version 3.00a 10-AUG-2012 (platform bus)
Apr  2 13:17:17 raspberrypi kernel: [    1.601528] Core Release: 2.80a
Apr  2 13:17:17 raspberrypi kernel: [    1.605948] Setting default values for core params
Apr  2 13:17:17 raspberrypi kernel: [    1.612035] Finished setting default values for core params
Apr  2 13:17:17 raspberrypi kernel: [    1.819003] Using Buffer DMA mode
Apr  2 13:17:17 raspberrypi kernel: [    1.823555] Periodic Transfer Interrupt Enhancement - disabled
Apr  2 13:17:17 raspberrypi kernel: [    1.830666] Multiprocessor Interrupt Enhancement - disabled
Apr  2 13:17:17 raspberrypi kernel: [    1.837489] OTG VER PARAM: 0, OTG VER FLAG: 0
Apr  2 13:17:17 raspberrypi kernel: [    1.843135] Dedicated Tx FIFOs mode
Apr  2 13:17:17 raspberrypi kernel: [    1.848659] dwc_otg bcm2708_usb: DWC OTG Controller
Apr  2 13:17:17 raspberrypi kernel: [    1.854938] dwc_otg bcm2708_usb: new USB bus registered, assigned bus number 1
Apr  2 13:17:17 raspberrypi kernel: [    1.863553] dwc_otg bcm2708_usb: irq 32, io mem 0x00000000
Apr  2 13:17:17 raspberrypi kernel: [    1.870436] Init: Port Power? op_state=1
Apr  2 13:17:17 raspberrypi kernel: [    1.875632] Init: Power Port (0)
Apr  2 13:17:17 raspberrypi kernel: [    1.880251] usb usb1: New USB device found, idVendor=1d6b, idProduct=0002
Apr  2 13:17:17 raspberrypi kernel: [    1.888410] usb usb1: New USB device strings: Mfr=3, Product=2, SerialNumber=1
Apr  2 13:17:17 raspberrypi kernel: [    1.897038] usb usb1: Product: DWC OTG Controller
Apr  2 13:17:17 raspberrypi kernel: [    1.903143] usb usb1: Manufacturer: Linux 3.10.33+ dwc_otg_hcd
Apr  2 13:17:17 raspberrypi kernel: [    1.910385] usb usb1: SerialNumber: bcm2708_usb
Apr  2 13:17:17 raspberrypi kernel: [    1.917042] hub 1-0:1.0: USB hub found
Apr  2 13:17:17 raspberrypi kernel: [    1.922241] hub 1-0:1.0: 1 port detected
Apr  2 13:17:17 raspberrypi kernel: [    1.928283] usbcore: registered new interface driver usb-storage
Apr  2 13:17:17 raspberrypi kernel: [    1.936109] mousedev: PS/2 mouse device common for all mice
Apr  2 13:17:17 raspberrypi kernel: [    1.943738] bcm2835-cpufreq: min=700000 max=700000 cur=700000
Apr  2 13:17:17 raspberrypi kernel: [    1.951033] bcm2835-cpufreq: switching to governor powersave
Apr  2 13:17:17 raspberrypi kernel: [    1.958001] bcm2835-cpufreq: switching to governor powersave
Apr  2 13:17:17 raspberrypi kernel: [    1.964947] cpuidle: using governor ladder
Apr  2 13:17:17 raspberrypi kernel: [    1.970303] cpuidle: using governor menu
Apr  2 13:17:17 raspberrypi kernel: [    1.975467] sdhci: Secure Digital Host Controller Interface driver
Apr  2 13:17:17 raspberrypi kernel: [    1.982923] sdhci: Copyright(c) Pierre Ossman
Apr  2 13:17:17 raspberrypi kernel: [    1.988557] sdhci: Enable low-latency mode
Apr  2 13:17:17 raspberrypi kernel: [    2.039071] mmc0: SDHCI controller on BCM2708_Arasan [platform] using platform's DMA
Apr  2 13:17:17 raspberrypi kernel: [    2.049565] mmc0: BCM2708 SDHC host at 0x20300000 DMA 2 IRQ 77
Apr  2 13:17:17 raspberrypi kernel: [    2.056803] sdhci-pltfm: SDHCI platform and OF driver helper
Apr  2 13:17:17 raspberrypi kernel: [    2.063951] ledtrig-cpu: registered to indicate activity on CPUs
Apr  2 13:17:17 raspberrypi kernel: [    2.073584] hidraw: raw HID events driver (C) Jiri Kosina
Apr  2 13:17:17 raspberrypi kernel: [    2.087888] usbcore: registered new interface driver usbhid
Apr  2 13:17:17 raspberrypi kernel: [    2.094935] usbhid: USB HID core driver
Apr  2 13:17:17 raspberrypi kernel: [    2.104788] TCP: cubic registered
Apr  2 13:17:17 raspberrypi kernel: [    2.111555] Initializing XFRM netlink socket
Apr  2 13:17:17 raspberrypi kernel: [    2.119365] Indeed it is in host mode hprt0 = 00021501
Apr  2 13:17:17 raspberrypi kernel: [    2.125953] NET: Registered protocol family 17
Apr  2 13:17:17 raspberrypi kernel: [    2.142314] Key type dns_resolver registered
Apr  2 13:17:17 raspberrypi kernel: [    2.159593] VFP support v0.3: implementor 41 architecture 1 part 20 variant b rev 5
Apr  2 13:17:17 raspberrypi kernel: [    2.179794] registered taskstats version 1
Apr  2 13:17:17 raspberrypi kernel: [    2.191119] mmc0: read SD Status register (SSR) after 2 attempts
Apr  2 13:17:17 raspberrypi kernel: [    2.209856] Waiting for root device /dev/mmcblk0p2...
Apr  2 13:17:17 raspberrypi kernel: [    2.219970] mmc0: new high speed SDHC card at address e624
Apr  2 13:17:17 raspberrypi kernel: [    2.239296] mmcblk0: mmc0:e624 SU04G 3.69 GiB 
Apr  2 13:17:17 raspberrypi kernel: [    2.250324]  mmcblk0: p1 p2
Apr  2 13:17:17 raspberrypi kernel: [    2.369162] usb 1-1: new high-speed USB device number 2 using dwc_otg
Apr  2 13:17:17 raspberrypi kernel: [    2.377307] Indeed it is in host mode hprt0 = 00001101
Apr  2 13:17:17 raspberrypi kernel: [    2.579918] usb 1-1: New USB device found, idVendor=0424, idProduct=9512
Apr  2 13:17:17 raspberrypi kernel: [    2.588184] usb 1-1: New USB device strings: Mfr=0, Product=0, SerialNumber=0
Apr  2 13:17:17 raspberrypi kernel: [    2.599816] hub 1-1:1.0: USB hub found
Apr  2 13:17:17 raspberrypi kernel: [    2.608542] hub 1-1:1.0: 3 ports detected
Apr  2 13:17:17 raspberrypi kernel: [    2.761758] EXT4-fs (mmcblk0p2): 5 orphan inodes deleted
Apr  2 13:17:17 raspberrypi kernel: [    2.768574] EXT4-fs (mmcblk0p2): recovery complete
Apr  2 13:17:17 raspberrypi kernel: [    2.790992] EXT4-fs (mmcblk0p2): mounted filesystem with ordered data mode. Opts: (null)
Apr  2 13:17:17 raspberrypi kernel: [    2.802160] VFS: Mounted root (ext4 filesystem) on device 179:2.
Apr  2 13:17:17 raspberrypi kernel: [    2.811252] devtmpfs: mounted
Apr  2 13:17:17 raspberrypi kernel: [    2.816253] Freeing unused kernel memory: 144K (c0574000 - c0598000)
Apr  2 13:17:17 raspberrypi kernel: [    2.919279] usb 1-1.1: new high-speed USB device number 3 using dwc_otg
Apr  2 13:17:17 raspberrypi kernel: [    3.039781] usb 1-1.1: New USB device found, idVendor=0424, idProduct=ec00
Apr  2 13:17:17 raspberrypi kernel: [    3.048255] usb 1-1.1: New USB device strings: Mfr=0, Product=0, SerialNumber=0
Apr  2 13:17:17 raspberrypi kernel: [    3.064935] smsc95xx v1.0.4
Apr  2 13:17:17 raspberrypi kernel: [    3.135244] smsc95xx 1-1.1:1.0 eth0: register 'smsc95xx' at usb-bcm2708_usb-1.1, smsc95xx USB 2.0 Ethernet, b8:27:eb:1a:10:fb
Apr  2 13:17:17 raspberrypi kernel: [    3.229444] usb 1-1.2: new high-speed USB device number 4 using dwc_otg
Apr  2 13:17:17 raspberrypi kernel: [    3.370977] usb 1-1.2: New USB device found, idVendor=0cf3, idProduct=9271
Apr  2 13:17:17 raspberrypi kernel: [    3.389238] usb 1-1.2: New USB device strings: Mfr=16, Product=32, SerialNumber=48
Apr  2 13:17:17 raspberrypi kernel: [    3.409188] usb 1-1.2: Product: USB2.0 WLAN
Apr  2 13:17:17 raspberrypi kernel: [    3.414981] usb 1-1.2: Manufacturer: ATHEROS
Apr  2 13:17:17 raspberrypi kernel: [    3.423993] usb 1-1.2: SerialNumber: 12345
Apr  2 13:17:17 raspberrypi kernel: [    5.114389] bcm2708_i2c_init_pinmode(0,0)
Apr  2 13:17:17 raspberrypi kernel: [    5.202350] bcm2708_i2c_init_pinmode(0,1)
Apr  2 13:17:17 raspberrypi kernel: [    5.208244] bcm2708_i2c bcm2708_i2c.0: BSC0 Controller at 0x20205000 (irq 79) (baudrate 100000)
Apr  2 13:17:17 raspberrypi kernel: [    5.479446] bcm2708_spi bcm2708_spi.0: master is unqueued, this is deprecated
Apr  2 13:17:17 raspberrypi kernel: [    5.552488] cfg80211: Calling CRDA to update world regulatory domain
Apr  2 13:17:17 raspberrypi kernel: [    5.588756] bcm2708_spi bcm2708_spi.0: SPI Controller at 0x20204000 (irq 80)
Apr  2 13:17:17 raspberrypi kernel: [    5.656013] bcm2708_i2c_init_pinmode(1,2)
Apr  2 13:17:17 raspberrypi kernel: [    5.689348] bcm2708_i2c_init_pinmode(1,3)
Apr  2 13:17:17 raspberrypi kernel: [    5.732611] bcm2708_i2c bcm2708_i2c.1: BSC1 Controller at 0x20804000 (irq 79) (baudrate 100000)
Apr  2 13:17:17 raspberrypi kernel: [    5.979894] bcm2708-i2s bcm2708-i2s.0: Failed to create debugfs directory
Apr  2 13:17:17 raspberrypi kernel: [    6.215164] usb 1-1.2: ath9k_htc: Firmware htc_9271.fw requested
Apr  2 13:17:17 raspberrypi kernel: [    6.225295] usbcore: registered new interface driver ath9k_htc
Apr  2 13:17:17 raspberrypi kernel: [    6.518465] usb 1-1.2: ath9k_htc: Transferred FW: htc_9271.fw, size: 51272
Apr  2 13:17:17 raspberrypi kernel: [    6.754623] ath9k_htc 1-1.2:1.0: ath9k_htc: HTC initialized with 33 credits
Apr  2 13:17:17 raspberrypi kernel: [    7.006179] ath9k_htc 1-1.2:1.0: ath9k_htc: FW Version: 1.3
Apr  2 13:17:17 raspberrypi kernel: [    7.090960] ieee80211 phy0: Atheros AR9271 Rev:1
Apr  2 13:17:17 raspberrypi kernel: [    7.384284] cfg80211: World regulatory domain updated:
Apr  2 13:17:17 raspberrypi kernel: [    7.399119] cfg80211:   (start_freq - end_freq @ bandwidth), (max_antenna_gain, max_eirp)
Apr  2 13:17:17 raspberrypi kernel: [    7.418959] cfg80211:   (2402000 KHz - 2472000 KHz @ 40000 KHz), (300 mBi, 2000 mBm)
Apr  2 13:17:17 raspberrypi kernel: [    7.444123] cfg80211:   (2457000 KHz - 2482000 KHz @ 20000 KHz), (300 mBi, 2000 mBm)
Apr  2 13:17:17 raspberrypi kernel: [    7.455450] cfg80211:   (2474000 KHz - 2494000 KHz @ 20000 KHz), (300 mBi, 2000 mBm)
Apr  2 13:17:17 raspberrypi kernel: [    7.466593] cfg80211:   (5170000 KHz - 5250000 KHz @ 40000 KHz), (300 mBi, 2000 mBm)
Apr  2 13:17:17 raspberrypi kernel: [    7.477869] cfg80211:   (5735000 KHz - 5835000 KHz @ 40000 KHz), (300 mBi, 2000 mBm)
Apr  2 13:17:17 raspberrypi kernel: [    7.489260] cfg80211: Calling CRDA for country: CN
Apr  2 13:17:17 raspberrypi kernel: [    7.548999] cfg80211: Regulatory domain changed to country: CN
Apr  2 13:17:17 raspberrypi kernel: [    7.556903] cfg80211:   (start_freq - end_freq @ bandwidth), (max_antenna_gain, max_eirp)
Apr  2 13:17:17 raspberrypi kernel: [    7.568688] cfg80211:   (2402000 KHz - 2482000 KHz @ 40000 KHz), (N/A, 2000 mBm)
Apr  2 13:17:17 raspberrypi kernel: [    7.579693] cfg80211:   (5735000 KHz - 5835000 KHz @ 40000 KHz), (N/A, 3000 mBm)
Apr  2 13:17:17 raspberrypi kernel: [    9.896217] EXT4-fs (mmcblk0p2): re-mounted. Opts: (null)
Apr  2 13:17:17 raspberrypi kernel: [   10.415458] EXT4-fs (mmcblk0p2): re-mounted. Opts: commit=120,errors=remount-ro
Apr  2 13:17:17 raspberrypi kernel: [   16.010991] FAT-fs (mmcblk0p1): Volume was not properly unmounted. Some data may be corrupt. Please run fsck.
Apr  2 13:17:17 raspberrypi kernel: [   18.792722] NET: Registered protocol family 10
Apr  2 13:17:17 raspberrypi kernel: [   19.619468] Installing knfsd (copyright (C) 1996 okir@monad.swb.de).
Apr  2 13:17:17 raspberrypi kernel: [   22.539330] IPv6: ADDRCONF(NETDEV_UP): wlan0: link is not ready
Apr  2 13:17:17 raspberrypi kernel: [   22.657578] 8021q: 802.1Q VLAN Support v1.8
Apr  2 13:17:17 raspberrypi kernel: [   22.791551] IPv6: ADDRCONF(NETDEV_CHANGE): wlan0: link becomes ready
Apr  2 13:17:20 raspberrypi dhcpd: Internet Systems Consortium DHCP Server 4.2.2
Apr  2 13:17:20 raspberrypi dhcpd: Copyright 2004-2011 Internet Systems Consortium.
Apr  2 13:17:20 raspberrypi dhcpd: All rights reserved.
Apr  2 13:17:20 raspberrypi dhcpd: For info, please visit https://www.isc.org/software/dhcp/
Apr  2 13:17:20 raspberrypi dhcpd: Internet Systems Consortium DHCP Server 4.2.2
Apr  2 13:17:20 raspberrypi dhcpd: Copyright 2004-2011 Internet Systems Consortium.
Apr  2 13:17:20 raspberrypi dhcpd: All rights reserved.
Apr  2 13:17:20 raspberrypi dhcpd: For info, please visit https://www.isc.org/software/dhcp/
Apr  2 13:17:20 raspberrypi dhcpd: Wrote 0 leases to leases file.
Apr  2 13:17:20 raspberrypi dhcpd: 
Apr  2 13:17:34 raspberrypi kernel: [   41.570870] ip_tables: (C) 2000-2006 Netfilter Core Team
Apr  2 13:17:34 raspberrypi kernel: [   41.669583] nf_conntrack version 0.5.0 (7764 buckets, 31056 max)
Apr  2 13:18:50 raspberrypi shutdown[3188]: shutting down for system halt
Apr  2 13:19:06 raspberrypi kernel: imklog 5.8.11, log source = /proc/kmsg started.
Apr  2 13:19:06 raspberrypi rsyslogd: [origin software="rsyslogd" swVersion="5.8.11" x-pid="1793" x-info="http://www.rsyslog.com"] start
Apr  2 13:19:06 raspberrypi kernel: [    0.000000] Booting Linux on physical CPU 0x0
Apr  2 13:19:06 raspberrypi kernel: [    0.000000] Initializing cgroup subsys cpu
Apr  2 13:19:06 raspberrypi kernel: [    0.000000] Initializing cgroup subsys cpuacct
Apr  2 13:19:06 raspberrypi kernel: [    0.000000] Linux version 3.10.33+ (dc4@dc4-arm-01) (gcc version 4.7.2 20120731 (prerelease) (crosstool-NG linaro-1.13.1+bzr2458 - Linaro GCC 2012.08) ) #654 PREEMPT Fri Mar 7 16:32:08 GMT 2014
Apr  2 13:19:06 raspberrypi kernel: [    0.000000] CPU: ARMv6-compatible processor [410fb767] revision 7 (ARMv7), cr=00c5387d
Apr  2 13:19:06 raspberrypi kernel: [    0.000000] CPU: PIPT / VIPT nonaliasing data cache, VIPT nonaliasing instruction cache
Apr  2 13:19:06 raspberrypi kernel: [    0.000000] Machine: BCM2708
Apr  2 13:19:06 raspberrypi kernel: [    0.000000] cma: CMA: reserved 16 MiB at 1e000000
Apr  2 13:19:06 raspberrypi kernel: [    0.000000] Memory policy: ECC disabled, Data cache writeback
Apr  2 13:19:06 raspberrypi kernel: [    0.000000] Built 1 zonelists in Zone order, mobility grouping on.  Total pages: 125984
Apr  2 13:19:06 raspberrypi kernel: [    0.000000] Kernel command line: dma.dmachans=0x7f35 bcm2708_fb.fbwidth=656 bcm2708_fb.fbheight=416 bcm2708.boardrev=0xe bcm2708.serial=0x161a10fb smsc95xx.macaddr=B8:27:EB:1A:10:FB sdhci-bcm2708.emmc_clock_freq=250000000 vc_mem.mem_base=0x1fa00000 vc_mem.mem_size=0x20000000  dwc_otg.lpm_enable=0 console=ttyAMA0,115200 kgdboc=ttyAMA0,115200 console=tty1 root=/dev/mmcblk0p2 rootfstype=ext4 elevator=deadline rootwait
Apr  2 13:19:06 raspberrypi kernel: [    0.000000] PID hash table entries: 2048 (order: 1, 8192 bytes)
Apr  2 13:19:06 raspberrypi kernel: [    0.000000] Dentry cache hash table entries: 65536 (order: 6, 262144 bytes)
Apr  2 13:19:06 raspberrypi kernel: [    0.000000] Inode-cache hash table entries: 32768 (order: 5, 131072 bytes)
Apr  2 13:19:06 raspberrypi kernel: [    0.000000] Memory: 496MB = 496MB total
Apr  2 13:19:06 raspberrypi kernel: [    0.000000] Memory: 480416k/480416k available, 27488k reserved, 0K highmem
Apr  2 13:19:06 raspberrypi kernel: [    0.000000] Virtual kernel memory layout:
Apr  2 13:19:06 raspberrypi kernel: [    0.000000]     vector  : 0xffff0000 - 0xffff1000   (   4 kB)
Apr  2 13:19:06 raspberrypi kernel: [    0.000000]     fixmap  : 0xfff00000 - 0xfffe0000   ( 896 kB)
Apr  2 13:19:06 raspberrypi kernel: [    0.000000]     vmalloc : 0xdf800000 - 0xff000000   ( 504 MB)
Apr  2 13:19:06 raspberrypi kernel: [    0.000000]     lowmem  : 0xc0000000 - 0xdf000000   ( 496 MB)
Apr  2 13:19:06 raspberrypi kernel: [    0.000000]     modules : 0xbf000000 - 0xc0000000   (  16 MB)
Apr  2 13:19:06 raspberrypi kernel: [    0.000000]       .text : 0xc0008000 - 0xc05737e4   (5550 kB)
Apr  2 13:19:06 raspberrypi kernel: [    0.000000]       .init : 0xc0574000 - 0xc0598364   ( 145 kB)
Apr  2 13:19:06 raspberrypi kernel: [    0.000000]       .data : 0xc059a000 - 0xc05d29d0   ( 227 kB)
Apr  2 13:19:06 raspberrypi kernel: [    0.000000]        .bss : 0xc05d29d0 - 0xc067dbc0   ( 685 kB)
Apr  2 13:19:06 raspberrypi kernel: [    0.000000] SLUB: HWalign=32, Order=0-3, MinObjects=0, CPUs=1, Nodes=1
Apr  2 13:19:06 raspberrypi kernel: [    0.000000] Preemptible hierarchical RCU implementation.
Apr  2 13:19:06 raspberrypi kernel: [    0.000000] NR_IRQS:330
Apr  2 13:19:06 raspberrypi kernel: [    0.000000] sched_clock: 32 bits at 1000kHz, resolution 1000ns, wraps every 4294967ms
Apr  2 13:19:06 raspberrypi kernel: [    0.000000] Switching to timer-based delay loop
Apr  2 13:19:06 raspberrypi kernel: [    0.000000] Console: colour dummy device 80x30
Apr  2 13:19:06 raspberrypi kernel: [    0.000000] console [tty1] enabled
Apr  2 13:19:06 raspberrypi kernel: [    0.001162] Calibrating delay loop (skipped), value calculated using timer frequency.. 2.00 BogoMIPS (lpj=10000)
Apr  2 13:19:06 raspberrypi kernel: [    0.001226] pid_max: default: 32768 minimum: 301
Apr  2 13:19:06 raspberrypi kernel: [    0.001699] Mount-cache hash table entries: 512
Apr  2 13:19:06 raspberrypi kernel: [    0.002499] Initializing cgroup subsys memory
Apr  2 13:19:06 raspberrypi kernel: [    0.002601] Initializing cgroup subsys devices
Apr  2 13:19:06 raspberrypi kernel: [    0.002639] Initializing cgroup subsys freezer
Apr  2 13:19:06 raspberrypi kernel: [    0.002671] Initializing cgroup subsys blkio
Apr  2 13:19:06 raspberrypi kernel: [    0.002827] CPU: Testing write buffer coherency: ok
Apr  2 13:19:06 raspberrypi kernel: [    0.003292] Setting up static identity map for 0xc04068a8 - 0xc0406904
Apr  2 13:19:06 raspberrypi kernel: [    0.005043] devtmpfs: initialized
Apr  2 13:19:06 raspberrypi kernel: [    0.019432] NET: Registered protocol family 16
Apr  2 13:19:06 raspberrypi kernel: [    0.025365] DMA: preallocated 4096 KiB pool for atomic coherent allocations
Apr  2 13:19:06 raspberrypi kernel: [    0.026470] bcm2708.uart_clock = 0
Apr  2 13:19:06 raspberrypi kernel: [    0.028194] hw-breakpoint: found 6 breakpoint and 1 watchpoint registers.
Apr  2 13:19:06 raspberrypi kernel: [    0.028249] hw-breakpoint: maximum watchpoint size is 4 bytes.
Apr  2 13:19:06 raspberrypi kernel: [    0.028287] mailbox: Broadcom VideoCore Mailbox driver
Apr  2 13:19:06 raspberrypi kernel: [    0.028384] bcm2708_vcio: mailbox at f200b880
Apr  2 13:19:06 raspberrypi kernel: [    0.028485] bcm_power: Broadcom power driver
Apr  2 13:19:06 raspberrypi kernel: [    0.028524] bcm_power_open() -> 0
Apr  2 13:19:06 raspberrypi kernel: [    0.028551] bcm_power_request(0, 8)
Apr  2 13:19:06 raspberrypi kernel: [    0.529266] bcm_mailbox_read -> 00000080, 0
Apr  2 13:19:06 raspberrypi kernel: [    0.529309] bcm_power_request -> 0
Apr  2 13:19:06 raspberrypi kernel: [    0.529531] Serial: AMBA PL011 UART driver
Apr  2 13:19:06 raspberrypi kernel: [    0.529671] dev:f1: ttyAMA0 at MMIO 0x20201000 (irq = 83) is a PL011 rev3
Apr  2 13:19:06 raspberrypi kernel: [    0.871802] console [ttyAMA0] enabled
Apr  2 13:19:06 raspberrypi kernel: [    0.897801] bio: create slab <bio-0> at 0
Apr  2 13:19:06 raspberrypi kernel: [    0.903097] SCSI subsystem initialized
