Apr  5 06:25:08 raspberrypi rsyslogd: [origin software="rsyslogd" swVersion="5.8.11" x-pid="1921" x-info="http://www.rsyslog.com"] rsyslogd was HUPed
Apr  5 06:28:25 raspberrypi ntpd_intres[2483]: host name not found: 0.debian.pool.ntp.org
Apr  5 06:28:25 raspberrypi ntpd_intres[2483]: host name not found: 1.debian.pool.ntp.org
Apr  5 06:28:25 raspberrypi ntpd_intres[2483]: host name not found: 2.debian.pool.ntp.org
Apr  5 06:28:25 raspberrypi ntpd_intres[2483]: host name not found: 3.debian.pool.ntp.org
Apr  5 06:39:01 raspberrypi /USR/SBIN/CRON[4174]: (root) CMD (  [ -x /usr/lib/php5/maxlifetime ] && [ -d /var/lib/php5 ] && find /var/lib/php5/ -depth -mindepth 1 -maxdepth 1 -type f -ignore_readdir_race -cmin +$(/usr/lib/php5/maxlifetime) ! -execdir fuser -s {} 2>/dev/null \; -delete)
Apr  5 06:44:28 raspberrypi ntpd_intres[2483]: host name not found: 0.debian.pool.ntp.org
Apr  5 06:44:28 raspberrypi ntpd_intres[2483]: host name not found: 1.debian.pool.ntp.org
Apr  5 06:44:28 raspberrypi ntpd_intres[2483]: host name not found: 2.debian.pool.ntp.org
Apr  5 06:44:28 raspberrypi ntpd_intres[2483]: host name not found: 3.debian.pool.ntp.org
Apr  5 06:17:17 raspberrypi kernel: imklog 5.8.11, log source = /proc/kmsg started.
Apr  5 06:17:17 raspberrypi rsyslogd: [origin software="rsyslogd" swVersion="5.8.11" x-pid="1872" x-info="http://www.rsyslog.com"] start
Apr  5 06:17:17 raspberrypi kernel: [    0.000000] Booting Linux on physical CPU 0x0
Apr  5 06:17:17 raspberrypi kernel: [    0.000000] Initializing cgroup subsys cpu
Apr  5 06:17:17 raspberrypi kernel: [    0.000000] Initializing cgroup subsys cpuacct
Apr  5 06:17:17 raspberrypi kernel: [    0.000000] Linux version 3.10.33+ (dc4@dc4-arm-01) (gcc version 4.7.2 20120731 (prerelease) (crosstool-NG linaro-1.13.1+bzr2458 - Linaro GCC 2012.08) ) #654 PREEMPT Fri Mar 7 16:32:08 GMT 2014
Apr  5 06:17:17 raspberrypi kernel: [    0.000000] CPU: ARMv6-compatible processor [410fb767] revision 7 (ARMv7), cr=00c5387d
Apr  5 06:17:17 raspberrypi kernel: [    0.000000] CPU: PIPT / VIPT nonaliasing data cache, VIPT nonaliasing instruction cache
Apr  5 06:17:17 raspberrypi kernel: [    0.000000] Machine: BCM2708
Apr  5 06:17:17 raspberrypi kernel: [    0.000000] cma: CMA: reserved 16 MiB at 1e000000
Apr  5 06:17:17 raspberrypi kernel: [    0.000000] Memory policy: ECC disabled, Data cache writeback
Apr  5 06:17:17 raspberrypi kernel: [    0.000000] On node 0 totalpages: 126976
Apr  5 06:17:17 raspberrypi kernel: [    0.000000] free_area_init_node: node 0, pgdat c05d1ebc, node_mem_map c067e000
Apr  5 06:17:17 raspberrypi kernel: [    0.000000]   Normal zone: 992 pages used for memmap
Apr  5 06:17:17 raspberrypi kernel: [    0.000000]   Normal zone: 0 pages reserved
Apr  5 06:17:17 raspberrypi kernel: [    0.000000]   Normal zone: 126976 pages, LIFO batch:31
Apr  5 06:17:17 raspberrypi kernel: [    0.000000] pcpu-alloc: s0 r0 d32768 u32768 alloc=1*32768
Apr  5 06:17:17 raspberrypi kernel: [    0.000000] pcpu-alloc: [0] 0 
Apr  5 06:17:17 raspberrypi kernel: [    0.000000] Built 1 zonelists in Zone order, mobility grouping on.  Total pages: 125984
Apr  5 06:17:17 raspberrypi kernel: [    0.000000] Kernel command line: dma.dmachans=0x7f35 bcm2708_fb.fbwidth=656 bcm2708_fb.fbheight=416 bcm2708.boardrev=0xe bcm2708.serial=0x161a10fb smsc95xx.macaddr=B8:27:EB:1A:10:FB sdhci-bcm2708.emmc_clock_freq=250000000 vc_mem.mem_base=0x1fa00000 vc_mem.mem_size=0x20000000  dwc_otg.lpm_enable=0 console=ttyAMA0,115200 kgdboc=ttyAMA0,115200 console=tty1 root=/dev/mmcblk0p2 rootfstype=ext4 elevator=deadline rootwait
Apr  5 06:17:17 raspberrypi kernel: [    0.000000] PID hash table entries: 2048 (order: 1, 8192 bytes)
Apr  5 06:17:17 raspberrypi kernel: [    0.000000] Dentry cache hash table entries: 65536 (order: 6, 262144 bytes)
Apr  5 06:17:17 raspberrypi kernel: [    0.000000] Inode-cache hash table entries: 32768 (order: 5, 131072 bytes)
Apr  5 06:17:17 raspberrypi kernel: [    0.000000] Memory: 496MB = 496MB total
Apr  5 06:17:17 raspberrypi kernel: [    0.000000] Memory: 480416k/480416k available, 27488k reserved, 0K highmem
Apr  5 06:17:17 raspberrypi kernel: [    0.000000] Virtual kernel memory layout:
Apr  5 06:17:17 raspberrypi kernel: [    0.000000]     vector  : 0xffff0000 - 0xffff1000   (   4 kB)
Apr  5 06:17:17 raspberrypi kernel: [    0.000000]     fixmap  : 0xfff00000 - 0xfffe0000   ( 896 kB)
Apr  5 06:17:17 raspberrypi kernel: [    0.000000]     vmalloc : 0xdf800000 - 0xff000000   ( 504 MB)
Apr  5 06:17:17 raspberrypi kernel: [    0.000000]     lowmem  : 0xc0000000 - 0xdf000000   ( 496 MB)
Apr  5 06:17:17 raspberrypi kernel: [    0.000000]     modules : 0xbf000000 - 0xc0000000   (  16 MB)
Apr  5 06:17:17 raspberrypi kernel: [    0.000000]       .text : 0xc0008000 - 0xc05737e4   (5550 kB)
Apr  5 06:17:17 raspberrypi kernel: [    0.000000]       .init : 0xc0574000 - 0xc0598364   ( 145 kB)
Apr  5 06:17:17 raspberrypi kernel: [    0.000000]       .data : 0xc059a000 - 0xc05d29d0   ( 227 kB)
Apr  5 06:17:17 raspberrypi kernel: [    0.000000]        .bss : 0xc05d29d0 - 0xc067dbc0   ( 685 kB)
Apr  5 06:17:17 raspberrypi kernel: [    0.000000] SLUB: HWalign=32, Order=0-3, MinObjects=0, CPUs=1, Nodes=1
Apr  5 06:17:17 raspberrypi kernel: [    0.000000] Preemptible hierarchical RCU implementation.
Apr  5 06:17:17 raspberrypi kernel: [    0.000000] NR_IRQS:330
Apr  5 06:17:17 raspberrypi kernel: [    0.000000] sched_clock: 32 bits at 1000kHz, resolution 1000ns, wraps every 4294967ms
Apr  5 06:17:17 raspberrypi kernel: [    0.000000] Switching to timer-based delay loop
Apr  5 06:17:17 raspberrypi kernel: [    0.000000] Console: colour dummy device 80x30
Apr  5 06:17:17 raspberrypi kernel: [    0.000000] console [tty1] enabled
Apr  5 06:17:17 raspberrypi kernel: [    0.001162] Calibrating delay loop (skipped), value calculated using timer frequency.. 2.00 BogoMIPS (lpj=10000)
Apr  5 06:17:17 raspberrypi kernel: [    0.001225] pid_max: default: 32768 minimum: 301
Apr  5 06:17:17 raspberrypi kernel: [    0.001696] Mount-cache hash table entries: 512
Apr  5 06:17:17 raspberrypi kernel: [    0.002499] Initializing cgroup subsys memory
Apr  5 06:17:17 raspberrypi kernel: [    0.002602] Initializing cgroup subsys devices
Apr  5 06:17:17 raspberrypi kernel: [    0.002641] Initializing cgroup subsys freezer
Apr  5 06:17:17 raspberrypi kernel: [    0.002674] Initializing cgroup subsys blkio
Apr  5 06:17:17 raspberrypi kernel: [    0.002830] CPU: Testing write buffer coherency: ok
Apr  5 06:17:17 raspberrypi kernel: [    0.003302] Setting up static identity map for 0xc04068a8 - 0xc0406904
Apr  5 06:17:17 raspberrypi kernel: [    0.005061] devtmpfs: initialized
Apr  5 06:17:17 raspberrypi kernel: [    0.019476] NET: Registered protocol family 16
Apr  5 06:17:17 raspberrypi kernel: [    0.025443] DMA: preallocated 4096 KiB pool for atomic coherent allocations
Apr  5 06:17:17 raspberrypi kernel: [    0.026558] bcm2708.uart_clock = 0
Apr  5 06:17:17 raspberrypi kernel: [    0.028282] hw-breakpoint: found 6 breakpoint and 1 watchpoint registers.
Apr  5 06:17:17 raspberrypi kernel: [    0.028337] hw-breakpoint: maximum watchpoint size is 4 bytes.
Apr  5 06:17:17 raspberrypi kernel: [    0.028374] mailbox: Broadcom VideoCore Mailbox driver
Apr  5 06:17:17 raspberrypi kernel: [    0.028471] bcm2708_vcio: mailbox at f200b880
Apr  5 06:17:17 raspberrypi kernel: [    0.028574] bcm_power: Broadcom power driver
Apr  5 06:17:17 raspberrypi kernel: [    0.028614] bcm_power_open() -> 0
Apr  5 06:17:17 raspberrypi kernel: [    0.028641] bcm_power_request(0, 8)
Apr  5 06:17:17 raspberrypi kernel: [    0.529361] bcm_mailbox_read -> 00000080, 0
Apr  5 06:17:17 raspberrypi kernel: [    0.529403] bcm_power_request -> 0
Apr  5 06:17:17 raspberrypi kernel: [    0.529625] Serial: AMBA PL011 UART driver
Apr  5 06:17:17 raspberrypi kernel: [    0.529769] dev:f1: ttyAMA0 at MMIO 0x20201000 (irq = 83) is a PL011 rev3
Apr  5 06:17:17 raspberrypi kernel: [    0.871902] console [ttyAMA0] enabled
Apr  5 06:17:17 raspberrypi kernel: [    0.897928] bio: create slab <bio-0> at 0
Apr  5 06:17:17 raspberrypi kernel: [    0.903220] SCSI subsystem initialized
Apr  5 06:17:17 raspberrypi kernel: [    0.907203] usbcore: registered new interface driver usbfs
Apr  5 06:17:17 raspberrypi kernel: [    0.912917] usbcore: registered new interface driver hub
Apr  5 06:17:17 raspberrypi kernel: [    0.918468] usbcore: registered new device driver usb
Apr  5 06:17:17 raspberrypi kernel: [    0.925028] Switching to clocksource stc
Apr  5 06:17:17 raspberrypi kernel: [    0.929364] FS-Cache: Loaded
Apr  5 06:17:17 raspberrypi kernel: [    0.932531] CacheFiles: Loaded
Apr  5 06:17:17 raspberrypi kernel: [    0.947974] NET: Registered protocol family 2
Apr  5 06:17:17 raspberrypi kernel: [    0.953376] TCP established hash table entries: 4096 (order: 3, 32768 bytes)
Apr  5 06:17:17 raspberrypi kernel: [    0.960644] TCP bind hash table entries: 4096 (order: 2, 16384 bytes)
Apr  5 06:17:17 raspberrypi kernel: [    0.967170] TCP: Hash tables configured (established 4096 bind 4096)
Apr  5 06:17:17 raspberrypi kernel: [    0.973652] TCP: reno registered
Apr  5 06:17:17 raspberrypi kernel: [    0.976910] UDP hash table entries: 256 (order: 0, 4096 bytes)
Apr  5 06:17:17 raspberrypi kernel: [    0.982820] UDP-Lite hash table entries: 256 (order: 0, 4096 bytes)
Apr  5 06:17:17 raspberrypi kernel: [    0.989559] NET: Registered protocol family 1
Apr  5 06:17:17 raspberrypi kernel: [    0.994481] RPC: Registered named UNIX socket transport module.
Apr  5 06:17:17 raspberrypi kernel: [    1.000544] RPC: Registered udp transport module.
Apr  5 06:17:17 raspberrypi kernel: [    1.005271] RPC: Registered tcp transport module.
Apr  5 06:17:17 raspberrypi kernel: [    1.010021] RPC: Registered tcp NFSv4.1 backchannel transport module.
Apr  5 06:17:17 raspberrypi kernel: [    1.017384] bcm2708_dma: DMA manager at f2007000
Apr  5 06:17:17 raspberrypi kernel: [    1.022203] bcm2708_gpio: bcm2708_gpio_probe c05a7e50
Apr  5 06:17:17 raspberrypi kernel: [    1.027670] vc-mem: phys_addr:0x00000000 mem_base=0x1fa00000 mem_size:0x20000000(512 MiB)
Apr  5 06:17:17 raspberrypi kernel: [    1.037035] audit: initializing netlink socket (disabled)
Apr  5 06:17:17 raspberrypi kernel: [    1.042706] type=2000 audit(0.890:1): initialized
Apr  5 06:17:17 raspberrypi kernel: [    1.204722] VFS: Disk quotas dquot_6.5.2
Apr  5 06:17:17 raspberrypi kernel: [    1.208971] Dquot-cache hash table entries: 1024 (order 0, 4096 bytes)
Apr  5 06:17:17 raspberrypi kernel: [    1.217898] FS-Cache: Netfs 'nfs' registered for caching
Apr  5 06:17:17 raspberrypi kernel: [    1.224618] NFS: Registering the id_resolver key type
Apr  5 06:17:17 raspberrypi kernel: [    1.229912] Key type id_resolver registered
Apr  5 06:17:17 raspberrypi kernel: [    1.234123] Key type id_legacy registered
Apr  5 06:17:17 raspberrypi kernel: [    1.238846] msgmni has been set to 970
Apr  5 06:17:17 raspberrypi kernel: [    1.244758] Block layer SCSI generic (bsg) driver version 0.4 loaded (major 252)
Apr  5 06:17:17 raspberrypi kernel: [    1.252605] io scheduler noop registered
Apr  5 06:17:17 raspberrypi kernel: [    1.256568] io scheduler deadline registered (default)
Apr  5 06:17:17 raspberrypi kernel: [    1.262145] io scheduler cfq registered
Apr  5 06:17:17 raspberrypi kernel: [    1.267435] BCM2708FB: allocated DMA memory 5e400000
Apr  5 06:17:17 raspberrypi kernel: [    1.272612] BCM2708FB: allocated DMA channel 0 @ f2007000
Apr  5 06:17:17 raspberrypi kernel: [    1.299522] Console: switching to colour frame buffer device 82x26
Apr  5 06:17:17 raspberrypi kernel: [    1.309663] uart-pl011 dev:f1: no DMA platform data
Apr  5 06:17:17 raspberrypi kernel: [    1.315985] kgdb: Registered I/O driver kgdboc.
Apr  5 06:17:17 raspberrypi kernel: [    1.322559] vc-cma: Videocore CMA driver
Apr  5 06:17:17 raspberrypi kernel: [    1.327815] vc-cma: vc_cma_base      = 0x00000000
Apr  5 06:17:17 raspberrypi kernel: [    1.333849] vc-cma: vc_cma_size      = 0x00000000 (0 MiB)
Apr  5 06:17:17 raspberrypi kernel: [    1.340586] vc-cma: vc_cma_initial   = 0x00000000 (0 MiB)
Apr  5 06:17:17 raspberrypi kernel: [    1.356345] brd: module loaded
Apr  5 06:17:17 raspberrypi kernel: [    1.365904] loop: module loaded
Apr  5 06:17:17 raspberrypi kernel: [    1.370625] vchiq: vchiq_init_state: slot_zero = 0xde000000, is_master = 0
Apr  5 06:17:17 raspberrypi kernel: [    1.379729] Loading iSCSI transport class v2.0-870.
Apr  5 06:17:17 raspberrypi kernel: [    1.386947] usbcore: registered new interface driver smsc95xx
Apr  5 06:17:17 raspberrypi kernel: [    1.394213] dwc_otg: version 3.00a 10-AUG-2012 (platform bus)
Apr  5 06:17:17 raspberrypi kernel: [    1.601398] Core Release: 2.80a
Apr  5 06:17:17 raspberrypi kernel: [    1.605816] Setting default values for core params
Apr  5 06:17:17 raspberrypi kernel: [    1.611902] Finished setting default values for core params
Apr  5 06:17:17 raspberrypi kernel: [    1.818731] Using Buffer DMA mode
Apr  5 06:17:17 raspberrypi kernel: [    1.823323] Periodic Transfer Interrupt Enhancement - disabled
Apr  5 06:17:17 raspberrypi kernel: [    1.830445] Multiprocessor Interrupt Enhancement - disabled
Apr  5 06:17:17 raspberrypi kernel: [    1.837267] OTG VER PARAM: 0, OTG VER FLAG: 0
Apr  5 06:17:17 raspberrypi kernel: [    1.842917] Dedicated Tx FIFOs mode
Apr  5 06:17:17 raspberrypi kernel: [    1.848204] dwc_otg: Microframe scheduler enabled
Apr  5 06:17:17 raspberrypi kernel: [    1.848435] dwc_otg bcm2708_usb: DWC OTG Controller
Apr  5 06:17:17 raspberrypi kernel: [    1.854709] dwc_otg bcm2708_usb: new USB bus registered, assigned bus number 1
Apr  5 06:17:17 raspberrypi kernel: [    1.863326] dwc_otg bcm2708_usb: irq 32, io mem 0x00000000
Apr  5 06:17:17 raspberrypi kernel: [    1.870212] Init: Port Power? op_state=1
Apr  5 06:17:17 raspberrypi kernel: [    1.875405] Init: Power Port (0)
Apr  5 06:17:17 raspberrypi kernel: [    1.880021] usb usb1: New USB device found, idVendor=1d6b, idProduct=0002
Apr  5 06:17:17 raspberrypi kernel: [    1.888177] usb usb1: New USB device strings: Mfr=3, Product=2, SerialNumber=1
Apr  5 06:17:17 raspberrypi kernel: [    1.896799] usb usb1: Product: DWC OTG Controller
Apr  5 06:17:17 raspberrypi kernel: [    1.902907] usb usb1: Manufacturer: Linux 3.10.33+ dwc_otg_hcd
Apr  5 06:17:17 raspberrypi kernel: [    1.910140] usb usb1: SerialNumber: bcm2708_usb
Apr  5 06:17:17 raspberrypi kernel: [    1.916793] hub 1-0:1.0: USB hub found
Apr  5 06:17:17 raspberrypi kernel: [    1.921989] hub 1-0:1.0: 1 port detected
Apr  5 06:17:17 raspberrypi kernel: [    1.927537] dwc_otg: FIQ enabled
Apr  5 06:17:17 raspberrypi kernel: [    1.927554] dwc_otg: NAK holdoff enabled
Apr  5 06:17:17 raspberrypi kernel: [    1.927564] dwc_otg: FIQ split fix enabled
Apr  5 06:17:17 raspberrypi kernel: [    1.927583] Module dwc_common_port init
Apr  5 06:17:17 raspberrypi kernel: [    1.928036] usbcore: registered new interface driver usb-storage
Apr  5 06:17:17 raspberrypi kernel: [    1.935849] mousedev: PS/2 mouse device common for all mice
Apr  5 06:17:17 raspberrypi kernel: [    1.943480] bcm2835-cpufreq: min=700000 max=700000 cur=700000
Apr  5 06:17:17 raspberrypi kernel: [    1.950769] bcm2835-cpufreq: switching to governor powersave
Apr  5 06:17:17 raspberrypi kernel: [    1.957736] bcm2835-cpufreq: switching to governor powersave
Apr  5 06:17:17 raspberrypi kernel: [    1.964673] cpuidle: using governor ladder
Apr  5 06:17:17 raspberrypi kernel: [    1.970023] cpuidle: using governor menu
Apr  5 06:17:17 raspberrypi kernel: [    1.975183] sdhci: Secure Digital Host Controller Interface driver
Apr  5 06:17:17 raspberrypi kernel: [    1.982631] sdhci: Copyright(c) Pierre Ossman
Apr  5 06:17:17 raspberrypi kernel: [    1.988267] sdhci: Enable low-latency mode
Apr  5 06:17:17 raspberrypi kernel: [    2.039074] mmc0: SDHCI controller on BCM2708_Arasan [platform] using platform's DMA
Apr  5 06:17:17 raspberrypi kernel: [    2.049560] mmc0: BCM2708 SDHC host at 0x20300000 DMA 2 IRQ 77
Apr  5 06:17:17 raspberrypi kernel: [    2.056792] sdhci-pltfm: SDHCI platform and OF driver helper
Apr  5 06:17:17 raspberrypi kernel: [    2.063931] ledtrig-cpu: registered to indicate activity on CPUs
Apr  5 06:17:17 raspberrypi kernel: [    2.073565] hidraw: raw HID events driver (C) Jiri Kosina
Apr  5 06:17:17 raspberrypi kernel: [    2.087868] usbcore: registered new interface driver usbhid
Apr  5 06:17:17 raspberrypi kernel: [    2.094920] usbhid: USB HID core driver
Apr  5 06:17:17 raspberrypi kernel: [    2.104767] TCP: cubic registered
Apr  5 06:17:17 raspberrypi kernel: [    2.111531] Initializing XFRM netlink socket
Apr  5 06:17:17 raspberrypi kernel: [    2.119341] Indeed it is in host mode hprt0 = 00021501
Apr  5 06:17:17 raspberrypi kernel: [    2.125924] NET: Registered protocol family 17
Apr  5 06:17:17 raspberrypi kernel: [    2.142315] Key type dns_resolver registered
Apr  5 06:17:17 raspberrypi kernel: [    2.159598] VFP support v0.3: implementor 41 architecture 1 part 20 variant b rev 5
Apr  5 06:17:17 raspberrypi kernel: [    2.179795] registered taskstats version 1
Apr  5 06:17:17 raspberrypi kernel: [    2.191115] mmc0: read SD Status register (SSR) after 2 attempts
Apr  5 06:17:17 raspberrypi kernel: [    2.209862] Waiting for root device /dev/mmcblk0p2...
Apr  5 06:17:17 raspberrypi kernel: [    2.219989] mmc0: new high speed SDHC card at address e624
Apr  5 06:17:17 raspberrypi kernel: [    2.239298] mmcblk0: mmc0:e624 SU04G 3.69 GiB 
Apr  5 06:17:17 raspberrypi kernel: [    2.250322]  mmcblk0: p1 p2
Apr  5 06:17:17 raspberrypi kernel: [    2.369173] usb 1-1: new high-speed USB device number 2 using dwc_otg
Apr  5 06:17:17 raspberrypi kernel: [    2.377620] Indeed it is in host mode hprt0 = 00001101
Apr  5 06:17:17 raspberrypi kernel: [    2.571905] EXT4-fs (mmcblk0p2): ext4_orphan_cleanup: deleting unreferenced inode 29268
Apr  5 06:17:17 raspberrypi kernel: [    2.572156] EXT4-fs (mmcblk0p2): ext4_orphan_cleanup: deleting unreferenced inode 88
Apr  5 06:17:17 raspberrypi kernel: [    2.572277] EXT4-fs (mmcblk0p2): ext4_orphan_cleanup: deleting unreferenced inode 85
Apr  5 06:17:17 raspberrypi kernel: [    2.572382] EXT4-fs (mmcblk0p2): ext4_orphan_cleanup: deleting unreferenced inode 83
Apr  5 06:17:17 raspberrypi kernel: [    2.572491] EXT4-fs (mmcblk0p2): ext4_orphan_cleanup: deleting unreferenced inode 76
Apr  5 06:17:17 raspberrypi kernel: [    2.572586] EXT4-fs (mmcblk0p2): 5 orphan inodes deleted
Apr  5 06:17:17 raspberrypi kernel: [    2.579616] EXT4-fs (mmcblk0p2): recovery complete
Apr  5 06:17:17 raspberrypi kernel: [    2.599714] usb 1-1: New USB device found, idVendor=0424, idProduct=9512
Apr  5 06:17:17 raspberrypi kernel: [    2.607920] usb 1-1: New USB device strings: Mfr=0, Product=0, SerialNumber=0
Apr  5 06:17:17 raspberrypi kernel: [    2.619375] hub 1-1:1.0: USB hub found
Apr  5 06:17:17 raspberrypi kernel: [    2.626261] hub 1-1:1.0: 3 ports detected
Apr  5 06:17:17 raspberrypi kernel: [    2.632974] EXT4-fs (mmcblk0p2): mounted filesystem with ordered data mode. Opts: (null)
Apr  5 06:17:17 raspberrypi kernel: [    2.644418] VFS: Mounted root (ext4 filesystem) on device 179:2.
Apr  5 06:17:17 raspberrypi kernel: [    2.654558] devtmpfs: mounted
Apr  5 06:17:17 raspberrypi kernel: [    2.659689] Freeing unused kernel memory: 144K (c0574000 - c0598000)
Apr  5 06:17:17 raspberrypi kernel: [    2.929268] usb 1-1.1: new high-speed USB device number 3 using dwc_otg
Apr  5 06:17:17 raspberrypi kernel: [    3.049772] usb 1-1.1: New USB device found, idVendor=0424, idProduct=ec00
Apr  5 06:17:17 raspberrypi kernel: [    3.058281] usb 1-1.1: New USB device strings: Mfr=0, Product=0, SerialNumber=0
Apr  5 06:17:17 raspberrypi kernel: [    3.071723] smsc95xx v1.0.4
Apr  5 06:17:17 raspberrypi kernel: [    3.134604] smsc95xx 1-1.1:1.0 eth0: register 'smsc95xx' at usb-bcm2708_usb-1.1, smsc95xx USB 2.0 Ethernet, b8:27:eb:1a:10:fb
Apr  5 06:17:17 raspberrypi kernel: [    3.229456] usb 1-1.3: new high-speed USB device number 4 using dwc_otg
Apr  5 06:17:17 raspberrypi kernel: [    3.370964] usb 1-1.3: New USB device found, idVendor=0cf3, idProduct=9271
Apr  5 06:17:17 raspberrypi kernel: [    3.387149] usb 1-1.3: New USB device strings: Mfr=16, Product=32, SerialNumber=48
Apr  5 06:17:17 raspberrypi kernel: [    3.400180] usb 1-1.3: Product: USB2.0 WLAN
Apr  5 06:17:17 raspberrypi kernel: [    3.411691] usb 1-1.3: Manufacturer: ATHEROS
Apr  5 06:17:17 raspberrypi kernel: [    3.417702] usb 1-1.3: SerialNumber: 12345
Apr  5 06:17:17 raspberrypi kernel: [    4.919493] bcm2708_i2c_init_pinmode(0,0)
Apr  5 06:17:17 raspberrypi kernel: [    4.925151] bcm2708_i2c_init_pinmode(0,1)
Apr  5 06:17:17 raspberrypi kernel: [    5.099639] bcm2708_i2c bcm2708_i2c.0: BSC0 Controller at 0x20205000 (irq 79) (baudrate 100000)
Apr  5 06:17:17 raspberrypi kernel: [    5.235575] bcm2708_spi bcm2708_spi.0: master is unqueued, this is deprecated
Apr  5 06:17:17 raspberrypi kernel: [    5.357534] cfg80211: Calling CRDA to update world regulatory domain
Apr  5 06:17:17 raspberrypi kernel: [    5.394656] bcm2708_spi bcm2708_spi.0: SPI Controller at 0x20204000 (irq 80)
Apr  5 06:17:17 raspberrypi kernel: [    5.483104] bcm2708_i2c_init_pinmode(1,2)
Apr  5 06:17:17 raspberrypi kernel: [    5.488731] bcm2708_i2c_init_pinmode(1,3)
Apr  5 06:17:17 raspberrypi kernel: [    5.566753] bcm2708_i2c bcm2708_i2c.1: BSC1 Controller at 0x20804000 (irq 79) (baudrate 100000)
Apr  5 06:17:17 raspberrypi kernel: [    5.771988] bcm2708-i2s bcm2708-i2s.0: Failed to create debugfs directory
Apr  5 06:17:17 raspberrypi kernel: [    6.183659] usb 1-1.3: ath9k_htc: Firmware htc_9271.fw requested
Apr  5 06:17:17 raspberrypi kernel: [    6.191961] usbcore: registered new interface driver ath9k_htc
Apr  5 06:17:17 raspberrypi kernel: [    6.484652] usb 1-1.3: ath9k_htc: Transferred FW: htc_9271.fw, size: 51272
Apr  5 06:17:17 raspberrypi kernel: [    6.720983] ath9k_htc 1-1.3:1.0: ath9k_htc: HTC initialized with 33 credits
Apr  5 06:17:17 raspberrypi kernel: [    6.977686] ath9k_htc 1-1.3:1.0: ath9k_htc: FW Version: 1.3
Apr  5 06:17:17 raspberrypi kernel: [    6.988383] ath: EEPROM regdomain: 0x809c
Apr  5 06:17:17 raspberrypi kernel: [    6.988412] ath: EEPROM indicates we should expect a country code
Apr  5 06:17:17 raspberrypi kernel: [    6.988425] ath: doing EEPROM country->regdmn map search
Apr  5 06:17:17 raspberrypi kernel: [    6.988436] ath: country maps to regdmn code: 0x52
Apr  5 06:17:17 raspberrypi kernel: [    6.988447] ath: Country alpha2 being used: CN
Apr  5 06:17:17 raspberrypi kernel: [    6.988456] ath: Regpair used: 0x52
Apr  5 06:17:17 raspberrypi kernel: [    7.057707] ieee80211 phy0: Atheros AR9271 Rev:1
Apr  5 06:17:17 raspberrypi kernel: [    7.074670] cfg80211: World regulatory domain updated:
Apr  5 06:17:17 raspberrypi kernel: [    7.099165] cfg80211:   (start_freq - end_freq @ bandwidth), (max_antenna_gain, max_eirp)
Apr  5 06:17:17 raspberrypi kernel: [    7.124106] cfg80211:   (2402000 KHz - 2472000 KHz @ 40000 KHz), (300 mBi, 2000 mBm)
Apr  5 06:17:17 raspberrypi kernel: [    7.143363] cfg80211:   (2457000 KHz - 2482000 KHz @ 20000 KHz), (300 mBi, 2000 mBm)
Apr  5 06:17:17 raspberrypi kernel: [    7.169109] cfg80211:   (2474000 KHz - 2494000 KHz @ 20000 KHz), (300 mBi, 2000 mBm)
Apr  5 06:17:17 raspberrypi kernel: [    7.189641] cfg80211:   (5170000 KHz - 5250000 KHz @ 40000 KHz), (300 mBi, 2000 mBm)
Apr  5 06:17:17 raspberrypi kernel: [    7.215589] cfg80211:   (5735000 KHz - 5835000 KHz @ 40000 KHz), (300 mBi, 2000 mBm)
Apr  5 06:17:17 raspberrypi kernel: [    7.240192] cfg80211: Calling CRDA for country: CN
Apr  5 06:17:17 raspberrypi kernel: [    7.347489] cfg80211: Regulatory domain changed to country: CN
Apr  5 06:17:17 raspberrypi kernel: [    7.367399] cfg80211:   (start_freq - end_freq @ bandwidth), (max_antenna_gain, max_eirp)
Apr  5 06:17:17 raspberrypi kernel: [    7.393055] cfg80211:   (2402000 KHz - 2482000 KHz @ 40000 KHz), (N/A, 2000 mBm)
Apr  5 06:17:17 raspberrypi kernel: [    7.404267] cfg80211:   (5735000 KHz - 5835000 KHz @ 40000 KHz), (N/A, 3000 mBm)
Apr  5 06:17:17 raspberrypi kernel: [    9.711100] EXT4-fs (mmcblk0p2): re-mounted. Opts: (null)
Apr  5 06:17:17 raspberrypi kernel: [   10.225991] EXT4-fs (mmcblk0p2): re-mounted. Opts: commit=120,errors=remount-ro
Apr  5 06:17:17 raspberrypi kernel: [   15.806719] FAT-fs (mmcblk0p1): Volume was not properly unmounted. Some data may be corrupt. Please run fsck.
Apr  5 06:17:17 raspberrypi kernel: [   18.575098] NET: Registered protocol family 10
Apr  5 06:17:17 raspberrypi kernel: [   19.422237] Installing knfsd (copyright (C) 1996 okir@monad.swb.de).
Apr  5 06:17:17 raspberrypi kernel: [   22.299571] IPv6: ADDRCONF(NETDEV_UP): wlan0: link is not ready
Apr  5 06:17:17 raspberrypi kernel: [   22.420961] 8021q: 802.1Q VLAN Support v1.8
Apr  5 06:17:17 raspberrypi kernel: [   22.542636] IPv6: ADDRCONF(NETDEV_CHANGE): wlan0: link becomes ready
Apr  5 06:17:17 raspberrypi dnsmasq[1930]: started, version 2.62 cachesize 150
Apr  5 06:17:17 raspberrypi dnsmasq[1930]: compile time options: IPv6 GNU-getopt DBus i18n IDN DHCP DHCPv6 no-Lua TFTP conntrack
Apr  5 06:17:17 raspberrypi dnsmasq-dhcp[1930]: DHCP, IP range 192.168.5.2 -- 192.168.5.250, lease time 12h
Apr  5 06:17:17 raspberrypi dnsmasq[1930]: cleared cache
Apr  5 06:17:20 raspberrypi dhcpd: Internet Systems Consortium DHCP Server 4.2.2
Apr  5 06:17:20 raspberrypi dhcpd: Copyright 2004-2011 Internet Systems Consortium.
Apr  5 06:17:20 raspberrypi dhcpd: All rights reserved.
Apr  5 06:17:20 raspberrypi dhcpd: For info, please visit https://www.isc.org/software/dhcp/
Apr  5 06:17:20 raspberrypi /usr/sbin/cron[2025]: (CRON) INFO (pidfile fd = 3)
Apr  5 06:17:20 raspberrypi /usr/sbin/cron[2029]: (CRON) STARTUP (fork ok)
Apr  5 06:17:20 raspberrypi /usr/sbin/cron[2029]: (CRON) INFO (Running @reboot jobs)
Apr  5 06:17:20 raspberrypi dhcpd: Internet Systems Consortium DHCP Server 4.2.2
Apr  5 06:17:20 raspberrypi dhcpd: Copyright 2004-2011 Internet Systems Consortium.
Apr  5 06:17:20 raspberrypi dhcpd: All rights reserved.
Apr  5 06:17:20 raspberrypi dhcpd: For info, please visit https://www.isc.org/software/dhcp/
Apr  5 06:17:20 raspberrypi dhcpd: Wrote 0 leases to leases file.
Apr  5 06:17:20 raspberrypi dhcpd: 
Apr  5 06:17:20 raspberrypi dhcpd: No subnet declaration for wlan0 (no IPv4 addresses).
Apr  5 06:17:20 raspberrypi dhcpd: ** Ignoring requests on wlan0.  If this is not what
Apr  5 06:17:20 raspberrypi dhcpd:    you want, please write a subnet declaration
Apr  5 06:17:20 raspberrypi dhcpd:    in your dhcpd.conf file for the network segment
Apr  5 06:17:20 raspberrypi dhcpd:    to which interface wlan0 is attached. **
Apr  5 06:17:20 raspberrypi dhcpd: 
Apr  5 06:17:20 raspberrypi dhcpd: 
Apr  5 06:17:20 raspberrypi dhcpd: Not configured to listen on any interfaces!
Apr  5 06:17:20 raspberrypi ntpd[2067]: ntpd 4.2.6p5@1.2349-o Fri May 18 20:30:57 UTC 2012 (1)
Apr  5 06:17:20 raspberrypi ntpd[2074]: proto: precision = 1.000 usec
Apr  5 06:17:20 raspberrypi ntpd[2074]: Listen and drop on 0 v4wildcard 0.0.0.0 UDP 123
Apr  5 06:17:20 raspberrypi ntpd[2074]: Listen and drop on 1 v6wildcard :: UDP 123
Apr  5 06:17:20 raspberrypi ntpd[2074]: Listen normally on 2 lo 127.0.0.1 UDP 123
Apr  5 06:17:20 raspberrypi ntpd[2074]: Listen normally on 3 lo ::1 UDP 123
Apr  5 06:17:20 raspberrypi ntpd[2074]: Listen normally on 4 wlan0 fe80::fa1a:67ff:fe1e:d28a UDP 123
Apr  5 06:17:20 raspberrypi ntpd[2074]: peers refreshed
Apr  5 06:17:20 raspberrypi ntpd[2074]: Listening on routing socket on fd #21 for interface updates
Apr  5 06:17:21 raspberrypi ntpd[2074]: Deferring DNS for 0.debian.pool.ntp.org 1
Apr  5 06:17:21 raspberrypi ntpd[2074]: Deferring DNS for 1.debian.pool.ntp.org 1
Apr  5 06:17:21 raspberrypi ntpd[2074]: Deferring DNS for 2.debian.pool.ntp.org 1
Apr  5 06:17:21 raspberrypi ntpd[2074]: Deferring DNS for 3.debian.pool.ntp.org 1
Apr  5 06:17:21 raspberrypi ntpd[2080]: signal_no_reset: signal 17 had flags 4000000
Apr  5 06:17:23 raspberrypi ntpd_intres[2080]: host name not found: 0.debian.pool.ntp.org
Apr  5 06:17:23 raspberrypi ntpd_intres[2080]: host name not found: 1.debian.pool.ntp.org
Apr  5 06:17:23 raspberrypi ntpd_intres[2080]: host name not found: 2.debian.pool.ntp.org
Apr  5 06:17:23 raspberrypi ntpd_intres[2080]: host name not found: 3.debian.pool.ntp.org
Apr  5 06:17:24 raspberrypi mysqld_safe: Starting mysqld daemon with databases from /var/lib/mysql
Apr  5 06:17:25 raspberrypi mysqld: 140405  6:17:25 [Warning] Using unique option prefix key_buffer instead of key_buffer_size is deprecated and will be removed in a future release. Please use the full name instead.
Apr  5 06:17:25 raspberrypi mysqld: 140405  6:17:25 [Warning] Using unique option prefix myisam-recover instead of myisam-recover-options is deprecated and will be removed in a future release. Please use the full name instead.
Apr  5 06:17:25 raspberrypi mysqld: 140405  6:17:25 [Note] Plugin 'FEDERATED' is disabled.
Apr  5 06:17:25 raspberrypi mysqld: 140405  6:17:25 InnoDB: The InnoDB memory heap is disabled
Apr  5 06:17:25 raspberrypi mysqld: 140405  6:17:25 InnoDB: Mutexes and rw_locks use GCC atomic builtins
Apr  5 06:17:25 raspberrypi mysqld: 140405  6:17:25 InnoDB: Compressed tables use zlib 1.2.7
Apr  5 06:17:25 raspberrypi mysqld: 140405  6:17:25 InnoDB: Using Linux native AIO
Apr  5 06:17:25 raspberrypi mysqld: 140405  6:17:25 InnoDB: Initializing buffer pool, size = 128.0M
Apr  5 06:17:25 raspberrypi mysqld: 140405  6:17:25 InnoDB: Completed initialization of buffer pool
Apr  5 06:17:25 raspberrypi mysqld: 140405  6:17:25 InnoDB: highest supported file format is Barracuda.
Apr  5 06:17:25 raspberrypi mysqld: 140405  6:17:25  InnoDB: Waiting for the background threads to start
Apr  5 06:17:26 raspberrypi mysqld: 140405  6:17:26 InnoDB: 5.5.35 started; log sequence number 1595695
Apr  5 06:17:26 raspberrypi mysqld: 140405  6:17:26 [Note] Server hostname (bind-address): '127.0.0.1'; port: 3306
Apr  5 06:17:26 raspberrypi mysqld: 140405  6:17:26 [Note]   - '127.0.0.1' resolves to '127.0.0.1';
Apr  5 06:17:26 raspberrypi mysqld: 140405  6:17:26 [Note] Server socket created on IP: '127.0.0.1'.
Apr  5 06:17:27 raspberrypi mysqld: 140405  6:17:27 [Note] Event Scheduler: Loaded 0 events
Apr  5 06:17:27 raspberrypi mysqld: 140405  6:17:27 [Note] /usr/sbin/mysqld: ready for connections.
Apr  5 06:17:27 raspberrypi mysqld: Version: '5.5.35-0+wheezy1'  socket: '/var/run/mysqld/mysqld.sock'  port: 3306  (Debian)
Apr  5 06:17:27 raspberrypi /etc/mysql/debian-start[2611]: Upgrading MySQL tables if necessary.
Apr  5 06:17:28 raspberrypi /etc/mysql/debian-start[2615]: /usr/bin/mysql_upgrade: the '--basedir' option is always ignored
Apr  5 06:17:28 raspberrypi /etc/mysql/debian-start[2615]: Looking for 'mysql' as: /usr/bin/mysql
Apr  5 06:17:28 raspberrypi /etc/mysql/debian-start[2615]: Looking for 'mysqlcheck' as: /usr/bin/mysqlcheck
Apr  5 06:17:28 raspberrypi /etc/mysql/debian-start[2615]: This installation of MySQL is already upgraded to 5.5.35, use --force if you still need to run mysql_upgrade
Apr  5 06:17:28 raspberrypi /etc/mysql/debian-start[2672]: Checking for insecure root accounts.
Apr  5 06:17:28 raspberrypi /etc/mysql/debian-start[2687]: Triggering myisam-recover for all MyISAM tables
Apr  5 06:17:33 raspberrypi kernel: [   40.048005] ip_tables: (C) 2000-2006 Netfilter Core Team
Apr  5 06:17:33 raspberrypi kernel: [   40.158686] nf_conntrack version 0.5.0 (7764 buckets, 31056 max)
Apr  5 06:17:34 raspberrypi ntpd[2074]: Listen normally on 5 wlan0 192.168.5.1 UDP 123
Apr  5 06:17:34 raspberrypi ntpd[2074]: peers refreshed
Apr  5 06:17:36 raspberrypi ntpd_intres[2080]: host name not found: 0.debian.pool.ntp.org
Apr  5 06:17:36 raspberrypi ntpd_intres[2080]: host name not found: 1.debian.pool.ntp.org
Apr  5 06:17:36 raspberrypi ntpd_intres[2080]: host name not found: 2.debian.pool.ntp.org
Apr  5 06:17:36 raspberrypi ntpd_intres[2080]: host name not found: 3.debian.pool.ntp.org
Apr  5 06:19:39 raspberrypi ntpd_intres[2080]: host name not found: 0.debian.pool.ntp.org
Apr  5 06:19:39 raspberrypi ntpd_intres[2080]: host name not found: 1.debian.pool.ntp.org
Apr  5 06:19:39 raspberrypi ntpd_intres[2080]: host name not found: 2.debian.pool.ntp.org
Apr  5 06:19:39 raspberrypi ntpd_intres[2080]: host name not found: 3.debian.pool.ntp.org
Apr  5 06:23:41 raspberrypi ntpd_intres[2080]: host name not found: 0.debian.pool.ntp.org
Apr  5 06:23:41 raspberrypi ntpd_intres[2080]: host name not found: 1.debian.pool.ntp.org
Apr  5 06:23:41 raspberrypi ntpd_intres[2080]: host name not found: 2.debian.pool.ntp.org
Apr  5 06:23:41 raspberrypi ntpd_intres[2080]: host name not found: 3.debian.pool.ntp.org
Apr  5 06:25:01 raspberrypi /USR/SBIN/CRON[3213]: (root) CMD (test -x /usr/sbin/anacron || ( cd / && run-parts --report /etc/cron.daily ))
Apr  5 06:31:43 raspberrypi ntpd_intres[2080]: host name not found: 0.debian.pool.ntp.org
Apr  5 06:31:43 raspberrypi ntpd_intres[2080]: host name not found: 1.debian.pool.ntp.org
Apr  5 06:31:43 raspberrypi ntpd_intres[2080]: host name not found: 2.debian.pool.ntp.org
Apr  5 06:31:43 raspberrypi ntpd_intres[2080]: host name not found: 3.debian.pool.ntp.org
Apr  5 06:39:01 raspberrypi /USR/SBIN/CRON[3315]: (root) CMD (  [ -x /usr/lib/php5/maxlifetime ] && [ -d /var/lib/php5 ] && find /var/lib/php5/ -depth -mindepth 1 -maxdepth 1 -type f -ignore_readdir_race -cmin +$(/usr/lib/php5/maxlifetime) ! -execdir fuser -s {} 2>/dev/null \; -delete)
Apr  5 06:47:46 raspberrypi ntpd_intres[2080]: host name not found: 0.debian.pool.ntp.org
Apr  5 06:47:46 raspberrypi ntpd_intres[2080]: host name not found: 1.debian.pool.ntp.org
Apr  5 06:47:46 raspberrypi ntpd_intres[2080]: host name not found: 2.debian.pool.ntp.org
Apr  5 06:47:46 raspberrypi ntpd_intres[2080]: host name not found: 3.debian.pool.ntp.org
Apr  5 06:17:17 raspberrypi kernel: imklog 5.8.11, log source = /proc/kmsg started.
Apr  5 06:17:17 raspberrypi rsyslogd: [origin software="rsyslogd" swVersion="5.8.11" x-pid="1873" x-info="http://www.rsyslog.com"] start
Apr  5 06:17:17 raspberrypi kernel: [    0.000000] Booting Linux on physical CPU 0x0
Apr  5 06:17:17 raspberrypi kernel: [    0.000000] Initializing cgroup subsys cpu
Apr  5 06:17:17 raspberrypi kernel: [    0.000000] Initializing cgroup subsys cpuacct
Apr  5 06:17:17 raspberrypi kernel: [    0.000000] Linux version 3.10.33+ (dc4@dc4-arm-01) (gcc version 4.7.2 20120731 (prerelease) (crosstool-NG linaro-1.13.1+bzr2458 - Linaro GCC 2012.08) ) #654 PREEMPT Fri Mar 7 16:32:08 GMT 2014
Apr  5 06:17:17 raspberrypi kernel: [    0.000000] CPU: ARMv6-compatible processor [410fb767] revision 7 (ARMv7), cr=00c5387d
Apr  5 06:17:17 raspberrypi kernel: [    0.000000] CPU: PIPT / VIPT nonaliasing data cache, VIPT nonaliasing instruction cache
Apr  5 06:17:17 raspberrypi kernel: [    0.000000] Machine: BCM2708
Apr  5 06:17:17 raspberrypi kernel: [    0.000000] cma: CMA: reserved 16 MiB at 1e000000
Apr  5 06:17:17 raspberrypi kernel: [    0.000000] Memory policy: ECC disabled, Data cache writeback
Apr  5 06:17:17 raspberrypi kernel: [    0.000000] On node 0 totalpages: 126976
Apr  5 06:17:17 raspberrypi kernel: [    0.000000] free_area_init_node: node 0, pgdat c05d1ebc, node_mem_map c067e000
Apr  5 06:17:17 raspberrypi kernel: [    0.000000]   Normal zone: 992 pages used for memmap
Apr  5 06:17:17 raspberrypi kernel: [    0.000000]   Normal zone: 0 pages reserved
Apr  5 06:17:17 raspberrypi kernel: [    0.000000]   Normal zone: 126976 pages, LIFO batch:31
Apr  5 06:17:17 raspberrypi kernel: [    0.000000] pcpu-alloc: s0 r0 d32768 u32768 alloc=1*32768
Apr  5 06:17:17 raspberrypi kernel: [    0.000000] pcpu-alloc: [0] 0 
Apr  5 06:17:17 raspberrypi kernel: [    0.000000] Built 1 zonelists in Zone order, mobility grouping on.  Total pages: 125984
Apr  5 06:17:17 raspberrypi kernel: [    0.000000] Kernel command line: dma.dmachans=0x7f35 bcm2708_fb.fbwidth=656 bcm2708_fb.fbheight=416 bcm2708.boardrev=0xe bcm2708.serial=0x161a10fb smsc95xx.macaddr=B8:27:EB:1A:10:FB sdhci-bcm2708.emmc_clock_freq=250000000 vc_mem.mem_base=0x1fa00000 vc_mem.mem_size=0x20000000  dwc_otg.lpm_enable=0 console=ttyAMA0,115200 kgdboc=ttyAMA0,115200 console=tty1 root=/dev/mmcblk0p2 rootfstype=ext4 elevator=deadline rootwait
Apr  5 06:17:17 raspberrypi kernel: [    0.000000] PID hash table entries: 2048 (order: 1, 8192 bytes)
Apr  5 06:17:17 raspberrypi kernel: [    0.000000] Dentry cache hash table entries: 65536 (order: 6, 262144 bytes)
Apr  5 06:17:17 raspberrypi kernel: [    0.000000] Inode-cache hash table entries: 32768 (order: 5, 131072 bytes)
Apr  5 06:17:17 raspberrypi kernel: [    0.000000] Memory: 496MB = 496MB total
Apr  5 06:17:17 raspberrypi kernel: [    0.000000] Memory: 480416k/480416k available, 27488k reserved, 0K highmem
Apr  5 06:17:17 raspberrypi kernel: [    0.000000] Virtual kernel memory layout:
Apr  5 06:17:17 raspberrypi kernel: [    0.000000]     vector  : 0xffff0000 - 0xffff1000   (   4 kB)
Apr  5 06:17:17 raspberrypi kernel: [    0.000000]     fixmap  : 0xfff00000 - 0xfffe0000   ( 896 kB)
Apr  5 06:17:17 raspberrypi kernel: [    0.000000]     vmalloc : 0xdf800000 - 0xff000000   ( 504 MB)
Apr  5 06:17:17 raspberrypi kernel: [    0.000000]     lowmem  : 0xc0000000 - 0xdf000000   ( 496 MB)
Apr  5 06:17:17 raspberrypi kernel: [    0.000000]     modules : 0xbf000000 - 0xc0000000   (  16 MB)
Apr  5 06:17:17 raspberrypi kernel: [    0.000000]       .text : 0xc0008000 - 0xc05737e4   (5550 kB)
Apr  5 06:17:17 raspberrypi kernel: [    0.000000]       .init : 0xc0574000 - 0xc0598364   ( 145 kB)
Apr  5 06:17:17 raspberrypi kernel: [    0.000000]       .data : 0xc059a000 - 0xc05d29d0   ( 227 kB)
Apr  5 06:17:17 raspberrypi kernel: [    0.000000]        .bss : 0xc05d29d0 - 0xc067dbc0   ( 685 kB)
Apr  5 06:17:17 raspberrypi kernel: [    0.000000] SLUB: HWalign=32, Order=0-3, MinObjects=0, CPUs=1, Nodes=1
Apr  5 06:17:17 raspberrypi kernel: [    0.000000] Preemptible hierarchical RCU implementation.
Apr  5 06:17:17 raspberrypi kernel: [    0.000000] NR_IRQS:330
Apr  5 06:17:17 raspberrypi kernel: [    0.000000] sched_clock: 32 bits at 1000kHz, resolution 1000ns, wraps every 4294967ms
Apr  5 06:17:17 raspberrypi kernel: [    0.000000] Switching to timer-based delay loop
Apr  5 06:17:17 raspberrypi kernel: [    0.000000] Console: colour dummy device 80x30
Apr  5 06:17:17 raspberrypi kernel: [    0.000000] console [tty1] enabled
Apr  5 06:17:17 raspberrypi kernel: [    0.001160] Calibrating delay loop (skipped), value calculated using timer frequency.. 2.00 BogoMIPS (lpj=10000)
Apr  5 06:17:17 raspberrypi kernel: [    0.001223] pid_max: default: 32768 minimum: 301
Apr  5 06:17:17 raspberrypi kernel: [    0.001699] Mount-cache hash table entries: 512
Apr  5 06:17:17 raspberrypi kernel: [    0.002494] Initializing cgroup subsys memory
Apr  5 06:17:17 raspberrypi kernel: [    0.002596] Initializing cgroup subsys devices
Apr  5 06:17:17 raspberrypi kernel: [    0.002634] Initializing cgroup subsys freezer
Apr  5 06:17:17 raspberrypi kernel: [    0.002668] Initializing cgroup subsys blkio
Apr  5 06:17:17 raspberrypi kernel: [    0.002820] CPU: Testing write buffer coherency: ok
Apr  5 06:17:17 raspberrypi kernel: [    0.003287] Setting up static identity map for 0xc04068a8 - 0xc0406904
Apr  5 06:17:17 raspberrypi kernel: [    0.005049] devtmpfs: initialized
Apr  5 06:17:17 raspberrypi kernel: [    0.019435] NET: Registered protocol family 16
Apr  5 06:17:17 raspberrypi kernel: [    0.025374] DMA: preallocated 4096 KiB pool for atomic coherent allocations
Apr  5 06:17:17 raspberrypi kernel: [    0.026484] bcm2708.uart_clock = 0
Apr  5 06:17:17 raspberrypi kernel: [    0.028213] hw-breakpoint: found 6 breakpoint and 1 watchpoint registers.
Apr  5 06:17:17 raspberrypi kernel: [    0.028269] hw-breakpoint: maximum watchpoint size is 4 bytes.
Apr  5 06:17:17 raspberrypi kernel: [    0.028308] mailbox: Broadcom VideoCore Mailbox driver
Apr  5 06:17:17 raspberrypi kernel: [    0.028405] bcm2708_vcio: mailbox at f200b880
Apr  5 06:17:17 raspberrypi kernel: [    0.028507] bcm_power: Broadcom power driver
Apr  5 06:17:17 raspberrypi kernel: [    0.028547] bcm_power_open() -> 0
Apr  5 06:17:17 raspberrypi kernel: [    0.028572] bcm_power_request(0, 8)
Apr  5 06:17:17 raspberrypi kernel: [    0.529286] bcm_mailbox_read -> 00000080, 0
Apr  5 06:17:17 raspberrypi kernel: [    0.529328] bcm_power_request -> 0
Apr  5 06:17:17 raspberrypi kernel: [    0.529550] Serial: AMBA PL011 UART driver
Apr  5 06:17:17 raspberrypi kernel: [    0.529691] dev:f1: ttyAMA0 at MMIO 0x20201000 (irq = 83) is a PL011 rev3
Apr  5 06:17:17 raspberrypi kernel: [    0.871824] console [ttyAMA0] enabled
Apr  5 06:17:17 raspberrypi kernel: [    0.897836] bio: create slab <bio-0> at 0
Apr  5 06:17:17 raspberrypi kernel: [    0.903128] SCSI subsystem initialized
Apr  5 06:17:17 raspberrypi kernel: [    0.907111] usbcore: registered new interface driver usbfs
Apr  5 06:17:17 raspberrypi kernel: [    0.912824] usbcore: registered new interface driver hub
Apr  5 06:17:17 raspberrypi kernel: [    0.918376] usbcore: registered new device driver usb
Apr  5 06:17:17 raspberrypi kernel: [    0.924928] Switching to clocksource stc
Apr  5 06:17:17 raspberrypi kernel: [    0.929263] FS-Cache: Loaded
Apr  5 06:17:17 raspberrypi kernel: [    0.932426] CacheFiles: Loaded
Apr  5 06:17:17 raspberrypi kernel: [    0.947890] NET: Registered protocol family 2
Apr  5 06:17:17 raspberrypi kernel: [    0.953293] TCP established hash table entries: 4096 (order: 3, 32768 bytes)
Apr  5 06:17:17 raspberrypi kernel: [    0.960558] TCP bind hash table entries: 4096 (order: 2, 16384 bytes)
Apr  5 06:17:17 raspberrypi kernel: [    0.967081] TCP: Hash tables configured (established 4096 bind 4096)
Apr  5 06:17:17 raspberrypi kernel: [    0.973563] TCP: reno registered
Apr  5 06:17:17 raspberrypi kernel: [    0.976823] UDP hash table entries: 256 (order: 0, 4096 bytes)
Apr  5 06:17:17 raspberrypi kernel: [    0.982736] UDP-Lite hash table entries: 256 (order: 0, 4096 bytes)
Apr  5 06:17:17 raspberrypi kernel: [    0.989469] NET: Registered protocol family 1
Apr  5 06:17:17 raspberrypi kernel: [    0.994389] RPC: Registered named UNIX socket transport module.
Apr  5 06:17:17 raspberrypi kernel: [    1.000450] RPC: Registered udp transport module.
Apr  5 06:17:17 raspberrypi kernel: [    1.005177] RPC: Registered tcp transport module.
Apr  5 06:17:17 raspberrypi kernel: [    1.009926] RPC: Registered tcp NFSv4.1 backchannel transport module.
Apr  5 06:17:17 raspberrypi kernel: [    1.017287] bcm2708_dma: DMA manager at f2007000
Apr  5 06:17:17 raspberrypi kernel: [    1.022106] bcm2708_gpio: bcm2708_gpio_probe c05a7e50
Apr  5 06:17:17 raspberrypi kernel: [    1.027574] vc-mem: phys_addr:0x00000000 mem_base=0x1fa00000 mem_size:0x20000000(512 MiB)
Apr  5 06:17:17 raspberrypi kernel: [    1.036937] audit: initializing netlink socket (disabled)
Apr  5 06:17:17 raspberrypi kernel: [    1.042605] type=2000 audit(0.890:1): initialized
Apr  5 06:17:17 raspberrypi kernel: [    1.204177] VFS: Disk quotas dquot_6.5.2
Apr  5 06:17:17 raspberrypi kernel: [    1.208422] Dquot-cache hash table entries: 1024 (order 0, 4096 bytes)
Apr  5 06:17:17 raspberrypi kernel: [    1.217346] FS-Cache: Netfs 'nfs' registered for caching
Apr  5 06:17:17 raspberrypi kernel: [    1.224064] NFS: Registering the id_resolver key type
Apr  5 06:17:17 raspberrypi kernel: [    1.229366] Key type id_resolver registered
Apr  5 06:17:17 raspberrypi kernel: [    1.233578] Key type id_legacy registered
Apr  5 06:17:17 raspberrypi kernel: [    1.238302] msgmni has been set to 970
Apr  5 06:17:17 raspberrypi kernel: [    1.244201] Block layer SCSI generic (bsg) driver version 0.4 loaded (major 252)
Apr  5 06:17:17 raspberrypi kernel: [    1.252048] io scheduler noop registered
Apr  5 06:17:17 raspberrypi kernel: [    1.256011] io scheduler deadline registered (default)
Apr  5 06:17:17 raspberrypi kernel: [    1.261592] io scheduler cfq registered
Apr  5 06:17:17 raspberrypi kernel: [    1.266879] BCM2708FB: allocated DMA memory 5e400000
Apr  5 06:17:17 raspberrypi kernel: [    1.272053] BCM2708FB: allocated DMA channel 0 @ f2007000
Apr  5 06:17:17 raspberrypi kernel: [    1.284847] Console: switching to colour frame buffer device 82x26
Apr  5 06:17:17 raspberrypi kernel: [    1.294949] uart-pl011 dev:f1: no DMA platform data
Apr  5 06:17:17 raspberrypi kernel: [    1.301412] kgdb: Registered I/O driver kgdboc.
Apr  5 06:17:17 raspberrypi kernel: [    1.307940] vc-cma: Videocore CMA driver
Apr  5 06:17:17 raspberrypi kernel: [    1.313313] vc-cma: vc_cma_base      = 0x00000000
Apr  5 06:17:17 raspberrypi kernel: [    1.319395] vc-cma: vc_cma_size      = 0x00000000 (0 MiB)
Apr  5 06:17:17 raspberrypi kernel: [    1.326052] vc-cma: vc_cma_initial   = 0x00000000 (0 MiB)
Apr  5 06:17:17 raspberrypi kernel: [    1.341782] brd: module loaded
Apr  5 06:17:17 raspberrypi kernel: [    1.351336] loop: module loaded
Apr  5 06:17:17 raspberrypi kernel: [    1.355973] vchiq: vchiq_init_state: slot_zero = 0xde000000, is_master = 0
Apr  5 06:17:17 raspberrypi kernel: [    1.365061] Loading iSCSI transport class v2.0-870.
Apr  5 06:17:17 raspberrypi kernel: [    1.372354] usbcore: registered new interface driver smsc95xx
Apr  5 06:17:17 raspberrypi kernel: [    1.379602] dwc_otg: version 3.00a 10-AUG-2012 (platform bus)
Apr  5 06:17:17 raspberrypi kernel: [    1.586734] Core Release: 2.80a
Apr  5 06:17:17 raspberrypi kernel: [    1.591246] Setting default values for core params
Apr  5 06:17:17 raspberrypi kernel: [    1.597262] Finished setting default values for core params
Apr  5 06:17:17 raspberrypi kernel: [    1.804115] Using Buffer DMA mode
Apr  5 06:17:17 raspberrypi kernel: [    1.808664] Periodic Transfer Interrupt Enhancement - disabled
Apr  5 06:17:17 raspberrypi kernel: [    1.815768] Multiprocessor Interrupt Enhancement - disabled
Apr  5 06:17:17 raspberrypi kernel: [    1.822621] OTG VER PARAM: 0, OTG VER FLAG: 0
Apr  5 06:17:17 raspberrypi kernel: [    1.828248] Dedicated Tx FIFOs mode
Apr  5 06:17:17 raspberrypi kernel: [    1.833544] dwc_otg: Microframe scheduler enabled
Apr  5 06:17:17 raspberrypi kernel: [    1.833773] dwc_otg bcm2708_usb: DWC OTG Controller
Apr  5 06:17:17 raspberrypi kernel: [    1.840048] dwc_otg bcm2708_usb: new USB bus registered, assigned bus number 1
Apr  5 06:17:17 raspberrypi kernel: [    1.848613] dwc_otg bcm2708_usb: irq 32, io mem 0x00000000
Apr  5 06:17:17 raspberrypi kernel: [    1.855427] Init: Port Power? op_state=1
Apr  5 06:17:17 raspberrypi kernel: [    1.860657] Init: Power Port (0)
Apr  5 06:17:17 raspberrypi kernel: [    1.865242] usb usb1: New USB device found, idVendor=1d6b, idProduct=0002
Apr  5 06:17:17 raspberrypi kernel: [    1.873501] usb usb1: New USB device strings: Mfr=3, Product=2, SerialNumber=1
Apr  5 06:17:17 raspberrypi kernel: [    1.882145] usb usb1: Product: DWC OTG Controller
Apr  5 06:17:17 raspberrypi kernel: [    1.888215] usb usb1: Manufacturer: Linux 3.10.33+ dwc_otg_hcd
Apr  5 06:17:17 raspberrypi kernel: [    1.895433] usb usb1: SerialNumber: bcm2708_usb
Apr  5 06:17:17 raspberrypi kernel: [    1.902116] hub 1-0:1.0: USB hub found
Apr  5 06:17:17 raspberrypi kernel: [    1.907235] hub 1-0:1.0: 1 port detected
Apr  5 06:17:17 raspberrypi kernel: [    1.912846] dwc_otg: FIQ enabled
Apr  5 06:17:17 raspberrypi kernel: [    1.912863] dwc_otg: NAK holdoff enabled
Apr  5 06:17:17 raspberrypi kernel: [    1.912873] dwc_otg: FIQ split fix enabled
Apr  5 06:17:17 raspberrypi kernel: [    1.912891] Module dwc_common_port init
Apr  5 06:17:17 raspberrypi kernel: [    1.913336] usbcore: registered new interface driver usb-storage
Apr  5 06:17:17 raspberrypi kernel: [    1.921150] mousedev: PS/2 mouse device common for all mice
Apr  5 06:17:17 raspberrypi kernel: [    1.928654] bcm2835-cpufreq: min=700000 max=700000 cur=700000
Apr  5 06:17:17 raspberrypi kernel: [    1.935947] bcm2835-cpufreq: switching to governor powersave
Apr  5 06:17:17 raspberrypi kernel: [    1.943002] bcm2835-cpufreq: switching to governor powersave
Apr  5 06:17:17 raspberrypi kernel: [    1.949966] cpuidle: using governor ladder
Apr  5 06:17:17 raspberrypi kernel: [    1.955267] cpuidle: using governor menu
Apr  5 06:17:17 raspberrypi kernel: [    1.960453] sdhci: Secure Digital Host Controller Interface driver
Apr  5 06:17:17 raspberrypi kernel: [    1.967879] sdhci: Copyright(c) Pierre Ossman
Apr  5 06:17:17 raspberrypi kernel: [    1.973545] sdhci: Enable low-latency mode
Apr  5 06:17:17 raspberrypi kernel: [    2.018961] mmc0: SDHCI controller on BCM2708_Arasan [platform] using platform's DMA
Apr  5 06:17:17 raspberrypi kernel: [    2.029448] mmc0: BCM2708 SDHC host at 0x20300000 DMA 2 IRQ 77
Apr  5 06:17:17 raspberrypi kernel: [    2.036680] sdhci-pltfm: SDHCI platform and OF driver helper
Apr  5 06:17:17 raspberrypi kernel: [    2.043830] ledtrig-cpu: registered to indicate activity on CPUs
Apr  5 06:17:17 raspberrypi kernel: [    2.053421] hidraw: raw HID events driver (C) Jiri Kosina
Apr  5 06:17:17 raspberrypi kernel: [    2.067717] usbcore: registered new interface driver usbhid
Apr  5 06:17:17 raspberrypi kernel: [    2.074800] usbhid: USB HID core driver
Apr  5 06:17:17 raspberrypi kernel: [    2.084657] TCP: cubic registered
Apr  5 06:17:17 raspberrypi kernel: [    2.091409] Initializing XFRM netlink socket
Apr  5 06:17:17 raspberrypi kernel: [    2.099132] NET: Registered protocol family 17
Apr  5 06:17:17 raspberrypi kernel: [    2.105112] Key type dns_resolver registered
Apr  5 06:17:17 raspberrypi kernel: [    2.114074] Indeed it is in host mode hprt0 = 00021501
Apr  5 06:17:17 raspberrypi kernel: [    2.121062] VFP support v0.3: implementor 41 architecture 1 part 20 variant b rev 5
Apr  5 06:17:17 raspberrypi kernel: [    2.149681] registered taskstats version 1
Apr  5 06:17:17 raspberrypi kernel: [    2.159893] Waiting for root device /dev/mmcblk0p2...
Apr  5 06:17:17 raspberrypi kernel: [    2.231366] mmc0: read SD Status register (SSR) after 4 attempts
Apr  5 06:17:17 raspberrypi kernel: [    2.243891] mmc0: new high speed SDHC card at address e624
Apr  5 06:17:17 raspberrypi kernel: [    2.251485] mmcblk0: mmc0:e624 SU04G 3.69 GiB 
Apr  5 06:17:17 raspberrypi kernel: [    2.259061]  mmcblk0: p1 p2
Apr  5 06:17:17 raspberrypi kernel: [    2.349012] usb 1-1: new high-speed USB device number 2 using dwc_otg
Apr  5 06:17:17 raspberrypi kernel: [    2.357462] Indeed it is in host mode hprt0 = 00001101
Apr  5 06:17:17 raspberrypi kernel: [    2.550824] EXT4-fs (mmcblk0p2): ext4_orphan_cleanup: deleting unreferenced inode 92
Apr  5 06:17:17 raspberrypi kernel: [    2.551044] EXT4-fs (mmcblk0p2): ext4_orphan_cleanup: deleting unreferenced inode 88
Apr  5 06:17:17 raspberrypi kernel: [    2.551154] EXT4-fs (mmcblk0p2): ext4_orphan_cleanup: deleting unreferenced inode 85
Apr  5 06:17:17 raspberrypi kernel: [    2.551242] EXT4-fs (mmcblk0p2): ext4_orphan_cleanup: deleting unreferenced inode 83
Apr  5 06:17:17 raspberrypi kernel: [    2.551341] EXT4-fs (mmcblk0p2): ext4_orphan_cleanup: deleting unreferenced inode 81
Apr  5 06:17:17 raspberrypi kernel: [    2.551428] EXT4-fs (mmcblk0p2): 5 orphan inodes deleted
Apr  5 06:17:17 raspberrypi kernel: [    2.558219] EXT4-fs (mmcblk0p2): recovery complete
Apr  5 06:17:17 raspberrypi kernel: [    2.579860] usb 1-1: New USB device found, idVendor=0424, idProduct=9512
Apr  5 06:17:17 raspberrypi kernel: [    2.588077] usb 1-1: New USB device strings: Mfr=0, Product=0, SerialNumber=0
Apr  5 06:17:17 raspberrypi kernel: [    2.596808] EXT4-fs (mmcblk0p2): mounted filesystem with ordered data mode. Opts: (null)
Apr  5 06:17:17 raspberrypi kernel: [    2.607858] VFS: Mounted root (ext4 filesystem) on device 179:2.
Apr  5 06:17:17 raspberrypi kernel: [    2.616521] hub 1-1:1.0: USB hub found
Apr  5 06:17:17 raspberrypi kernel: [    2.622440] hub 1-1:1.0: 3 ports detected
Apr  5 06:17:17 raspberrypi kernel: [    2.628478] devtmpfs: mounted
Apr  5 06:17:17 raspberrypi kernel: [    2.634636] Freeing unused kernel memory: 144K (c0574000 - c0598000)
Apr  5 06:17:17 raspberrypi kernel: [    2.909323] usb 1-1.1: new high-speed USB device number 3 using dwc_otg
Apr  5 06:17:17 raspberrypi kernel: [    3.029699] usb 1-1.1: New USB device found, idVendor=0424, idProduct=ec00
Apr  5 06:17:17 raspberrypi kernel: [    3.038185] usb 1-1.1: New USB device strings: Mfr=0, Product=0, SerialNumber=0
Apr  5 06:17:17 raspberrypi kernel: [    3.050967] smsc95xx v1.0.4
Apr  5 06:17:17 raspberrypi kernel: [    3.114164] smsc95xx 1-1.1:1.0 eth0: register 'smsc95xx' at usb-bcm2708_usb-1.1, smsc95xx USB 2.0 Ethernet, b8:27:eb:1a:10:fb
Apr  5 06:17:17 raspberrypi kernel: [    3.209389] usb 1-1.3: new high-speed USB device number 4 using dwc_otg
Apr  5 06:17:17 raspberrypi kernel: [    3.350778] usb 1-1.3: New USB device found, idVendor=0cf3, idProduct=9271
Apr  5 06:17:17 raspberrypi kernel: [    3.360874] usb 1-1.3: New USB device strings: Mfr=16, Product=32, SerialNumber=48
Apr  5 06:17:17 raspberrypi kernel: [    3.371774] usb 1-1.3: Product: USB2.0 WLAN
Apr  5 06:17:17 raspberrypi kernel: [    3.377826] usb 1-1.3: Manufacturer: ATHEROS
Apr  5 06:17:17 raspberrypi kernel: [    3.383759] usb 1-1.3: SerialNumber: 12345
Apr  5 06:17:17 raspberrypi kernel: [    4.906655] bcm2708_i2c_init_pinmode(0,0)
Apr  5 06:17:17 raspberrypi kernel: [    5.040483] bcm2708_i2c_init_pinmode(0,1)
Apr  5 06:17:17 raspberrypi kernel: [    5.047909] bcm2708_i2c bcm2708_i2c.0: BSC0 Controller at 0x20205000 (irq 79) (baudrate 100000)
Apr  5 06:17:17 raspberrypi kernel: [    5.265868] cfg80211: Calling CRDA to update world regulatory domain
Apr  5 06:17:17 raspberrypi kernel: [    5.339314] bcm2708_spi bcm2708_spi.0: master is unqueued, this is deprecated
Apr  5 06:17:17 raspberrypi kernel: [    5.424231] bcm2708_spi bcm2708_spi.0: SPI Controller at 0x20204000 (irq 80)
Apr  5 06:17:17 raspberrypi kernel: [    5.517235] bcm2708_i2c_init_pinmode(1,2)
Apr  5 06:17:17 raspberrypi kernel: [    5.554657] bcm2708_i2c_init_pinmode(1,3)
Apr  5 06:17:17 raspberrypi kernel: [    5.613529] bcm2708_i2c bcm2708_i2c.1: BSC1 Controller at 0x20804000 (irq 79) (baudrate 100000)
Apr  5 06:17:17 raspberrypi kernel: [    5.845145] bcm2708-i2s bcm2708-i2s.0: Failed to create debugfs directory
Apr  5 06:17:17 raspberrypi kernel: [    6.029641] usb 1-1.3: ath9k_htc: Firmware htc_9271.fw requested
Apr  5 06:17:17 raspberrypi kernel: [    6.050728] usbcore: registered new interface driver ath9k_htc
Apr  5 06:17:17 raspberrypi kernel: [    6.330463] usb 1-1.3: ath9k_htc: Transferred FW: htc_9271.fw, size: 51272
Apr  5 06:17:17 raspberrypi kernel: [    6.566654] ath9k_htc 1-1.3:1.0: ath9k_htc: HTC initialized with 33 credits
Apr  5 06:17:17 raspberrypi kernel: [    6.820702] ath9k_htc 1-1.3:1.0: ath9k_htc: FW Version: 1.3
Apr  5 06:17:17 raspberrypi kernel: [    6.827925] ath: EEPROM regdomain: 0x809c
Apr  5 06:17:17 raspberrypi kernel: [    6.827939] ath: EEPROM indicates we should expect a country code
Apr  5 06:17:17 raspberrypi kernel: [    6.827954] ath: doing EEPROM country->regdmn map search
Apr  5 06:17:17 raspberrypi kernel: [    6.827964] ath: country maps to regdmn code: 0x52
Apr  5 06:17:17 raspberrypi kernel: [    6.827975] ath: Country alpha2 being used: CN
Apr  5 06:17:17 raspberrypi kernel: [    6.827983] ath: Regpair used: 0x52
Apr  5 06:17:17 raspberrypi kernel: [    6.905300] ieee80211 phy0: Atheros AR9271 Rev:1
Apr  5 06:17:17 raspberrypi kernel: [    7.184385] cfg80211: World regulatory domain updated:
Apr  5 06:17:17 raspberrypi kernel: [    7.199053] cfg80211:   (start_freq - end_freq @ bandwidth), (max_antenna_gain, max_eirp)
Apr  5 06:17:17 raspberrypi kernel: [    7.216732] cfg80211:   (2402000 KHz - 2472000 KHz @ 40000 KHz), (300 mBi, 2000 mBm)
Apr  5 06:17:17 raspberrypi kernel: [    7.239079] cfg80211:   (2457000 KHz - 2482000 KHz @ 20000 KHz), (300 mBi, 2000 mBm)
Apr  5 06:17:17 raspberrypi kernel: [    7.253223] cfg80211:   (2474000 KHz - 2494000 KHz @ 20000 KHz), (300 mBi, 2000 mBm)
Apr  5 06:17:17 raspberrypi kernel: [    7.264583] cfg80211:   (5170000 KHz - 5250000 KHz @ 40000 KHz), (300 mBi, 2000 mBm)
Apr  5 06:17:17 raspberrypi kernel: [    7.275923] cfg80211:   (5735000 KHz - 5835000 KHz @ 40000 KHz), (300 mBi, 2000 mBm)
Apr  5 06:17:17 raspberrypi kernel: [    7.287354] cfg80211: Calling CRDA for country: CN
Apr  5 06:17:17 raspberrypi kernel: [    7.346625] cfg80211: Regulatory domain changed to country: CN
Apr  5 06:17:17 raspberrypi kernel: [    7.354456] cfg80211:   (start_freq - end_freq @ bandwidth), (max_antenna_gain, max_eirp)
Apr  5 06:17:17 raspberrypi kernel: [    7.366231] cfg80211:   (2402000 KHz - 2482000 KHz @ 40000 KHz), (N/A, 2000 mBm)
Apr  5 06:17:17 raspberrypi kernel: [    7.377291] cfg80211:   (5735000 KHz - 5835000 KHz @ 40000 KHz), (N/A, 3000 mBm)
Apr  5 06:17:17 raspberrypi kernel: [    9.690057] EXT4-fs (mmcblk0p2): re-mounted. Opts: (null)
Apr  5 06:17:17 raspberrypi kernel: [   10.204708] EXT4-fs (mmcblk0p2): re-mounted. Opts: commit=120,errors=remount-ro
Apr  5 06:17:17 raspberrypi kernel: [   15.775055] FAT-fs (mmcblk0p1): Volume was not properly unmounted. Some data may be corrupt. Please run fsck.
Apr  5 06:17:17 raspberrypi kernel: [   18.542674] NET: Registered protocol family 10
Apr  5 06:17:17 raspberrypi kernel: [   19.385021] Installing knfsd (copyright (C) 1996 okir@monad.swb.de).
Apr  5 06:17:17 raspberrypi kernel: [   22.299395] IPv6: ADDRCONF(NETDEV_UP): wlan0: link is not ready
Apr  5 06:17:17 raspberrypi kernel: [   22.413962] 8021q: 802.1Q VLAN Support v1.8
Apr  5 06:17:17 raspberrypi kernel: [   22.541711] IPv6: ADDRCONF(NETDEV_CHANGE): wlan0: link becomes ready
Apr  5 06:17:17 raspberrypi dnsmasq[1923]: started, version 2.62 cachesize 150
Apr  5 06:17:17 raspberrypi dnsmasq[1923]: compile time options: IPv6 GNU-getopt DBus i18n IDN DHCP DHCPv6 no-Lua TFTP conntrack
Apr  5 06:17:17 raspberrypi dnsmasq-dhcp[1923]: DHCP, IP range 192.168.5.2 -- 192.168.5.250, lease time 12h
Apr  5 06:17:17 raspberrypi dnsmasq[1923]: cleared cache
Apr  5 06:17:21 raspberrypi mysqld_safe: Starting mysqld daemon with databases from /var/lib/mysql
Apr  5 06:17:21 raspberrypi mysqld: 140405  6:17:21 [Warning] Using unique option prefix key_buffer instead of key_buffer_size is deprecated and will be removed in a future release. Please use the full name instead.
Apr  5 06:17:21 raspberrypi mysqld: 140405  6:17:21 [Warning] Using unique option prefix myisam-recover instead of myisam-recover-options is deprecated and will be removed in a future release. Please use the full name instead.
Apr  5 06:17:21 raspberrypi mysqld: 140405  6:17:21 [Note] Plugin 'FEDERATED' is disabled.
Apr  5 06:17:21 raspberrypi mysqld: 140405  6:17:21 InnoDB: The InnoDB memory heap is disabled
Apr  5 06:17:21 raspberrypi mysqld: 140405  6:17:21 InnoDB: Mutexes and rw_locks use GCC atomic builtins
Apr  5 06:17:21 raspberrypi mysqld: 140405  6:17:21 InnoDB: Compressed tables use zlib 1.2.7
Apr  5 06:17:21 raspberrypi mysqld: 140405  6:17:21 InnoDB: Using Linux native AIO
Apr  5 06:17:21 raspberrypi mysqld: 140405  6:17:21 InnoDB: Initializing buffer pool, size = 128.0M
Apr  5 06:17:21 raspberrypi mysqld: 140405  6:17:21 InnoDB: Completed initialization of buffer pool
Apr  5 06:17:21 raspberrypi mysqld: 140405  6:17:21 InnoDB: highest supported file format is Barracuda.
Apr  5 06:17:22 raspberrypi mysqld: 140405  6:17:22  InnoDB: Waiting for the background threads to start
Apr  5 06:17:23 raspberrypi mysqld: 140405  6:17:23 InnoDB: 5.5.35 started; log sequence number 1595695
Apr  5 06:17:23 raspberrypi mysqld: 140405  6:17:23 [Note] Server hostname (bind-address): '127.0.0.1'; port: 3306
Apr  5 06:17:23 raspberrypi mysqld: 140405  6:17:23 [Note]   - '127.0.0.1' resolves to '127.0.0.1';
Apr  5 06:17:23 raspberrypi mysqld: 140405  6:17:23 [Note] Server socket created on IP: '127.0.0.1'.
Apr  5 06:17:23 raspberrypi mysqld: 140405  6:17:23 [Note] Event Scheduler: Loaded 0 events
Apr  5 06:17:23 raspberrypi mysqld: 140405  6:17:23 [Note] /usr/sbin/mysqld: ready for connections.
Apr  5 06:17:23 raspberrypi mysqld: Version: '5.5.35-0+wheezy1'  socket: '/var/run/mysqld/mysqld.sock'  port: 3306  (Debian)
Apr  5 06:17:24 raspberrypi /etc/mysql/debian-start[2410]: Upgrading MySQL tables if necessary.
Apr  5 06:17:25 raspberrypi /etc/mysql/debian-start[2414]: /usr/bin/mysql_upgrade: the '--basedir' option is always ignored
Apr  5 06:17:25 raspberrypi /etc/mysql/debian-start[2414]: Looking for 'mysql' as: /usr/bin/mysql
Apr  5 06:17:25 raspberrypi /etc/mysql/debian-start[2414]: Looking for 'mysqlcheck' as: /usr/bin/mysqlcheck
Apr  5 06:17:25 raspberrypi /etc/mysql/debian-start[2414]: This installation of MySQL is already upgraded to 5.5.35, use --force if you still need to run mysql_upgrade
Apr  5 06:17:25 raspberrypi /etc/mysql/debian-start[2447]: Checking for insecure root accounts.
Apr  5 06:17:25 raspberrypi /etc/mysql/debian-start[2452]: Triggering myisam-recover for all MyISAM tables
Apr  5 06:17:28 raspberrypi /usr/sbin/cron[2515]: (CRON) INFO (pidfile fd = 3)
Apr  5 06:17:28 raspberrypi /usr/sbin/cron[2517]: (CRON) STARTUP (fork ok)
Apr  5 06:17:28 raspberrypi /usr/sbin/cron[2517]: (CRON) INFO (Running @reboot jobs)
Apr  5 06:17:33 raspberrypi dhcpd: Internet Systems Consortium DHCP Server 4.2.2
Apr  5 06:17:33 raspberrypi dhcpd: Copyright 2004-2011 Internet Systems Consortium.
Apr  5 06:17:33 raspberrypi dhcpd: All rights reserved.
Apr  5 06:17:33 raspberrypi dhcpd: For info, please visit https://www.isc.org/software/dhcp/
Apr  5 06:17:33 raspberrypi dhcpd: Internet Systems Consortium DHCP Server 4.2.2
Apr  5 06:17:33 raspberrypi dhcpd: Copyright 2004-2011 Internet Systems Consortium.
Apr  5 06:17:33 raspberrypi dhcpd: All rights reserved.
Apr  5 06:17:33 raspberrypi dhcpd: For info, please visit https://www.isc.org/software/dhcp/
Apr  5 06:17:33 raspberrypi dhcpd: Wrote 0 leases to leases file.
Apr  5 06:17:33 raspberrypi dhcpd: 
Apr  5 06:17:33 raspberrypi dhcpd: No subnet declaration for wlan0 (no IPv4 addresses).
Apr  5 06:17:33 raspberrypi dhcpd: ** Ignoring requests on wlan0.  If this is not what
Apr  5 06:17:33 raspberrypi dhcpd:    you want, please write a subnet declaration
Apr  5 06:17:33 raspberrypi dhcpd:    in your dhcpd.conf file for the network segment
Apr  5 06:17:33 raspberrypi dhcpd:    to which interface wlan0 is attached. **
Apr  5 06:17:33 raspberrypi dhcpd: 
Apr  5 06:17:33 raspberrypi dhcpd: 
Apr  5 06:17:33 raspberrypi dhcpd: Not configured to listen on any interfaces!
Apr  5 06:17:33 raspberrypi ntpd[2992]: ntpd 4.2.6p5@1.2349-o Fri May 18 20:30:57 UTC 2012 (1)
Apr  5 06:17:33 raspberrypi ntpd[2994]: proto: precision = 1.000 usec
Apr  5 06:17:33 raspberrypi ntpd[2994]: Listen and drop on 0 v4wildcard 0.0.0.0 UDP 123
Apr  5 06:17:33 raspberrypi ntpd[2994]: Listen and drop on 1 v6wildcard :: UDP 123
Apr  5 06:17:33 raspberrypi ntpd[2994]: Listen normally on 2 lo 127.0.0.1 UDP 123
Apr  5 06:17:33 raspberrypi ntpd[2994]: Listen normally on 3 lo ::1 UDP 123
Apr  5 06:17:33 raspberrypi ntpd[2994]: Listen normally on 4 wlan0 fe80::fa1a:67ff:fe1e:d28a UDP 123
Apr  5 06:17:33 raspberrypi ntpd[2994]: peers refreshed
Apr  5 06:17:33 raspberrypi ntpd[2994]: Listening on routing socket on fd #21 for interface updates
Apr  5 06:17:33 raspberrypi ntpd[2994]: Deferring DNS for 0.debian.pool.ntp.org 1
Apr  5 06:17:33 raspberrypi ntpd[2994]: Deferring DNS for 1.debian.pool.ntp.org 1
Apr  5 06:17:33 raspberrypi ntpd[2994]: Deferring DNS for 2.debian.pool.ntp.org 1
Apr  5 06:17:33 raspberrypi ntpd[2994]: Deferring DNS for 3.debian.pool.ntp.org 1
Apr  5 06:17:33 raspberrypi ntpd[3000]: signal_no_reset: signal 17 had flags 4000000
Apr  5 06:17:35 raspberrypi ntpd_intres[3000]: host name not found: 0.debian.pool.ntp.org
Apr  5 06:17:36 raspberrypi ntpd_intres[3000]: host name not found: 1.debian.pool.ntp.org
Apr  5 06:17:36 raspberrypi ntpd_intres[3000]: host name not found: 2.debian.pool.ntp.org
Apr  5 06:17:36 raspberrypi ntpd_intres[3000]: host name not found: 3.debian.pool.ntp.org
Apr  5 06:17:37 raspberrypi kernel: [   43.703943] ip_tables: (C) 2000-2006 Netfilter Core Team
Apr  5 06:17:37 raspberrypi kernel: [   43.762991] nf_conntrack version 0.5.0 (7764 buckets, 31056 max)
Apr  5 06:17:38 raspberrypi ntpd[2994]: Listen normally on 5 wlan0 192.168.5.1 UDP 123
Apr  5 06:17:38 raspberrypi ntpd[2994]: peers refreshed
Apr  5 06:17:40 raspberrypi ntpd_intres[3000]: host name not found: 0.debian.pool.ntp.org
Apr  5 06:17:40 raspberrypi ntpd_intres[3000]: host name not found: 1.debian.pool.ntp.org
Apr  5 06:17:40 raspberrypi ntpd_intres[3000]: host name not found: 2.debian.pool.ntp.org
Apr  5 06:17:40 raspberrypi ntpd_intres[3000]: host name not found: 3.debian.pool.ntp.org
Apr  5 06:19:42 raspberrypi ntpd_intres[3000]: host name not found: 0.debian.pool.ntp.org
Apr  5 06:19:42 raspberrypi ntpd_intres[3000]: host name not found: 1.debian.pool.ntp.org
Apr  5 06:19:42 raspberrypi ntpd_intres[3000]: host name not found: 2.debian.pool.ntp.org
Apr  5 06:19:42 raspberrypi ntpd_intres[3000]: host name not found: 3.debian.pool.ntp.org
Apr  5 06:23:45 raspberrypi ntpd_intres[3000]: host name not found: 0.debian.pool.ntp.org
Apr  5 06:23:45 raspberrypi ntpd_intres[3000]: host name not found: 1.debian.pool.ntp.org
Apr  5 06:23:45 raspberrypi ntpd_intres[3000]: host name not found: 2.debian.pool.ntp.org
Apr  5 06:23:45 raspberrypi ntpd_intres[3000]: host name not found: 3.debian.pool.ntp.org
Apr  5 06:25:01 raspberrypi /USR/SBIN/CRON[3211]: (root) CMD (test -x /usr/sbin/anacron || ( cd / && run-parts --report /etc/cron.daily ))
Apr  5 06:31:47 raspberrypi ntpd_intres[3000]: host name not found: 0.debian.pool.ntp.org
Apr  5 06:31:47 raspberrypi ntpd_intres[3000]: host name not found: 1.debian.pool.ntp.org
Apr  5 06:31:47 raspberrypi ntpd_intres[3000]: host name not found: 2.debian.pool.ntp.org
Apr  5 06:31:47 raspberrypi ntpd_intres[3000]: host name not found: 3.debian.pool.ntp.org
Apr  5 06:37:05 raspberrypi hostapd: wlan0: STA a4:77:60:e9:a1:78 IEEE 802.11: authenticated
Apr  5 06:37:05 raspberrypi hostapd: wlan0: STA a4:77:60:e9:a1:78 IEEE 802.11: associated (aid 1)
Apr  5 06:37:05 raspberrypi hostapd: wlan0: STA a4:77:60:e9:a1:78 RADIUS: starting accounting session 533F91DB-00000000
Apr  5 06:37:08 raspberrypi dnsmasq-dhcp[1923]: DHCPDISCOVER(wlan0) a4:77:60:e9:a1:78 
Apr  5 06:37:08 raspberrypi dnsmasq-dhcp[1923]: DHCPOFFER(wlan0) 192.168.5.206 a4:77:60:e9:a1:78 
Apr  5 06:37:08 raspberrypi dnsmasq-dhcp[1923]: DHCPREQUEST(wlan0) 192.168.5.206 a4:77:60:e9:a1:78 
Apr  5 06:37:08 raspberrypi dnsmasq-dhcp[1923]: DHCPACK(wlan0) 192.168.5.206 a4:77:60:e9:a1:78 Windows-Phone
Apr  5 06:37:25 raspberrypi hostapd: wlan0: STA a4:77:60:e9:a1:78 IEEE 802.11: disassociated
Apr  5 06:37:26 raspberrypi hostapd: wlan0: STA a4:77:60:e9:a1:78 IEEE 802.11: deauthenticated due to inactivity
Apr  5 06:39:01 raspberrypi /USR/SBIN/CRON[3314]: (root) CMD (  [ -x /usr/lib/php5/maxlifetime ] && [ -d /var/lib/php5 ] && find /var/lib/php5/ -depth -mindepth 1 -maxdepth 1 -type f -ignore_readdir_race -cmin +$(/usr/lib/php5/maxlifetime) ! -execdir fuser -s {} 2>/dev/null \; -delete)
Apr  5 06:42:56 raspberrypi hostapd: wlan0: STA a4:77:60:e9:a1:78 IEEE 802.11: authenticated
Apr  5 06:42:56 raspberrypi hostapd: wlan0: STA a4:77:60:e9:a1:78 IEEE 802.11: associated (aid 1)
Apr  5 06:42:56 raspberrypi hostapd: wlan0: STA a4:77:60:e9:a1:78 RADIUS: starting accounting session 533F91DB-00000001
Apr  5 06:42:56 raspberrypi dnsmasq-dhcp[1923]: DHCPDISCOVER(wlan0) a4:77:60:e9:a1:78 
Apr  5 06:42:56 raspberrypi dnsmasq-dhcp[1923]: DHCPOFFER(wlan0) 192.168.5.206 a4:77:60:e9:a1:78 
Apr  5 06:42:56 raspberrypi dnsmasq-dhcp[1923]: DHCPREQUEST(wlan0) 192.168.5.206 a4:77:60:e9:a1:78 
Apr  5 06:42:56 raspberrypi dnsmasq-dhcp[1923]: DHCPACK(wlan0) 192.168.5.206 a4:77:60:e9:a1:78 Windows-Phone
Apr  5 06:43:35 raspberrypi hostapd: wlan0: STA a4:77:60:e9:a1:78 IEEE 802.11: disassociated
Apr  5 06:43:36 raspberrypi hostapd: wlan0: STA a4:77:60:e9:a1:78 IEEE 802.11: deauthenticated due to inactivity
Apr  5 06:47:50 raspberrypi ntpd_intres[3000]: host name not found: 0.debian.pool.ntp.org
Apr  5 06:47:50 raspberrypi ntpd_intres[3000]: host name not found: 1.debian.pool.ntp.org
Apr  5 06:47:50 raspberrypi ntpd_intres[3000]: host name not found: 2.debian.pool.ntp.org
Apr  5 06:47:50 raspberrypi ntpd_intres[3000]: host name not found: 3.debian.pool.ntp.org
Apr  5 06:59:40 raspberrypi hostapd: wlan0: STA a4:77:60:e9:a1:78 IEEE 802.11: authenticated
Apr  5 07:00:12 raspberrypi hostapd: wlan0: STA a4:77:60:e9:a1:78 IEEE 802.11: authenticated
Apr  5 07:00:12 raspberrypi hostapd: wlan0: STA a4:77:60:e9:a1:78 IEEE 802.11: associated (aid 1)
Apr  5 07:00:12 raspberrypi hostapd: wlan0: STA a4:77:60:e9:a1:78 RADIUS: starting accounting session 533F91DB-00000002
Apr  5 07:00:12 raspberrypi dnsmasq-dhcp[1923]: DHCPDISCOVER(wlan0) a4:77:60:e9:a1:78 
Apr  5 07:00:12 raspberrypi dnsmasq-dhcp[1923]: DHCPOFFER(wlan0) 192.168.5.206 a4:77:60:e9:a1:78 
Apr  5 07:00:12 raspberrypi dnsmasq-dhcp[1923]: DHCPREQUEST(wlan0) 192.168.5.206 a4:77:60:e9:a1:78 
Apr  5 07:00:12 raspberrypi dnsmasq-dhcp[1923]: DHCPACK(wlan0) 192.168.5.206 a4:77:60:e9:a1:78 Windows-Phone
Apr  5 07:00:31 raspberrypi hostapd: wlan0: STA a4:77:60:e9:a1:78 IEEE 802.11: authenticated
Apr  5 07:00:31 raspberrypi hostapd: wlan0: STA a4:77:60:e9:a1:78 IEEE 802.11: associated (aid 1)
Apr  5 07:00:31 raspberrypi hostapd: wlan0: STA a4:77:60:e9:a1:78 RADIUS: starting accounting session 533F91DB-00000003
Apr  5 07:00:32 raspberrypi dnsmasq-dhcp[1923]: DHCPREQUEST(wlan0) 192.168.5.206 a4:77:60:e9:a1:78 
Apr  5 07:00:32 raspberrypi dnsmasq-dhcp[1923]: DHCPACK(wlan0) 192.168.5.206 a4:77:60:e9:a1:78 Windows-Phone
Apr  5 07:00:44 raspberrypi dnsmasq-dhcp[1923]: DHCPREQUEST(wlan0) 192.168.5.206 a4:77:60:e9:a1:78 
Apr  5 07:00:44 raspberrypi dnsmasq-dhcp[1923]: DHCPACK(wlan0) 192.168.5.206 a4:77:60:e9:a1:78 Windows-Phone
Apr  5 07:00:59 raspberrypi dnsmasq-dhcp[1923]: DHCPREQUEST(wlan0) 192.168.5.206 a4:77:60:e9:a1:78 
Apr  5 07:00:59 raspberrypi dnsmasq-dhcp[1923]: DHCPACK(wlan0) 192.168.5.206 a4:77:60:e9:a1:78 Windows-Phone
Apr  5 07:01:06 raspberrypi hostapd: wlan0: STA a4:77:60:e9:a1:78 IEEE 802.11: disassociated
Apr  5 07:01:07 raspberrypi hostapd: wlan0: STA a4:77:60:e9:a1:78 IEEE 802.11: deauthenticated due to inactivity
Apr  5 07:03:53 raspberrypi ntpd_intres[3000]: host name not found: 0.debian.pool.ntp.org
Apr  5 07:03:53 raspberrypi ntpd_intres[3000]: host name not found: 1.debian.pool.ntp.org
Apr  5 07:03:53 raspberrypi ntpd_intres[3000]: host name not found: 2.debian.pool.ntp.org
Apr  5 07:03:53 raspberrypi ntpd_intres[3000]: host name not found: 3.debian.pool.ntp.org
Apr  5 07:07:48 raspberrypi hostapd: wlan0: STA a4:77:60:e9:a1:78 IEEE 802.11: authenticated
Apr  5 07:07:48 raspberrypi hostapd: wlan0: STA a4:77:60:e9:a1:78 IEEE 802.11: associated (aid 1)
Apr  5 07:07:48 raspberrypi hostapd: wlan0: STA a4:77:60:e9:a1:78 RADIUS: starting accounting session 533F91DB-00000004
Apr  5 07:07:49 raspberrypi dnsmasq-dhcp[1923]: DHCPDISCOVER(wlan0) a4:77:60:e9:a1:78 
Apr  5 07:07:49 raspberrypi dnsmasq-dhcp[1923]: DHCPOFFER(wlan0) 192.168.5.206 a4:77:60:e9:a1:78 
Apr  5 07:07:53 raspberrypi dnsmasq-dhcp[1923]: DHCPDISCOVER(wlan0) a4:77:60:e9:a1:78 
Apr  5 07:07:53 raspberrypi dnsmasq-dhcp[1923]: DHCPOFFER(wlan0) 192.168.5.206 a4:77:60:e9:a1:78 
Apr  5 07:07:57 raspberrypi dnsmasq-dhcp[1923]: DHCPDISCOVER(wlan0) a4:77:60:e9:a1:78 
Apr  5 07:07:57 raspberrypi dnsmasq-dhcp[1923]: DHCPOFFER(wlan0) 192.168.5.206 a4:77:60:e9:a1:78 
Apr  5 07:07:57 raspberrypi dnsmasq-dhcp[1923]: DHCPREQUEST(wlan0) 192.168.5.206 a4:77:60:e9:a1:78 
Apr  5 07:07:57 raspberrypi dnsmasq-dhcp[1923]: DHCPACK(wlan0) 192.168.5.206 a4:77:60:e9:a1:78 Windows-Phone
Apr  5 07:09:01 raspberrypi /USR/SBIN/CRON[3444]: (root) CMD (  [ -x /usr/lib/php5/maxlifetime ] && [ -d /var/lib/php5 ] && find /var/lib/php5/ -depth -mindepth 1 -maxdepth 1 -type f -ignore_readdir_race -cmin +$(/usr/lib/php5/maxlifetime) ! -execdir fuser -s {} 2>/dev/null \; -delete)
Apr  5 07:09:41 raspberrypi hostapd: wlan0: STA a4:77:60:e9:a1:78 IEEE 802.11: authenticated
Apr  5 07:10:47 raspberrypi hostapd: wlan0: STA a4:77:60:e9:a1:78 IEEE 802.11: authenticated
Apr  5 07:15:48 raspberrypi hostapd: wlan0: STA a4:77:60:e9:a1:78 IEEE 802.11: disassociated due to inactivity
Apr  5 07:15:49 raspberrypi hostapd: wlan0: STA a4:77:60:e9:a1:78 IEEE 802.11: deauthenticated due to inactivity
Apr  5 07:17:01 raspberrypi /USR/SBIN/CRON[3462]: (root) CMD (   cd / && run-parts --report /etc/cron.hourly)
Apr  5 07:19:56 raspberrypi ntpd_intres[3000]: host name not found: 0.debian.pool.ntp.org
Apr  5 07:19:56 raspberrypi ntpd_intres[3000]: host name not found: 1.debian.pool.ntp.org
Apr  5 07:19:56 raspberrypi ntpd_intres[3000]: host name not found: 2.debian.pool.ntp.org
Apr  5 07:19:56 raspberrypi ntpd_intres[3000]: host name not found: 3.debian.pool.ntp.org
Apr  5 07:34:33 raspberrypi hostapd: wlan0: STA 70:d4:f2:a7:68:93 IEEE 802.11: authenticated
Apr  5 07:34:33 raspberrypi hostapd: wlan0: STA 70:d4:f2:a7:68:93 IEEE 802.11: associated (aid 1)
Apr  5 07:34:33 raspberrypi hostapd: wlan0: STA 70:d4:f2:a7:68:93 RADIUS: starting accounting session 533F91DB-00000005
Apr  5 07:34:36 raspberrypi dnsmasq-dhcp[1923]: DHCPDISCOVER(wlan0) 70:d4:f2:a7:68:93 
Apr  5 07:34:36 raspberrypi dnsmasq-dhcp[1923]: DHCPOFFER(wlan0) 192.168.5.138 70:d4:f2:a7:68:93 
Apr  5 07:34:36 raspberrypi dnsmasq-dhcp[1923]: DHCPDISCOVER(wlan0) 70:d4:f2:a7:68:93 
Apr  5 07:34:36 raspberrypi dnsmasq-dhcp[1923]: DHCPOFFER(wlan0) 192.168.5.138 70:d4:f2:a7:68:93 
Apr  5 07:34:36 raspberrypi dnsmasq-dhcp[1923]: DHCPREQUEST(wlan0) 192.168.5.138 70:d4:f2:a7:68:93 
Apr  5 07:34:36 raspberrypi dnsmasq-dhcp[1923]: DHCPACK(wlan0) 192.168.5.138 70:d4:f2:a7:68:93 BLACKBERRY-138D
Apr  5 07:35:59 raspberrypi ntpd_intres[3000]: host name not found: 0.debian.pool.ntp.org
Apr  5 07:35:59 raspberrypi ntpd_intres[3000]: host name not found: 1.debian.pool.ntp.org
Apr  5 07:35:59 raspberrypi ntpd_intres[3000]: host name not found: 2.debian.pool.ntp.org
Apr  5 07:35:59 raspberrypi ntpd_intres[3000]: host name not found: 3.debian.pool.ntp.org
Apr  5 07:39:01 raspberrypi /USR/SBIN/CRON[3590]: (root) CMD (  [ -x /usr/lib/php5/maxlifetime ] && [ -d /var/lib/php5 ] && find /var/lib/php5/ -depth -mindepth 1 -maxdepth 1 -type f -ignore_readdir_race -cmin +$(/usr/lib/php5/maxlifetime) ! -execdir fuser -s {} 2>/dev/null \; -delete)
Apr  5 07:40:56 raspberrypi hostapd: wlan0: STA 70:d4:f2:a7:68:93 IEEE 802.11: disassociated due to inactivity
Apr  5 07:40:57 raspberrypi hostapd: wlan0: STA 70:d4:f2:a7:68:93 IEEE 802.11: deauthenticated due to inactivity
Apr  5 07:52:02 raspberrypi ntpd_intres[3000]: host name not found: 0.debian.pool.ntp.org
Apr  5 07:52:02 raspberrypi ntpd_intres[3000]: host name not found: 1.debian.pool.ntp.org
Apr  5 07:52:02 raspberrypi ntpd_intres[3000]: host name not found: 2.debian.pool.ntp.org
Apr  5 07:52:02 raspberrypi ntpd_intres[3000]: host name not found: 3.debian.pool.ntp.org
Apr  5 08:02:31 raspberrypi hostapd: wlan0: STA 70:d4:f2:a7:68:93 IEEE 802.11: authenticated
Apr  5 08:02:31 raspberrypi hostapd: wlan0: STA 70:d4:f2:a7:68:93 IEEE 802.11: associated (aid 1)
Apr  5 08:02:31 raspberrypi hostapd: wlan0: STA 70:d4:f2:a7:68:93 RADIUS: starting accounting session 533F91DB-00000006
Apr  5 08:02:31 raspberrypi dnsmasq-dhcp[1923]: DHCPDISCOVER(wlan0) 70:d4:f2:a7:68:93 
Apr  5 08:02:31 raspberrypi dnsmasq-dhcp[1923]: DHCPOFFER(wlan0) 192.168.5.138 70:d4:f2:a7:68:93 
Apr  5 08:02:32 raspberrypi dnsmasq-dhcp[1923]: DHCPDISCOVER(wlan0) 70:d4:f2:a7:68:93 
Apr  5 08:02:32 raspberrypi dnsmasq-dhcp[1923]: DHCPOFFER(wlan0) 192.168.5.138 70:d4:f2:a7:68:93 
Apr  5 08:02:34 raspberrypi dnsmasq-dhcp[1923]: DHCPDISCOVER(wlan0) 70:d4:f2:a7:68:93 
Apr  5 08:02:34 raspberrypi dnsmasq-dhcp[1923]: DHCPOFFER(wlan0) 192.168.5.138 70:d4:f2:a7:68:93 
Apr  5 08:02:34 raspberrypi dnsmasq-dhcp[1923]: DHCPREQUEST(wlan0) 192.168.5.138 70:d4:f2:a7:68:93 
Apr  5 08:02:34 raspberrypi dnsmasq-dhcp[1923]: DHCPACK(wlan0) 192.168.5.138 70:d4:f2:a7:68:93 BLACKBERRY-138D
Apr  5 08:03:02 raspberrypi hostapd: wlan0: STA 70:d4:f2:a7:68:93 IEEE 802.11: authenticated
Apr  5 08:03:02 raspberrypi hostapd: wlan0: STA 70:d4:f2:a7:68:93 IEEE 802.11: associated (aid 1)
Apr  5 08:03:02 raspberrypi hostapd: wlan0: STA 70:d4:f2:a7:68:93 RADIUS: starting accounting session 533F91DB-00000007
Apr  5 08:08:04 raspberrypi ntpd_intres[3000]: host name not found: 0.debian.pool.ntp.org
Apr  5 08:08:04 raspberrypi ntpd_intres[3000]: host name not found: 1.debian.pool.ntp.org
Apr  5 08:08:04 raspberrypi ntpd_intres[3000]: host name not found: 2.debian.pool.ntp.org
Apr  5 08:08:04 raspberrypi ntpd_intres[3000]: host name not found: 3.debian.pool.ntp.org
Apr  5 08:09:01 raspberrypi /USR/SBIN/CRON[3721]: (root) CMD (  [ -x /usr/lib/php5/maxlifetime ] && [ -d /var/lib/php5 ] && find /var/lib/php5/ -depth -mindepth 1 -maxdepth 1 -type f -ignore_readdir_race -cmin +$(/usr/lib/php5/maxlifetime) ! -execdir fuser -s {} 2>/dev/null \; -delete)
Apr  5 08:17:01 raspberrypi /USR/SBIN/CRON[3742]: (root) CMD (   cd / && run-parts --report /etc/cron.hourly)
Apr  5 08:24:07 raspberrypi ntpd_intres[3000]: host name not found: 0.debian.pool.ntp.org
Apr  5 08:24:07 raspberrypi ntpd_intres[3000]: host name not found: 1.debian.pool.ntp.org
Apr  5 08:24:07 raspberrypi ntpd_intres[3000]: host name not found: 2.debian.pool.ntp.org
Apr  5 08:24:07 raspberrypi ntpd_intres[3000]: host name not found: 3.debian.pool.ntp.org
Apr  5 08:39:01 raspberrypi /USR/SBIN/CRON[3862]: (root) CMD (  [ -x /usr/lib/php5/maxlifetime ] && [ -d /var/lib/php5 ] && find /var/lib/php5/ -depth -mindepth 1 -maxdepth 1 -type f -ignore_readdir_race -cmin +$(/usr/lib/php5/maxlifetime) ! -execdir fuser -s {} 2>/dev/null \; -delete)
Apr  5 08:40:10 raspberrypi ntpd_intres[3000]: host name not found: 0.debian.pool.ntp.org
Apr  5 08:40:10 raspberrypi ntpd_intres[3000]: host name not found: 1.debian.pool.ntp.org
Apr  5 08:40:10 raspberrypi ntpd_intres[3000]: host name not found: 2.debian.pool.ntp.org
Apr  5 08:40:10 raspberrypi ntpd_intres[3000]: host name not found: 3.debian.pool.ntp.org
Apr  5 08:56:13 raspberrypi ntpd_intres[3000]: host name not found: 0.debian.pool.ntp.org
Apr  5 08:56:13 raspberrypi ntpd_intres[3000]: host name not found: 1.debian.pool.ntp.org
Apr  5 08:56:13 raspberrypi ntpd_intres[3000]: host name not found: 2.debian.pool.ntp.org
Apr  5 08:56:13 raspberrypi ntpd_intres[3000]: host name not found: 3.debian.pool.ntp.org
Apr  5 09:09:01 raspberrypi /USR/SBIN/CRON[3992]: (root) CMD (  [ -x /usr/lib/php5/maxlifetime ] && [ -d /var/lib/php5 ] && find /var/lib/php5/ -depth -mindepth 1 -maxdepth 1 -type f -ignore_readdir_race -cmin +$(/usr/lib/php5/maxlifetime) ! -execdir fuser -s {} 2>/dev/null \; -delete)
Apr  5 09:12:16 raspberrypi ntpd_intres[3000]: host name not found: 0.debian.pool.ntp.org
Apr  5 09:12:16 raspberrypi ntpd_intres[3000]: host name not found: 1.debian.pool.ntp.org
Apr  5 09:12:16 raspberrypi ntpd_intres[3000]: host name not found: 2.debian.pool.ntp.org
Apr  5 09:12:16 raspberrypi ntpd_intres[3000]: host name not found: 3.debian.pool.ntp.org
Apr  5 09:17:01 raspberrypi /USR/SBIN/CRON[4011]: (root) CMD (   cd / && run-parts --report /etc/cron.hourly)
Apr  5 09:28:19 raspberrypi ntpd_intres[3000]: host name not found: 0.debian.pool.ntp.org
Apr  5 09:28:19 raspberrypi ntpd_intres[3000]: host name not found: 1.debian.pool.ntp.org
Apr  5 09:28:19 raspberrypi ntpd_intres[3000]: host name not found: 2.debian.pool.ntp.org
Apr  5 09:28:19 raspberrypi ntpd_intres[3000]: host name not found: 3.debian.pool.ntp.org
Apr  5 09:39:01 raspberrypi /USR/SBIN/CRON[4129]: (root) CMD (  [ -x /usr/lib/php5/maxlifetime ] && [ -d /var/lib/php5 ] && find /var/lib/php5/ -depth -mindepth 1 -maxdepth 1 -type f -ignore_readdir_race -cmin +$(/usr/lib/php5/maxlifetime) ! -execdir fuser -s {} 2>/dev/null \; -delete)
Apr  5 09:44:22 raspberrypi ntpd_intres[3000]: host name not found: 0.debian.pool.ntp.org
Apr  5 09:44:22 raspberrypi ntpd_intres[3000]: host name not found: 1.debian.pool.ntp.org
Apr  5 09:44:22 raspberrypi ntpd_intres[3000]: host name not found: 2.debian.pool.ntp.org
Apr  5 09:44:22 raspberrypi ntpd_intres[3000]: host name not found: 3.debian.pool.ntp.org
Apr  5 10:00:09 raspberrypi hostapd: wlan0: STA a4:77:60:e9:a1:78 IEEE 802.11: authenticated
Apr  5 10:00:09 raspberrypi hostapd: wlan0: STA a4:77:60:e9:a1:78 IEEE 802.11: associated (aid 1)
Apr  5 10:00:09 raspberrypi hostapd: wlan0: STA a4:77:60:e9:a1:78 RADIUS: starting accounting session 533F91DB-00000008
Apr  5 10:00:09 raspberrypi hostapd: wlan0: STA a4:77:60:e9:a1:78 IEEE 802.11: associated (aid 1)
Apr  5 10:00:09 raspberrypi hostapd: wlan0: STA a4:77:60:e9:a1:78 RADIUS: starting accounting session 533F91DB-00000009
Apr  5 10:00:09 raspberrypi dnsmasq-dhcp[1923]: DHCPDISCOVER(wlan0) a4:77:60:e9:a1:78 
Apr  5 10:00:09 raspberrypi dnsmasq-dhcp[1923]: DHCPOFFER(wlan0) 192.168.5.206 a4:77:60:e9:a1:78 
Apr  5 10:00:17 raspberrypi dnsmasq-dhcp[1923]: DHCPDISCOVER(wlan0) a4:77:60:e9:a1:78 
Apr  5 10:00:17 raspberrypi dnsmasq-dhcp[1923]: DHCPOFFER(wlan0) 192.168.5.206 a4:77:60:e9:a1:78 
Apr  5 10:00:17 raspberrypi dnsmasq-dhcp[1923]: DHCPREQUEST(wlan0) 192.168.5.206 a4:77:60:e9:a1:78 
Apr  5 10:00:17 raspberrypi dnsmasq-dhcp[1923]: DHCPACK(wlan0) 192.168.5.206 a4:77:60:e9:a1:78 Windows-Phone
Apr  5 10:00:25 raspberrypi ntpd_intres[3000]: host name not found: 0.debian.pool.ntp.org
Apr  5 10:00:25 raspberrypi ntpd_intres[3000]: host name not found: 1.debian.pool.ntp.org
Apr  5 10:00:25 raspberrypi ntpd_intres[3000]: host name not found: 2.debian.pool.ntp.org
Apr  5 10:00:25 raspberrypi ntpd_intres[3000]: host name not found: 3.debian.pool.ntp.org
Apr  5 10:06:03 raspberrypi hostapd: wlan0: STA a4:77:60:e9:a1:78 IEEE 802.11: disassociated due to inactivity
Apr  5 10:06:04 raspberrypi hostapd: wlan0: STA a4:77:60:e9:a1:78 IEEE 802.11: deauthenticated due to inactivity
Apr  5 10:08:52 raspberrypi hostapd: wlan0: STA a4:77:60:e9:a1:78 IEEE 802.11: authenticated
Apr  5 10:08:52 raspberrypi hostapd: wlan0: STA a4:77:60:e9:a1:78 IEEE 802.11: associated (aid 1)
Apr  5 10:08:52 raspberrypi hostapd: wlan0: STA a4:77:60:e9:a1:78 RADIUS: starting accounting session 533F91DB-0000000A
Apr  5 10:08:52 raspberrypi dnsmasq-dhcp[1923]: DHCPDISCOVER(wlan0) a4:77:60:e9:a1:78 
Apr  5 10:08:52 raspberrypi dnsmasq-dhcp[1923]: DHCPOFFER(wlan0) 192.168.5.206 a4:77:60:e9:a1:78 
Apr  5 10:09:01 raspberrypi /USR/SBIN/CRON[4259]: (root) CMD (  [ -x /usr/lib/php5/maxlifetime ] && [ -d /var/lib/php5 ] && find /var/lib/php5/ -depth -mindepth 1 -maxdepth 1 -type f -ignore_readdir_race -cmin +$(/usr/lib/php5/maxlifetime) ! -execdir fuser -s {} 2>/dev/null \; -delete)
Apr  5 10:09:09 raspberrypi dnsmasq-dhcp[1923]: DHCPDISCOVER(wlan0) a4:77:60:e9:a1:78 
Apr  5 10:09:09 raspberrypi dnsmasq-dhcp[1923]: DHCPOFFER(wlan0) 192.168.5.206 a4:77:60:e9:a1:78 
Apr  5 10:09:09 raspberrypi dnsmasq-dhcp[1923]: DHCPREQUEST(wlan0) 192.168.5.206 a4:77:60:e9:a1:78 
Apr  5 10:09:09 raspberrypi dnsmasq-dhcp[1923]: DHCPACK(wlan0) 192.168.5.206 a4:77:60:e9:a1:78 Windows-Phone
Apr  5 10:15:00 raspberrypi hostapd: wlan0: STA a4:77:60:e9:a1:78 IEEE 802.11: authenticated
Apr  5 10:15:00 raspberrypi hostapd: wlan0: STA a4:77:60:e9:a1:78 IEEE 802.11: associated (aid 1)
Apr  5 10:15:00 raspberrypi hostapd: wlan0: STA a4:77:60:e9:a1:78 RADIUS: starting accounting session 533F91DB-0000000B
Apr  5 10:15:00 raspberrypi dnsmasq-dhcp[1923]: DHCPDISCOVER(wlan0) a4:77:60:e9:a1:78 
Apr  5 10:15:00 raspberrypi dnsmasq-dhcp[1923]: DHCPOFFER(wlan0) 192.168.5.206 a4:77:60:e9:a1:78 
Apr  5 10:15:14 raspberrypi hostapd: wlan0: STA a4:77:60:e9:a1:78 IEEE 802.11: authenticated
Apr  5 10:15:14 raspberrypi hostapd: wlan0: STA a4:77:60:e9:a1:78 IEEE 802.11: associated (aid 1)
Apr  5 10:15:14 raspberrypi hostapd: wlan0: STA a4:77:60:e9:a1:78 RADIUS: starting accounting session 533F91DB-0000000C
Apr  5 10:15:14 raspberrypi hostapd: wlan0: STA a4:77:60:e9:a1:78 IEEE 802.11: associated (aid 1)
Apr  5 10:15:14 raspberrypi hostapd: wlan0: STA a4:77:60:e9:a1:78 RADIUS: starting accounting session 533F91DB-0000000D
Apr  5 10:15:14 raspberrypi dnsmasq-dhcp[1923]: DHCPDISCOVER(wlan0) a4:77:60:e9:a1:78 
Apr  5 10:15:14 raspberrypi dnsmasq-dhcp[1923]: DHCPOFFER(wlan0) 192.168.5.206 a4:77:60:e9:a1:78 
Apr  5 10:16:19 raspberrypi hostapd: wlan0: STA a4:77:60:e9:a1:78 IEEE 802.11: authenticated
Apr  5 10:16:19 raspberrypi hostapd: wlan0: STA a4:77:60:e9:a1:78 IEEE 802.11: associated (aid 1)
Apr  5 10:16:19 raspberrypi hostapd: wlan0: STA a4:77:60:e9:a1:78 RADIUS: starting accounting session 533F91DB-0000000E
Apr  5 10:16:28 raspberrypi ntpd_intres[3000]: host name not found: 0.debian.pool.ntp.org
Apr  5 10:16:28 raspberrypi ntpd_intres[3000]: host name not found: 1.debian.pool.ntp.org
Apr  5 10:16:28 raspberrypi ntpd_intres[3000]: host name not found: 2.debian.pool.ntp.org
Apr  5 10:16:28 raspberrypi ntpd_intres[3000]: host name not found: 3.debian.pool.ntp.org
Apr  5 10:17:01 raspberrypi /USR/SBIN/CRON[4278]: (root) CMD (   cd / && run-parts --report /etc/cron.hourly)
Apr  5 10:18:27 raspberrypi hostapd: wlan0: STA a4:77:60:e9:a1:78 IEEE 802.11: authenticated
Apr  5 10:32:31 raspberrypi ntpd_intres[3000]: host name not found: 0.debian.pool.ntp.org
Apr  5 10:32:31 raspberrypi ntpd_intres[3000]: host name not found: 1.debian.pool.ntp.org
Apr  5 10:32:31 raspberrypi ntpd_intres[3000]: host name not found: 2.debian.pool.ntp.org
Apr  5 10:32:31 raspberrypi ntpd_intres[3000]: host name not found: 3.debian.pool.ntp.org
Apr  5 10:34:14 raspberrypi hostapd: wlan0: STA a4:77:60:e9:a1:78 IEEE 802.11: authenticated
Apr  5 10:39:01 raspberrypi /USR/SBIN/CRON[4397]: (root) CMD (  [ -x /usr/lib/php5/maxlifetime ] && [ -d /var/lib/php5 ] && find /var/lib/php5/ -depth -mindepth 1 -maxdepth 1 -type f -ignore_readdir_race -cmin +$(/usr/lib/php5/maxlifetime) ! -execdir fuser -s {} 2>/dev/null \; -delete)
Apr  5 10:39:59 raspberrypi hostapd: wlan0: STA a4:77:60:e9:a1:78 IEEE 802.11: authenticated
Apr  5 10:39:59 raspberrypi hostapd: wlan0: STA a4:77:60:e9:a1:78 IEEE 802.11: associated (aid 1)
Apr  5 10:39:59 raspberrypi hostapd: wlan0: STA a4:77:60:e9:a1:78 RADIUS: starting accounting session 533F91DB-0000000F
Apr  5 10:39:59 raspberrypi dnsmasq-dhcp[1923]: DHCPDISCOVER(wlan0) a4:77:60:e9:a1:78 
Apr  5 10:39:59 raspberrypi dnsmasq-dhcp[1923]: DHCPOFFER(wlan0) 192.168.5.206 a4:77:60:e9:a1:78 
Apr  5 10:40:03 raspberrypi dnsmasq-dhcp[1923]: DHCPDISCOVER(wlan0) a4:77:60:e9:a1:78 
Apr  5 10:40:03 raspberrypi dnsmasq-dhcp[1923]: DHCPOFFER(wlan0) 192.168.5.206 a4:77:60:e9:a1:78 
Apr  5 10:48:33 raspberrypi ntpd_intres[3000]: host name not found: 0.debian.pool.ntp.org
Apr  5 10:48:33 raspberrypi ntpd_intres[3000]: host name not found: 1.debian.pool.ntp.org
Apr  5 10:48:33 raspberrypi ntpd_intres[3000]: host name not found: 2.debian.pool.ntp.org
Apr  5 10:48:33 raspberrypi ntpd_intres[3000]: host name not found: 3.debian.pool.ntp.org
Apr  5 11:04:36 raspberrypi ntpd_intres[3000]: host name not found: 0.debian.pool.ntp.org
Apr  5 11:04:36 raspberrypi ntpd_intres[3000]: host name not found: 1.debian.pool.ntp.org
Apr  5 11:04:36 raspberrypi ntpd_intres[3000]: host name not found: 2.debian.pool.ntp.org
Apr  5 11:04:36 raspberrypi ntpd_intres[3000]: host name not found: 3.debian.pool.ntp.org
Apr  5 11:09:01 raspberrypi /USR/SBIN/CRON[4527]: (root) CMD (  [ -x /usr/lib/php5/maxlifetime ] && [ -d /var/lib/php5 ] && find /var/lib/php5/ -depth -mindepth 1 -maxdepth 1 -type f -ignore_readdir_race -cmin +$(/usr/lib/php5/maxlifetime) ! -execdir fuser -s {} 2>/dev/null \; -delete)
Apr  5 11:17:01 raspberrypi /USR/SBIN/CRON[4546]: (root) CMD (   cd / && run-parts --report /etc/cron.hourly)
Apr  5 11:20:39 raspberrypi ntpd_intres[3000]: host name not found: 0.debian.pool.ntp.org
Apr  5 11:20:39 raspberrypi ntpd_intres[3000]: host name not found: 1.debian.pool.ntp.org
Apr  5 11:20:39 raspberrypi ntpd_intres[3000]: host name not found: 2.debian.pool.ntp.org
Apr  5 11:20:39 raspberrypi ntpd_intres[3000]: host name not found: 3.debian.pool.ntp.org
Apr  5 11:36:42 raspberrypi ntpd_intres[3000]: host name not found: 0.debian.pool.ntp.org
Apr  5 11:36:42 raspberrypi ntpd_intres[3000]: host name not found: 1.debian.pool.ntp.org
Apr  5 11:36:42 raspberrypi ntpd_intres[3000]: host name not found: 2.debian.pool.ntp.org
Apr  5 11:36:42 raspberrypi ntpd_intres[3000]: host name not found: 3.debian.pool.ntp.org
Apr  5 11:39:01 raspberrypi /USR/SBIN/CRON[4666]: (root) CMD (  [ -x /usr/lib/php5/maxlifetime ] && [ -d /var/lib/php5 ] && find /var/lib/php5/ -depth -mindepth 1 -maxdepth 1 -type f -ignore_readdir_race -cmin +$(/usr/lib/php5/maxlifetime) ! -execdir fuser -s {} 2>/dev/null \; -delete)
Apr  5 11:52:45 raspberrypi ntpd_intres[3000]: host name not found: 0.debian.pool.ntp.org
Apr  5 11:52:45 raspberrypi ntpd_intres[3000]: host name not found: 1.debian.pool.ntp.org
Apr  5 11:52:45 raspberrypi ntpd_intres[3000]: host name not found: 2.debian.pool.ntp.org
Apr  5 11:52:45 raspberrypi ntpd_intres[3000]: host name not found: 3.debian.pool.ntp.org
Apr  5 12:08:48 raspberrypi ntpd_intres[3000]: host name not found: 0.debian.pool.ntp.org
Apr  5 12:08:48 raspberrypi ntpd_intres[3000]: host name not found: 1.debian.pool.ntp.org
Apr  5 12:08:48 raspberrypi ntpd_intres[3000]: host name not found: 2.debian.pool.ntp.org
Apr  5 12:08:48 raspberrypi ntpd_intres[3000]: host name not found: 3.debian.pool.ntp.org
Apr  5 12:09:01 raspberrypi /USR/SBIN/CRON[4797]: (root) CMD (  [ -x /usr/lib/php5/maxlifetime ] && [ -d /var/lib/php5 ] && find /var/lib/php5/ -depth -mindepth 1 -maxdepth 1 -type f -ignore_readdir_race -cmin +$(/usr/lib/php5/maxlifetime) ! -execdir fuser -s {} 2>/dev/null \; -delete)
Apr  5 12:17:01 raspberrypi /USR/SBIN/CRON[4815]: (root) CMD (   cd / && run-parts --report /etc/cron.hourly)
Apr  5 12:24:51 raspberrypi ntpd_intres[3000]: host name not found: 0.debian.pool.ntp.org
Apr  5 12:24:51 raspberrypi ntpd_intres[3000]: host name not found: 1.debian.pool.ntp.org
Apr  5 12:24:51 raspberrypi ntpd_intres[3000]: host name not found: 2.debian.pool.ntp.org
Apr  5 12:24:51 raspberrypi ntpd_intres[3000]: host name not found: 3.debian.pool.ntp.org
Apr  5 12:39:01 raspberrypi /USR/SBIN/CRON[4933]: (root) CMD (  [ -x /usr/lib/php5/maxlifetime ] && [ -d /var/lib/php5 ] && find /var/lib/php5/ -depth -mindepth 1 -maxdepth 1 -type f -ignore_readdir_race -cmin +$(/usr/lib/php5/maxlifetime) ! -execdir fuser -s {} 2>/dev/null \; -delete)
Apr  5 12:40:54 raspberrypi ntpd_intres[3000]: host name not found: 0.debian.pool.ntp.org
Apr  5 12:40:54 raspberrypi ntpd_intres[3000]: host name not found: 1.debian.pool.ntp.org
Apr  5 12:40:54 raspberrypi ntpd_intres[3000]: host name not found: 2.debian.pool.ntp.org
Apr  5 12:40:54 raspberrypi ntpd_intres[3000]: host name not found: 3.debian.pool.ntp.org
Apr  5 12:56:57 raspberrypi ntpd_intres[3000]: host name not found: 0.debian.pool.ntp.org
Apr  5 12:56:57 raspberrypi ntpd_intres[3000]: host name not found: 1.debian.pool.ntp.org
Apr  5 12:56:57 raspberrypi ntpd_intres[3000]: host name not found: 2.debian.pool.ntp.org
Apr  5 12:56:57 raspberrypi ntpd_intres[3000]: host name not found: 3.debian.pool.ntp.org
Apr  5 13:09:01 raspberrypi /USR/SBIN/CRON[5063]: (root) CMD (  [ -x /usr/lib/php5/maxlifetime ] && [ -d /var/lib/php5 ] && find /var/lib/php5/ -depth -mindepth 1 -maxdepth 1 -type f -ignore_readdir_race -cmin +$(/usr/lib/php5/maxlifetime) ! -execdir fuser -s {} 2>/dev/null \; -delete)
Apr  5 13:13:00 raspberrypi ntpd_intres[3000]: host name not found: 0.debian.pool.ntp.org
Apr  5 13:13:00 raspberrypi ntpd_intres[3000]: host name not found: 1.debian.pool.ntp.org
Apr  5 13:13:00 raspberrypi ntpd_intres[3000]: host name not found: 2.debian.pool.ntp.org
Apr  5 13:13:00 raspberrypi ntpd_intres[3000]: host name not found: 3.debian.pool.ntp.org
Apr  5 13:17:01 raspberrypi /USR/SBIN/CRON[5081]: (root) CMD (   cd / && run-parts --report /etc/cron.hourly)
Apr  5 13:29:02 raspberrypi ntpd_intres[3000]: host name not found: 0.debian.pool.ntp.org
Apr  5 13:29:02 raspberrypi ntpd_intres[3000]: host name not found: 1.debian.pool.ntp.org
Apr  5 13:29:02 raspberrypi ntpd_intres[3000]: host name not found: 2.debian.pool.ntp.org
Apr  5 13:29:02 raspberrypi ntpd_intres[3000]: host name not found: 3.debian.pool.ntp.org
Apr  5 13:39:01 raspberrypi /USR/SBIN/CRON[5199]: (root) CMD (  [ -x /usr/lib/php5/maxlifetime ] && [ -d /var/lib/php5 ] && find /var/lib/php5/ -depth -mindepth 1 -maxdepth 1 -type f -ignore_readdir_race -cmin +$(/usr/lib/php5/maxlifetime) ! -execdir fuser -s {} 2>/dev/null \; -delete)
Apr  5 13:45:05 raspberrypi ntpd_intres[3000]: host name not found: 0.debian.pool.ntp.org
Apr  5 13:45:05 raspberrypi ntpd_intres[3000]: host name not found: 1.debian.pool.ntp.org
Apr  5 13:45:05 raspberrypi ntpd_intres[3000]: host name not found: 2.debian.pool.ntp.org
Apr  5 13:45:05 raspberrypi ntpd_intres[3000]: host name not found: 3.debian.pool.ntp.org
Apr  5 14:01:08 raspberrypi ntpd_intres[3000]: host name not found: 0.debian.pool.ntp.org
Apr  5 14:01:08 raspberrypi ntpd_intres[3000]: host name not found: 1.debian.pool.ntp.org
Apr  5 14:01:08 raspberrypi ntpd_intres[3000]: host name not found: 2.debian.pool.ntp.org
Apr  5 14:01:08 raspberrypi ntpd_intres[3000]: host name not found: 3.debian.pool.ntp.org
Apr  5 14:09:01 raspberrypi /USR/SBIN/CRON[5329]: (root) CMD (  [ -x /usr/lib/php5/maxlifetime ] && [ -d /var/lib/php5 ] && find /var/lib/php5/ -depth -mindepth 1 -maxdepth 1 -type f -ignore_readdir_race -cmin +$(/usr/lib/php5/maxlifetime) ! -execdir fuser -s {} 2>/dev/null \; -delete)
Apr  5 14:17:01 raspberrypi /USR/SBIN/CRON[5348]: (root) CMD (   cd / && run-parts --report /etc/cron.hourly)
Apr  5 14:17:11 raspberrypi ntpd_intres[3000]: host name not found: 0.debian.pool.ntp.org
Apr  5 14:17:11 raspberrypi ntpd_intres[3000]: host name not found: 1.debian.pool.ntp.org
Apr  5 14:17:11 raspberrypi ntpd_intres[3000]: host name not found: 2.debian.pool.ntp.org
Apr  5 14:17:11 raspberrypi ntpd_intres[3000]: host name not found: 3.debian.pool.ntp.org
Apr  5 14:33:14 raspberrypi ntpd_intres[3000]: host name not found: 0.debian.pool.ntp.org
Apr  5 14:33:14 raspberrypi ntpd_intres[3000]: host name not found: 1.debian.pool.ntp.org
Apr  5 14:33:14 raspberrypi ntpd_intres[3000]: host name not found: 2.debian.pool.ntp.org
Apr  5 14:33:14 raspberrypi ntpd_intres[3000]: host name not found: 3.debian.pool.ntp.org
Apr  5 14:39:01 raspberrypi /USR/SBIN/CRON[5466]: (root) CMD (  [ -x /usr/lib/php5/maxlifetime ] && [ -d /var/lib/php5 ] && find /var/lib/php5/ -depth -mindepth 1 -maxdepth 1 -type f -ignore_readdir_race -cmin +$(/usr/lib/php5/maxlifetime) ! -execdir fuser -s {} 2>/dev/null \; -delete)
Apr  5 14:49:17 raspberrypi ntpd_intres[3000]: host name not found: 0.debian.pool.ntp.org
Apr  5 14:49:17 raspberrypi ntpd_intres[3000]: host name not found: 1.debian.pool.ntp.org
Apr  5 14:49:17 raspberrypi ntpd_intres[3000]: host name not found: 2.debian.pool.ntp.org
Apr  5 14:49:17 raspberrypi ntpd_intres[3000]: host name not found: 3.debian.pool.ntp.org
Apr  5 15:05:20 raspberrypi ntpd_intres[3000]: host name not found: 0.debian.pool.ntp.org
Apr  5 15:05:20 raspberrypi ntpd_intres[3000]: host name not found: 1.debian.pool.ntp.org
Apr  5 15:05:20 raspberrypi ntpd_intres[3000]: host name not found: 2.debian.pool.ntp.org
Apr  5 15:05:20 raspberrypi ntpd_intres[3000]: host name not found: 3.debian.pool.ntp.org
Apr  5 15:09:01 raspberrypi /USR/SBIN/CRON[5596]: (root) CMD (  [ -x /usr/lib/php5/maxlifetime ] && [ -d /var/lib/php5 ] && find /var/lib/php5/ -depth -mindepth 1 -maxdepth 1 -type f -ignore_readdir_race -cmin +$(/usr/lib/php5/maxlifetime) ! -execdir fuser -s {} 2>/dev/null \; -delete)
Apr  5 15:17:01 raspberrypi /USR/SBIN/CRON[5615]: (root) CMD (   cd / && run-parts --report /etc/cron.hourly)
Apr  5 15:21:23 raspberrypi ntpd_intres[3000]: host name not found: 0.debian.pool.ntp.org
Apr  5 15:21:23 raspberrypi ntpd_intres[3000]: host name not found: 1.debian.pool.ntp.org
Apr  5 15:21:23 raspberrypi ntpd_intres[3000]: host name not found: 2.debian.pool.ntp.org
Apr  5 15:21:23 raspberrypi ntpd_intres[3000]: host name not found: 3.debian.pool.ntp.org
Apr  5 15:17:16 raspberrypi kernel: imklog 5.8.11, log source = /proc/kmsg started.
Apr  5 15:17:16 raspberrypi rsyslogd: [origin software="rsyslogd" swVersion="5.8.11" x-pid="1869" x-info="http://www.rsyslog.com"] start
Apr  5 15:17:17 raspberrypi kernel: [    0.000000] Booting Linux on physical CPU 0x0
Apr  5 15:17:17 raspberrypi kernel: [    0.000000] Initializing cgroup subsys cpu
Apr  5 15:17:17 raspberrypi kernel: [    0.000000] Initializing cgroup subsys cpuacct
Apr  5 15:17:17 raspberrypi kernel: [    0.000000] Linux version 3.10.33+ (dc4@dc4-arm-01) (gcc version 4.7.2 20120731 (prerelease) (crosstool-NG linaro-1.13.1+bzr2458 - Linaro GCC 2012.08) ) #654 PREEMPT Fri Mar 7 16:32:08 GMT 2014
Apr  5 15:17:17 raspberrypi kernel: [    0.000000] CPU: ARMv6-compatible processor [410fb767] revision 7 (ARMv7), cr=00c5387d
Apr  5 15:17:17 raspberrypi kernel: [    0.000000] CPU: PIPT / VIPT nonaliasing data cache, VIPT nonaliasing instruction cache
Apr  5 15:17:17 raspberrypi kernel: [    0.000000] Machine: BCM2708
Apr  5 15:17:17 raspberrypi kernel: [    0.000000] cma: CMA: reserved 16 MiB at 1e000000
Apr  5 15:17:17 raspberrypi kernel: [    0.000000] Memory policy: ECC disabled, Data cache writeback
Apr  5 15:17:17 raspberrypi kernel: [    0.000000] On node 0 totalpages: 126976
Apr  5 15:17:17 raspberrypi kernel: [    0.000000] free_area_init_node: node 0, pgdat c05d1ebc, node_mem_map c067e000
Apr  5 15:17:17 raspberrypi kernel: [    0.000000]   Normal zone: 992 pages used for memmap
Apr  5 15:17:17 raspberrypi kernel: [    0.000000]   Normal zone: 0 pages reserved
Apr  5 15:17:17 raspberrypi kernel: [    0.000000]   Normal zone: 126976 pages, LIFO batch:31
Apr  5 15:17:17 raspberrypi kernel: [    0.000000] pcpu-alloc: s0 r0 d32768 u32768 alloc=1*32768
Apr  5 15:17:17 raspberrypi kernel: [    0.000000] pcpu-alloc: [0] 0 
Apr  5 15:17:17 raspberrypi kernel: [    0.000000] Built 1 zonelists in Zone order, mobility grouping on.  Total pages: 125984
Apr  5 15:17:17 raspberrypi kernel: [    0.000000] Kernel command line: dma.dmachans=0x7f35 bcm2708_fb.fbwidth=656 bcm2708_fb.fbheight=416 bcm2708.boardrev=0xe bcm2708.serial=0x161a10fb smsc95xx.macaddr=B8:27:EB:1A:10:FB sdhci-bcm2708.emmc_clock_freq=250000000 vc_mem.mem_base=0x1fa00000 vc_mem.mem_size=0x20000000  dwc_otg.lpm_enable=0 console=ttyAMA0,115200 kgdboc=ttyAMA0,115200 console=tty1 root=/dev/mmcblk0p2 rootfstype=ext4 elevator=deadline rootwait
Apr  5 15:17:17 raspberrypi kernel: [    0.000000] PID hash table entries: 2048 (order: 1, 8192 bytes)
Apr  5 15:17:17 raspberrypi kernel: [    0.000000] Dentry cache hash table entries: 65536 (order: 6, 262144 bytes)
Apr  5 15:17:17 raspberrypi kernel: [    0.000000] Inode-cache hash table entries: 32768 (order: 5, 131072 bytes)
Apr  5 15:17:17 raspberrypi kernel: [    0.000000] Memory: 496MB = 496MB total
Apr  5 15:17:17 raspberrypi kernel: [    0.000000] Memory: 480416k/480416k available, 27488k reserved, 0K highmem
Apr  5 15:17:17 raspberrypi kernel: [    0.000000] Virtual kernel memory layout:
Apr  5 15:17:17 raspberrypi kernel: [    0.000000]     vector  : 0xffff0000 - 0xffff1000   (   4 kB)
Apr  5 15:17:17 raspberrypi kernel: [    0.000000]     fixmap  : 0xfff00000 - 0xfffe0000   ( 896 kB)
